Archive member included to satisfy reference by file (symbol)

../lib/libsys.a(exit.o)       ../lib/crtso.o (exit)
../lib/libsys.a(write.o)      hello.o (write)
../lib/libsys.a(call.o)       ../lib/libsys.a(exit.o) (callm1)
../lib/libsys.a(sendrec.o)    ../lib/libsys.a(call.o) (sendrec)
../lib/libsys.a(message.o)    ../lib/libsys.a(call.o) (M)

Allocating common symbols
Common symbol       size              file

errno               0x2               ../lib/libsys.a(call.o)
M                   0x18              ../lib/libsys.a(message.o)

Discarded input sections

 .comment       0x0000000000000000       0x12 hello.o
 .comment       0x0000000000000000       0x12 ../lib/libsys.a(exit.o)
 .comment       0x0000000000000000       0x12 ../lib/libsys.a(write.o)
 .comment       0x0000000000000000       0x12 ../lib/libsys.a(call.o)
 .comment       0x0000000000000000       0x12 ../lib/libsys.a(message.o)

Memory Configuration

Name             Origin             Length             Attributes
*default*        0x0000000000000000 0xffffffffffffffff

Linker script and memory map


.hdr            0x0000000000000000       0x20
                0x0000000000000000        0x4 LONG 0x4100301
                0x0000000000000004        0x4 LONG 0x20
                0x0000000000000008        0x4 LONG 0x596 (_begdata - _begtext)
                0x000000000000000c        0x4 LONG 0x118 (_begbss - _begdata)
                0x0000000000000010        0x4 LONG 0x1a (_endbss - _begbss)
                0x0000000000000014        0x4 LONG 0x0 start
                0x0000000000000018        0x4 LONG 0x26c8 ((((_endbss - _begtext) + 0x2000) / 0x2) * 0x2)
                0x000000000000001c        0x4 LONG 0x0
                0x0000000000000020                _begintext = ALIGN (0x20)

.text           0x0000000000000000      0x6ae load address 0x0000000000000020
                0x0000000000000000                _begtext = .
 *(.text)
 .text          0x0000000000000000       0x1e ../lib/crtso.o
                0x0000000000000000                start
 .text          0x000000000000001e      0x453 hello.o
                0x000000000000001e                main
 .text          0x0000000000000471       0x1d ../lib/libsys.a(exit.o)
                0x0000000000000471                exit
 .text          0x000000000000048e       0x24 ../lib/libsys.a(write.o)
                0x000000000000048e                write
 .text          0x00000000000004b2       0xc8 ../lib/libsys.a(call.o)
                0x00000000000004b2                callx
                0x00000000000004e1                callm1
                0x0000000000000518                len
                0x0000000000000531                callm3
 .text          0x000000000000057a       0x1c ../lib/libsys.a(sendrec.o)
                0x000000000000057a                send
                0x000000000000057f                receive
                0x0000000000000584                send_rec
                0x0000000000000584                sendrec
 .text          0x0000000000000596        0x0 ../lib/libsys.a(message.o)
                0x0000000000000596                _begdata = .
 *(.data)
 .data          0x0000000000000596        0x4 ../lib/crtso.o
                0x0000000000000596                brksize
                0x0000000000000598                environ
 .data          0x000000000000059a        0x0 hello.o
 .data          0x000000000000059a        0x0 ../lib/libsys.a(exit.o)
 .data          0x000000000000059a        0x0 ../lib/libsys.a(write.o)
 .data          0x000000000000059a        0x0 ../lib/libsys.a(call.o)
 .data          0x000000000000059a        0x0 ../lib/libsys.a(sendrec.o)
 .data          0x000000000000059a        0x0 ../lib/libsys.a(message.o)
 *(.rodata*)
 *fill*         0x000000000000059a        0x2 
 .rodata        0x000000000000059c      0x112 hello.o
                0x00000000000006ae                _begbss = .

.bss            0x00000000000006ae       0x1a load address 0x00000000000006ce
 *(.bss)
 .bss           0x00000000000006ae        0x0 ../lib/crtso.o
 .bss           0x00000000000006ae        0x0 hello.o
 .bss           0x00000000000006ae        0x0 ../lib/libsys.a(exit.o)
 .bss           0x00000000000006ae        0x0 ../lib/libsys.a(write.o)
 .bss           0x00000000000006ae        0x0 ../lib/libsys.a(call.o)
 .bss           0x00000000000006ae        0x0 ../lib/libsys.a(sendrec.o)
 .bss           0x00000000000006ae        0x0 ../lib/libsys.a(message.o)
 *(COMMON)
 COMMON         0x00000000000006ae        0x2 ../lib/libsys.a(call.o)
                0x00000000000006ae                errno
 COMMON         0x00000000000006b0       0x18 ../lib/libsys.a(message.o)
                0x00000000000006b0                M
                0x00000000000006c8                . = ALIGN (0x2)
                0x00000000000006c8                _endbss = .

/DISCARD/
 *(.comment)
                0x0000000000000001                ASSERT ((. <= 0xdff8), Error: too large for a .out file.)
LOAD ../lib/crtso.o
LOAD hello.o
LOAD ../lib/libsys.a
OUTPUT(hello.out binary)
