Archive member included to satisfy reference by file (symbol)

../lib/libsys.a(setjmp.o)     setjmp.o (setjmp)
../lib/libsys.a(exit.o)       ../lib/crtso.o (exit)
../lib/libsys.a(write.o)      setjmp.o (write)
../lib/libsys.a(call.o)       ../lib/libsys.a(exit.o) (callm1)
../lib/libsys.a(strlen.o)     setjmp.o (strlen)
../lib/libsys.a(sendrec.o)    ../lib/libsys.a(call.o) (sendrec)
../lib/libsys.a(message.o)    ../lib/libsys.a(call.o) (M)

Allocating common symbols
Common symbol       size              file

errno               0x2               ../lib/libsys.a(call.o)
buf                 0x6               setjmp.o
M                   0x18              ../lib/libsys.a(message.o)

Discarded input sections

 .comment       0x0000000000000000       0x12 setjmp.o
 .comment       0x0000000000000000       0x12 ../lib/libsys.a(exit.o)
 .comment       0x0000000000000000       0x12 ../lib/libsys.a(write.o)
 .comment       0x0000000000000000       0x12 ../lib/libsys.a(call.o)
 .comment       0x0000000000000000       0x12 ../lib/libsys.a(strlen.o)
 .comment       0x0000000000000000       0x12 ../lib/libsys.a(message.o)

Memory Configuration

Name             Origin             Length             Attributes
*default*        0x0000000000000000 0xffffffffffffffff

Linker script and memory map


.hdr            0x0000000000000000       0x20
                0x0000000000000000        0x4 LONG 0x4100301
                0x0000000000000004        0x4 LONG 0x20
                0x0000000000000008        0x4 LONG 0x21e (_begdata - _begtext)
                0x000000000000000c        0x4 LONG 0x2e (_begbss - _begdata)
                0x0000000000000010        0x4 LONG 0x20 (_endbss - _begbss)
                0x0000000000000014        0x4 LONG 0x0 start
                0x0000000000000018        0x4 LONG 0x226c ((((_endbss - _begtext) + 0x2000) / 0x2) * 0x2)
                0x000000000000001c        0x4 LONG 0x0
                0x0000000000000020                _begintext = ALIGN (0x20)

.text           0x0000000000000000      0x24c load address 0x0000000000000020
                0x0000000000000000                _begtext = .
 *(.text)
 .text          0x0000000000000000       0x1e ../lib/crtso.o
                0x0000000000000000                start
 .text          0x000000000000001e       0x8a setjmp.o
                0x000000000000001e                test
                0x0000000000000055                main
 .text          0x00000000000000a8       0x38 ../lib/libsys.a(setjmp.o)
                0x00000000000000a8                setjmp
                0x00000000000000ba                longjmp
 .text          0x00000000000000e0       0x1d ../lib/libsys.a(exit.o)
                0x00000000000000e0                exit
 .text          0x00000000000000fd       0x24 ../lib/libsys.a(write.o)
                0x00000000000000fd                write
 .text          0x0000000000000121       0xc8 ../lib/libsys.a(call.o)
                0x0000000000000121                callx
                0x0000000000000150                callm1
                0x0000000000000187                len
                0x00000000000001a0                callm3
 .text          0x00000000000001e9       0x19 ../lib/libsys.a(strlen.o)
                0x00000000000001e9                strlen
 .text          0x0000000000000202       0x1c ../lib/libsys.a(sendrec.o)
                0x0000000000000202                send
                0x0000000000000207                receive
                0x000000000000020c                send_rec
                0x000000000000020c                sendrec
 .text          0x000000000000021e        0x0 ../lib/libsys.a(message.o)
                0x000000000000021e                _begdata = .
 *(.data)
 .data          0x000000000000021e        0x4 ../lib/crtso.o
                0x000000000000021e                brksize
                0x0000000000000220                environ
 .data          0x0000000000000222        0x6 setjmp.o
                0x0000000000000222                s1
                0x0000000000000224                s2
                0x0000000000000226                s3
 .data          0x0000000000000228        0x0 ../lib/libsys.a(setjmp.o)
 .data          0x0000000000000228        0x0 ../lib/libsys.a(exit.o)
 .data          0x0000000000000228        0x0 ../lib/libsys.a(write.o)
 .data          0x0000000000000228        0x0 ../lib/libsys.a(call.o)
 .data          0x0000000000000228        0x0 ../lib/libsys.a(strlen.o)
 .data          0x0000000000000228        0x0 ../lib/libsys.a(sendrec.o)
 .data          0x0000000000000228        0x0 ../lib/libsys.a(message.o)
 *(.rodata*)
 .rodata        0x0000000000000228       0x24 setjmp.o
                0x000000000000024c                _begbss = .

.bss            0x000000000000024c       0x20 load address 0x000000000000026c
 *(.bss)
 .bss           0x000000000000024c        0x0 ../lib/crtso.o
 .bss           0x000000000000024c        0x0 setjmp.o
 .bss           0x000000000000024c        0x0 ../lib/libsys.a(setjmp.o)
 .bss           0x000000000000024c        0x0 ../lib/libsys.a(exit.o)
 .bss           0x000000000000024c        0x0 ../lib/libsys.a(write.o)
 .bss           0x000000000000024c        0x0 ../lib/libsys.a(call.o)
 .bss           0x000000000000024c        0x0 ../lib/libsys.a(strlen.o)
 .bss           0x000000000000024c        0x0 ../lib/libsys.a(sendrec.o)
 .bss           0x000000000000024c        0x0 ../lib/libsys.a(message.o)
 *(COMMON)
 COMMON         0x000000000000024c        0x6 setjmp.o
                0x000000000000024c                buf
 COMMON         0x0000000000000252        0x2 ../lib/libsys.a(call.o)
                0x0000000000000252                errno
 COMMON         0x0000000000000254       0x18 ../lib/libsys.a(message.o)
                0x0000000000000254                M
                0x000000000000026c                . = ALIGN (0x2)
                0x000000000000026c                _endbss = .

/DISCARD/
 *(.comment)
                0x0000000000000001                ASSERT ((. <= 0xdff8), Error: too large for a .out file.)
LOAD ../lib/crtso.o
LOAD setjmp.o
LOAD ../lib/libsys.a
OUTPUT(setjmp.out binary)
