Archive member included to satisfy reference by file (symbol)

../lib/libsys.a(setjmp.o)     setjmp.o (setjmp)
../lib/libsys.a(exit.o)       ../lib/crtso.o (exit)
../lib/libsys.a(write.o)      setjmp.o (write)
../lib/libsys.a(call.o)       ../lib/libsys.a(exit.o) (callm1)
../lib/libsys.a(strlen.o)     setjmp.o (strlen)
../lib/libsys.a(sendrec.o)    ../lib/libsys.a(call.o) (sendrec)
../lib/libsys.a(message.o)    ../lib/libsys.a(call.o) (M)

Allocating common symbols
Common symbol       size              file

errno               0x2               ../lib/libsys.a(call.o)
buf                 0x6               setjmp.o
M                   0x18              ../lib/libsys.a(message.o)

Discarded input sections

 .comment       0x0000000000000000       0x12 setjmp.o
 .comment       0x0000000000000000       0x12 ../lib/libsys.a(exit.o)
 .comment       0x0000000000000000       0x12 ../lib/libsys.a(write.o)
 .comment       0x0000000000000000       0x12 ../lib/libsys.a(call.o)
 .comment       0x0000000000000000       0x12 ../lib/libsys.a(strlen.o)
 .comment       0x0000000000000000       0x12 ../lib/libsys.a(message.o)

Memory Configuration

Name             Origin             Length             Attributes
*default*        0x0000000000000000 0xffffffffffffffff

Linker script and memory map


.hdr            0x0000000000000000       0x20
                0x0000000000000000        0x4 LONG 0x4100301
                0x0000000000000004        0x4 LONG 0x20
                0x0000000000000008        0x4 LONG 0x1e4 (_begdata - _begtext)
                0x000000000000000c        0x4 LONG 0x2e (_begbss - _begdata)
                0x0000000000000010        0x4 LONG 0x20 (_endbss - _begbss)
                0x0000000000000014        0x4 LONG 0x0 start
                0x0000000000000018        0x4 LONG 0x1632 ((_endbss - _begtext) + 0x1400)
                0x000000000000001c        0x4 LONG 0x0
                0x0000000000000020                _begintext = ALIGN (0x20)

.text           0x0000000000000000      0x212 load address 0x0000000000000020
                0x0000000000000000                _begtext = .
 *(.text)
 .text          0x0000000000000000       0x1e ../lib/crtso.o
                0x0000000000000000                start
 .text          0x000000000000001e       0x50 setjmp.o
                0x000000000000001e                test
                0x000000000000003a                main
 .text          0x000000000000006e       0x38 ../lib/libsys.a(setjmp.o)
                0x000000000000006e                setjmp
                0x0000000000000080                longjmp
 .text          0x00000000000000a6       0x1d ../lib/libsys.a(exit.o)
                0x00000000000000a6                exit
 .text          0x00000000000000c3       0x24 ../lib/libsys.a(write.o)
                0x00000000000000c3                write
 .text          0x00000000000000e7       0xc8 ../lib/libsys.a(call.o)
                0x00000000000000e7                callx
                0x0000000000000116                callm1
                0x000000000000014d                len
                0x0000000000000166                callm3
 .text          0x00000000000001af       0x19 ../lib/libsys.a(strlen.o)
                0x00000000000001af                strlen
 .text          0x00000000000001c8       0x1c ../lib/libsys.a(sendrec.o)
                0x00000000000001c8                send
                0x00000000000001cd                receive
                0x00000000000001d2                send_rec
                0x00000000000001d2                sendrec
 .text          0x00000000000001e4        0x0 ../lib/libsys.a(message.o)
                0x00000000000001e4                _begdata = .
 *(.data)
 .data          0x00000000000001e4        0x4 ../lib/crtso.o
                0x00000000000001e4                brksize
                0x00000000000001e6                environ
 .data          0x00000000000001e8        0x6 setjmp.o
                0x00000000000001e8                s3
                0x00000000000001ea                s2
                0x00000000000001ec                s1
 .data          0x00000000000001ee        0x0 ../lib/libsys.a(setjmp.o)
 .data          0x00000000000001ee        0x0 ../lib/libsys.a(exit.o)
 .data          0x00000000000001ee        0x0 ../lib/libsys.a(write.o)
 .data          0x00000000000001ee        0x0 ../lib/libsys.a(call.o)
 .data          0x00000000000001ee        0x0 ../lib/libsys.a(strlen.o)
 .data          0x00000000000001ee        0x0 ../lib/libsys.a(sendrec.o)
 .data          0x00000000000001ee        0x0 ../lib/libsys.a(message.o)
 *(.rodata*)
 .rodata.str1.1
                0x00000000000001ee       0x24 setjmp.o
                0x0000000000000212                _begbss = .

.bss            0x0000000000000212       0x20 load address 0x0000000000000232
 *(.bss)
 .bss           0x0000000000000212        0x0 ../lib/crtso.o
 .bss           0x0000000000000212        0x0 setjmp.o
 .bss           0x0000000000000212        0x0 ../lib/libsys.a(setjmp.o)
 .bss           0x0000000000000212        0x0 ../lib/libsys.a(exit.o)
 .bss           0x0000000000000212        0x0 ../lib/libsys.a(write.o)
 .bss           0x0000000000000212        0x0 ../lib/libsys.a(call.o)
 .bss           0x0000000000000212        0x0 ../lib/libsys.a(strlen.o)
 .bss           0x0000000000000212        0x0 ../lib/libsys.a(sendrec.o)
 .bss           0x0000000000000212        0x0 ../lib/libsys.a(message.o)
 *(COMMON)
 COMMON         0x0000000000000212        0x6 setjmp.o
                0x0000000000000212                buf
 COMMON         0x0000000000000218        0x2 ../lib/libsys.a(call.o)
                0x0000000000000218                errno
 COMMON         0x000000000000021a       0x18 ../lib/libsys.a(message.o)
                0x000000000000021a                M
                0x0000000000000232                _endbss = .

/DISCARD/
 *(.comment)
                0x0000000000000001                ASSERT ((. <= 0xebf8), Error: too large for a .out file.)
LOAD ../lib/crtso.o
LOAD setjmp.o
LOAD ../lib/libsys.a
OUTPUT(setjmp.out binary)
