Archive member included to satisfy reference by file (symbol)

../lib/libsys.a(exit.o)       ../lib/crtso.o (exit)
../lib/libsys.a(call.o)       ../lib/libsys.a(exit.o) (callm1)
../lib/libsys.a(sendrec.o)    ../lib/libsys.a(call.o) (sendrec)
../lib/libsys.a(message.o)    ../lib/libsys.a(call.o) (M)

Allocating common symbols
Common symbol       size              file

errno               0x2               ../lib/libsys.a(call.o)
M                   0x18              ../lib/libsys.a(message.o)

Discarded input sections

 .comment       0x0000000000000000       0x12 t10a.o
 .comment       0x0000000000000000       0x12 ../lib/libsys.a(exit.o)
 .comment       0x0000000000000000       0x12 ../lib/libsys.a(call.o)
 .comment       0x0000000000000000       0x12 ../lib/libsys.a(message.o)

Memory Configuration

Name             Origin             Length             Attributes
*default*        0x0000000000000000 0xffffffffffffffff

Linker script and memory map


.hdr            0x0000000000000000       0x20
                0x0000000000000000        0x4 LONG 0x4100301
                0x0000000000000004        0x4 LONG 0x20
                0x0000000000000008        0x4 LONG 0x137 (_begdata - _begtext)
                0x000000000000000c        0x4 LONG 0x4 (_begbss - _begdata)
                0x0000000000000010        0x4 LONG 0x1b (_endbss - _begbss)
                0x0000000000000014        0x4 LONG 0x0 start
                0x0000000000000018        0x4 LONG 0x2156 ((((_endbss - _begtext) + 0x2000) / 0x2) * 0x2)
                0x000000000000001c        0x4 LONG 0x0
                0x0000000000000020                _begintext = ALIGN (0x20)

.text           0x0000000000000000      0x13b load address 0x0000000000000020
                0x0000000000000000                _begtext = .
 *(.text)
 .text          0x0000000000000000       0x1e ../lib/crtso.o
                0x0000000000000000                start
 .text          0x000000000000001e       0x18 t10a.o
                0x000000000000001e                main
 .text          0x0000000000000036       0x1d ../lib/libsys.a(exit.o)
                0x0000000000000036                exit
 .text          0x0000000000000053       0xc8 ../lib/libsys.a(call.o)
                0x0000000000000053                callx
                0x0000000000000082                callm1
                0x00000000000000b9                len
                0x00000000000000d2                callm3
 .text          0x000000000000011b       0x1c ../lib/libsys.a(sendrec.o)
                0x000000000000011b                send
                0x0000000000000120                receive
                0x0000000000000125                send_rec
                0x0000000000000125                sendrec
 .text          0x0000000000000137        0x0 ../lib/libsys.a(message.o)
                0x0000000000000137                _begdata = .
 *(.data)
 .data          0x0000000000000137        0x4 ../lib/crtso.o
                0x0000000000000137                brksize
                0x0000000000000139                environ
 .data          0x000000000000013b        0x0 t10a.o
 .data          0x000000000000013b        0x0 ../lib/libsys.a(exit.o)
 .data          0x000000000000013b        0x0 ../lib/libsys.a(call.o)
 .data          0x000000000000013b        0x0 ../lib/libsys.a(sendrec.o)
 .data          0x000000000000013b        0x0 ../lib/libsys.a(message.o)
 *(.rodata*)
                0x000000000000013b                _begbss = .

.bss            0x000000000000013c       0x1a load address 0x000000000000015c
 *(.bss)
 .bss           0x000000000000013c        0x0 ../lib/crtso.o
 .bss           0x000000000000013c        0x0 t10a.o
 .bss           0x000000000000013c        0x0 ../lib/libsys.a(exit.o)
 .bss           0x000000000000013c        0x0 ../lib/libsys.a(call.o)
 .bss           0x000000000000013c        0x0 ../lib/libsys.a(sendrec.o)
 .bss           0x000000000000013c        0x0 ../lib/libsys.a(message.o)
 *(COMMON)
 COMMON         0x000000000000013c        0x2 ../lib/libsys.a(call.o)
                0x000000000000013c                errno
 COMMON         0x000000000000013e       0x18 ../lib/libsys.a(message.o)
                0x000000000000013e                M
                0x0000000000000156                . = ALIGN (0x2)
                0x0000000000000156                _endbss = .

/DISCARD/
 *(.comment)
                0x0000000000000001                ASSERT ((. <= 0xdff8), Error: too large for a .out file.)
LOAD ../lib/crtso.o
LOAD t10a.o
LOAD ../lib/libsys.a
OUTPUT(t10a.out binary)
