Archive member included to satisfy reference by file (symbol)

../lib/libsys.a(getgid.o)     t11a.o (getgid)
../lib/libsys.a(read.o)       t11a.o (read)
../lib/libsys.a(exit.o)       ../lib/crtso.o (exit)
../lib/libsys.a(open.o)       t11a.o (open)
../lib/libsys.a(getuid.o)     t11a.o (getuid)
../lib/libsys.a(call.o)       ../lib/libsys.a(getgid.o) (callm1)
../lib/libsys.a(sendrec.o)    ../lib/libsys.a(call.o) (sendrec)
../lib/libsys.a(geteuid.o)    t11a.o (geteuid)
../lib/libsys.a(fprintf.o)    t11a.o (printf)
../lib/libsys.a(fflush.o)     ../lib/libsys.a(fprintf.o) (fflush)
../lib/libsys.a(printdat.o)   ../lib/libsys.a(fprintf.o) (_io_table)
../lib/libsys.a(doprintf.o)   ../lib/libsys.a(fprintf.o) (_doprintf)
../lib/libsys.a(putc.o)       ../lib/libsys.a(doprintf.o) (putc)
../lib/libsys.a(getegid.o)    t11a.o (getegid)
../lib/libsys.a(divmodsi3.o)  ../lib/libsys.a(doprintf.o) (__divsi3)
../lib/libsys.a(ldivmod.o)    ../lib/libsys.a(divmodsi3.o) (ldivmod)
../lib/libsys.a(write.o)      ../lib/libsys.a(fflush.o) (write)
../lib/libsys.a(message.o)    ../lib/libsys.a(call.o) (M)
../lib/libsys.a(strlen.o)     ../lib/libsys.a(doprintf.o) (strlen)

Allocating common symbols
Common symbol       size              file

errno               0x2               ../lib/libsys.a(call.o)
__stdin             0x400             ../lib/libsys.a(printdat.o)
M                   0x18              ../lib/libsys.a(message.o)
__stdout            0x400             ../lib/libsys.a(printdat.o)

Discarded input sections

 .comment       0x0000000000000000       0x12 t11a.o
 .comment       0x0000000000000000       0x12 ../lib/libsys.a(getgid.o)
 .comment       0x0000000000000000       0x12 ../lib/libsys.a(read.o)
 .comment       0x0000000000000000       0x12 ../lib/libsys.a(exit.o)
 .comment       0x0000000000000000       0x12 ../lib/libsys.a(open.o)
 .comment       0x0000000000000000       0x12 ../lib/libsys.a(getuid.o)
 .comment       0x0000000000000000       0x12 ../lib/libsys.a(call.o)
 .comment       0x0000000000000000       0x12 ../lib/libsys.a(geteuid.o)
 .comment       0x0000000000000000       0x12 ../lib/libsys.a(fprintf.o)
 .comment       0x0000000000000000       0x12 ../lib/libsys.a(fflush.o)
 .comment       0x0000000000000000       0x12 ../lib/libsys.a(printdat.o)
 .comment       0x0000000000000000       0x12 ../lib/libsys.a(doprintf.o)
 .comment       0x0000000000000000       0x12 ../lib/libsys.a(putc.o)
 .comment       0x0000000000000000       0x12 ../lib/libsys.a(getegid.o)
 .comment       0x0000000000000000       0x12 ../lib/libsys.a(write.o)
 .comment       0x0000000000000000       0x12 ../lib/libsys.a(message.o)
 .comment       0x0000000000000000       0x12 ../lib/libsys.a(strlen.o)

Memory Configuration

Name             Origin             Length             Attributes
*default*        0x0000000000000000 0xffffffffffffffff

Linker script and memory map


.hdr            0x0000000000000000       0x20
                0x0000000000000000        0x4 LONG 0x4100301
                0x0000000000000004        0x4 LONG 0x20
                0x0000000000000008        0x4 LONG 0xb74 (_begdata - _begtext)
                0x000000000000000c        0x4 LONG 0xe6 (_begbss - _begdata)
                0x0000000000000010        0x4 LONG 0x81a (_endbss - _begbss)
                0x0000000000000014        0x4 LONG 0x0 start
                0x0000000000000018        0x4 LONG 0x2874 ((_endbss - _begtext) + 0x1400)
                0x000000000000001c        0x4 LONG 0x0
                0x0000000000000020                _begintext = ALIGN (0x20)

.text           0x0000000000000000      0xc5a load address 0x0000000000000020
                0x0000000000000000                _begtext = .
 *(.text)
 .text          0x0000000000000000       0x1e ../lib/crtso.o
                0x0000000000000000                start
 .text          0x000000000000001e      0x202 t11a.o
                0x000000000000001e                diff
                0x0000000000000042                e
                0x0000000000000056                main
 .text          0x0000000000000220       0x15 ../lib/libsys.a(getgid.o)
                0x0000000000000220                getgid
 .text          0x0000000000000235       0x24 ../lib/libsys.a(read.o)
                0x0000000000000235                read
 .text          0x0000000000000259       0x1d ../lib/libsys.a(exit.o)
                0x0000000000000259                exit
 .text          0x0000000000000276       0x1b ../lib/libsys.a(open.o)
                0x0000000000000276                open
 .text          0x0000000000000291       0x15 ../lib/libsys.a(getuid.o)
                0x0000000000000291                getuid
 .text          0x00000000000002a6       0xc8 ../lib/libsys.a(call.o)
                0x00000000000002a6                callx
                0x00000000000002d5                callm1
                0x000000000000030c                len
                0x0000000000000325                callm3
 .text          0x000000000000036e       0x1c ../lib/libsys.a(sendrec.o)
                0x000000000000036e                send
                0x0000000000000373                receive
                0x0000000000000378                send_rec
                0x0000000000000378                sendrec
 .text          0x000000000000038a       0x1c ../lib/libsys.a(geteuid.o)
                0x000000000000038a                geteuid
 .text          0x00000000000003a6       0x54 ../lib/libsys.a(fprintf.o)
                0x00000000000003a6                fprintf
                0x00000000000003cf                printf
 .text          0x00000000000003fa       0x4d ../lib/libsys.a(fflush.o)
                0x00000000000003fa                fflush
 .text          0x0000000000000447        0x0 ../lib/libsys.a(printdat.o)
 .text          0x0000000000000447      0x4c7 ../lib/libsys.a(doprintf.o)
                0x0000000000000515                _doprintf
 .text          0x000000000000090e       0xb8 ../lib/libsys.a(putc.o)
                0x000000000000090e                putc
 .text          0x00000000000009c6       0x23 ../lib/libsys.a(getegid.o)
                0x00000000000009c6                getegid
 .text          0x00000000000009e9       0x74 ../lib/libsys.a(divmodsi3.o)
                0x00000000000009e9                __divsi3
                0x0000000000000a07                __modsi3
                0x0000000000000a23                __udivsi3
                0x0000000000000a41                __umodsi3
 .text          0x0000000000000a5d       0xda ../lib/libsys.a(ldivmod.o)
                0x0000000000000a5d                ldivmod
                0x0000000000000a79                ludivmod
 .text          0x0000000000000b37       0x24 ../lib/libsys.a(write.o)
                0x0000000000000b37                write
 .text          0x0000000000000b5b        0x0 ../lib/libsys.a(message.o)
 .text          0x0000000000000b5b       0x19 ../lib/libsys.a(strlen.o)
                0x0000000000000b5b                strlen
                0x0000000000000b74                _begdata = .
 *(.data)
 .data          0x0000000000000b74        0x4 ../lib/crtso.o
                0x0000000000000b74                brksize
                0x0000000000000b76                environ
 .data          0x0000000000000b78        0x0 t11a.o
 .data          0x0000000000000b78        0x0 ../lib/libsys.a(getgid.o)
 .data          0x0000000000000b78        0x0 ../lib/libsys.a(read.o)
 .data          0x0000000000000b78        0x0 ../lib/libsys.a(exit.o)
 .data          0x0000000000000b78        0x0 ../lib/libsys.a(open.o)
 .data          0x0000000000000b78        0x0 ../lib/libsys.a(getuid.o)
 .data          0x0000000000000b78        0x0 ../lib/libsys.a(call.o)
 .data          0x0000000000000b78        0x0 ../lib/libsys.a(sendrec.o)
 .data          0x0000000000000b78        0x0 ../lib/libsys.a(geteuid.o)
 .data          0x0000000000000b78        0x0 ../lib/libsys.a(fprintf.o)
 .data          0x0000000000000b78        0x0 ../lib/libsys.a(fflush.o)
 .data          0x0000000000000b78       0x46 ../lib/libsys.a(printdat.o)
                0x0000000000000b78                _io_table
                0x0000000000000ba0                _stderr
                0x0000000000000baa                _stdout
                0x0000000000000bb4                _stdin
 .data          0x0000000000000bbe        0x0 ../lib/libsys.a(doprintf.o)
 .data          0x0000000000000bbe        0x0 ../lib/libsys.a(putc.o)
 .data          0x0000000000000bbe        0x0 ../lib/libsys.a(getegid.o)
 .data          0x0000000000000bbe        0x0 ../lib/libsys.a(divmodsi3.o)
 .data          0x0000000000000bbe        0x0 ../lib/libsys.a(ldivmod.o)
 .data          0x0000000000000bbe        0x0 ../lib/libsys.a(write.o)
 .data          0x0000000000000bbe        0x0 ../lib/libsys.a(message.o)
 .data          0x0000000000000bbe        0x0 ../lib/libsys.a(strlen.o)
 *(.rodata*)
 .rodata.str1.1
                0x0000000000000bbe       0x32 t11a.o
 .rodata        0x0000000000000bf0       0x6a ../lib/libsys.a(doprintf.o)
                0x0000000000000c5a                _begbss = .

.bss            0x0000000000000c5a      0x81a load address 0x0000000000000c7a
 *(.bss)
 .bss           0x0000000000000c5a        0x0 ../lib/crtso.o
 .bss           0x0000000000000c5a        0x0 t11a.o
 .bss           0x0000000000000c5a        0x0 ../lib/libsys.a(getgid.o)
 .bss           0x0000000000000c5a        0x0 ../lib/libsys.a(read.o)
 .bss           0x0000000000000c5a        0x0 ../lib/libsys.a(exit.o)
 .bss           0x0000000000000c5a        0x0 ../lib/libsys.a(open.o)
 .bss           0x0000000000000c5a        0x0 ../lib/libsys.a(getuid.o)
 .bss           0x0000000000000c5a        0x0 ../lib/libsys.a(call.o)
 .bss           0x0000000000000c5a        0x0 ../lib/libsys.a(sendrec.o)
 .bss           0x0000000000000c5a        0x0 ../lib/libsys.a(geteuid.o)
 .bss           0x0000000000000c5a        0x0 ../lib/libsys.a(fprintf.o)
 .bss           0x0000000000000c5a        0x0 ../lib/libsys.a(fflush.o)
 .bss           0x0000000000000c5a        0x0 ../lib/libsys.a(printdat.o)
 .bss           0x0000000000000c5a        0x0 ../lib/libsys.a(doprintf.o)
 .bss           0x0000000000000c5a        0x0 ../lib/libsys.a(putc.o)
 .bss           0x0000000000000c5a        0x0 ../lib/libsys.a(getegid.o)
 .bss           0x0000000000000c5a        0x0 ../lib/libsys.a(divmodsi3.o)
 .bss           0x0000000000000c5a        0x0 ../lib/libsys.a(ldivmod.o)
 .bss           0x0000000000000c5a        0x0 ../lib/libsys.a(write.o)
 .bss           0x0000000000000c5a        0x0 ../lib/libsys.a(message.o)
 .bss           0x0000000000000c5a        0x0 ../lib/libsys.a(strlen.o)
 *(COMMON)
 COMMON         0x0000000000000c5a        0x2 ../lib/libsys.a(call.o)
                0x0000000000000c5a                errno
 COMMON         0x0000000000000c5c      0x800 ../lib/libsys.a(printdat.o)
                0x0000000000000c5c                __stdin
                0x000000000000105c                __stdout
 COMMON         0x000000000000145c       0x18 ../lib/libsys.a(message.o)
                0x000000000000145c                M
                0x0000000000001474                _endbss = .

/DISCARD/
 *(.comment)
                0x0000000000000001                ASSERT ((. <= 0xebf8), Error: too large for a .out file.)
LOAD ../lib/crtso.o
LOAD t11a.o
LOAD ../lib/libsys.a
OUTPUT(t11a.out binary)
