Archive member included to satisfy reference by file (symbol)

../lib/libsys.a(exit.o)       ../lib/crtso.o (exit)
../lib/libsys.a(brk.o)        test6.o (brk)
../lib/libsys.a(message.o)    ../lib/libsys.a(brk.o) (M)
../lib/libsys.a(call.o)       ../lib/libsys.a(exit.o) (callm1)
../lib/libsys.a(perror.o)     test6.o (perror)
../lib/libsys.a(fprintf.o)    test6.o (printf)
../lib/libsys.a(fflush.o)     ../lib/libsys.a(fprintf.o) (fflush)
../lib/libsys.a(printdat.o)   ../lib/libsys.a(fprintf.o) (_io_table)
../lib/libsys.a(doprintf.o)   ../lib/libsys.a(fprintf.o) (_doprintf)
../lib/libsys.a(putc.o)       ../lib/libsys.a(doprintf.o) (putc)
../lib/libsys.a(divmodsi3.o)  ../lib/libsys.a(doprintf.o) (__divsi3)
../lib/libsys.a(ldivmod.o)    ../lib/libsys.a(divmodsi3.o) (ldivmod)
../lib/libsys.a(sendrec.o)    ../lib/libsys.a(call.o) (sendrec)
../lib/libsys.a(write.o)      ../lib/libsys.a(perror.o) (write)
../lib/libsys.a(strlen.o)     ../lib/libsys.a(doprintf.o) (strlen)

Allocating common symbols
Common symbol       size              file

errno               0x2               ../lib/libsys.a(call.o)
__stdin             0x400             ../lib/libsys.a(printdat.o)
errct               0x2               test6.o
M                   0x18              ../lib/libsys.a(message.o)
__stdout            0x400             ../lib/libsys.a(printdat.o)

Discarded input sections

 .comment       0x0000000000000000       0x12 test6.o
 .comment       0x0000000000000000       0x12 ../lib/libsys.a(exit.o)
 .comment       0x0000000000000000       0x12 ../lib/libsys.a(brk.o)
 .comment       0x0000000000000000       0x12 ../lib/libsys.a(message.o)
 .comment       0x0000000000000000       0x12 ../lib/libsys.a(call.o)
 .comment       0x0000000000000000       0x12 ../lib/libsys.a(perror.o)
 .comment       0x0000000000000000       0x12 ../lib/libsys.a(fprintf.o)
 .comment       0x0000000000000000       0x12 ../lib/libsys.a(fflush.o)
 .comment       0x0000000000000000       0x12 ../lib/libsys.a(printdat.o)
 .comment       0x0000000000000000       0x12 ../lib/libsys.a(doprintf.o)
 .comment       0x0000000000000000       0x12 ../lib/libsys.a(putc.o)
 .comment       0x0000000000000000       0x12 ../lib/libsys.a(write.o)
 .comment       0x0000000000000000       0x12 ../lib/libsys.a(strlen.o)

Memory Configuration

Name             Origin             Length             Attributes
*default*        0x0000000000000000 0xffffffffffffffff

Linker script and memory map


.hdr            0x0000000000000000       0x20
                0x0000000000000000        0x4 LONG 0x4100301
                0x0000000000000004        0x4 LONG 0x20
                0x0000000000000008        0x4 LONG 0xd64 (_begdata - _begtext)
                0x000000000000000c        0x4 LONG 0x37e (_begbss - _begdata)
                0x0000000000000010        0x4 LONG 0x81c (_endbss - _begbss)
                0x0000000000000014        0x4 LONG 0x0 start
                0x0000000000000018        0x4 LONG 0x38fe ((((_endbss - _begtext) + 0x2000) / 0x2) * 0x2)
                0x000000000000001c        0x4 LONG 0x0
                0x0000000000000020                _begintext = ALIGN (0x20)

.text           0x0000000000000000     0x10e2 load address 0x0000000000000020
                0x0000000000000000                _begtext = .
 *(.text)
 .text          0x0000000000000000       0x1e ../lib/crtso.o
                0x0000000000000000                start
 .text          0x000000000000001e      0x3cb test6.o
                0x000000000000001e                main
                0x000000000000008c                e
                0x00000000000000b3                test60
 .text          0x00000000000003e9       0x1d ../lib/libsys.a(exit.o)
                0x00000000000003e9                exit
 .text          0x0000000000000406       0x53 ../lib/libsys.a(brk.o)
                0x0000000000000406                brk
                0x0000000000000437                sbrk
 .text          0x0000000000000459        0x0 ../lib/libsys.a(message.o)
 .text          0x0000000000000459       0xc8 ../lib/libsys.a(call.o)
                0x0000000000000459                callx
                0x0000000000000488                callm1
                0x00000000000004bf                len
                0x00000000000004d8                callm3
 .text          0x0000000000000521       0x7c ../lib/libsys.a(perror.o)
                0x0000000000000521                perror
 .text          0x000000000000059d       0x54 ../lib/libsys.a(fprintf.o)
                0x000000000000059d                fprintf
                0x00000000000005c6                printf
 .text          0x00000000000005f1       0x4d ../lib/libsys.a(fflush.o)
                0x00000000000005f1                fflush
 .text          0x000000000000063e        0x0 ../lib/libsys.a(printdat.o)
 .text          0x000000000000063e      0x4c7 ../lib/libsys.a(doprintf.o)
                0x000000000000070c                _doprintf
 .text          0x0000000000000b05       0xb8 ../lib/libsys.a(putc.o)
                0x0000000000000b05                putc
 .text          0x0000000000000bbd       0x74 ../lib/libsys.a(divmodsi3.o)
                0x0000000000000bbd                __divsi3
                0x0000000000000bdb                __modsi3
                0x0000000000000bf7                __udivsi3
                0x0000000000000c15                __umodsi3
 .text          0x0000000000000c31       0xda ../lib/libsys.a(ldivmod.o)
                0x0000000000000c31                ldivmod
                0x0000000000000c4d                ludivmod
 .text          0x0000000000000d0b       0x1c ../lib/libsys.a(sendrec.o)
                0x0000000000000d0b                send
                0x0000000000000d10                receive
                0x0000000000000d15                send_rec
                0x0000000000000d15                sendrec
 .text          0x0000000000000d27       0x24 ../lib/libsys.a(write.o)
                0x0000000000000d27                write
 .text          0x0000000000000d4b       0x19 ../lib/libsys.a(strlen.o)
                0x0000000000000d4b                strlen
                0x0000000000000d64                _begdata = .
 *(.data)
 .data          0x0000000000000d64        0x4 ../lib/crtso.o
                0x0000000000000d64                brksize
                0x0000000000000d66                environ
 .data          0x0000000000000d68        0x0 test6.o
 .data          0x0000000000000d68        0x0 ../lib/libsys.a(exit.o)
 .data          0x0000000000000d68        0x0 ../lib/libsys.a(brk.o)
 .data          0x0000000000000d68        0x0 ../lib/libsys.a(message.o)
 .data          0x0000000000000d68        0x0 ../lib/libsys.a(call.o)
 .data          0x0000000000000d68       0x46 ../lib/libsys.a(perror.o)
                0x0000000000000d68                error_message
 .data          0x0000000000000dae        0x0 ../lib/libsys.a(fprintf.o)
 .data          0x0000000000000dae        0x0 ../lib/libsys.a(fflush.o)
 .data          0x0000000000000dae       0x46 ../lib/libsys.a(printdat.o)
                0x0000000000000dae                _io_table
                0x0000000000000dd6                _stderr
                0x0000000000000de0                _stdout
                0x0000000000000dea                _stdin
 .data          0x0000000000000df4        0x0 ../lib/libsys.a(doprintf.o)
 .data          0x0000000000000df4        0x0 ../lib/libsys.a(putc.o)
 .data          0x0000000000000df4        0x0 ../lib/libsys.a(divmodsi3.o)
 .data          0x0000000000000df4        0x0 ../lib/libsys.a(ldivmod.o)
 .data          0x0000000000000df4        0x0 ../lib/libsys.a(sendrec.o)
 .data          0x0000000000000df4        0x0 ../lib/libsys.a(write.o)
 .data          0x0000000000000df4        0x0 ../lib/libsys.a(strlen.o)
 *(.rodata*)
 .rodata        0x0000000000000df4       0x26 test6.o
 .rodata.str1.1
                0x0000000000000e1a      0x25d ../lib/libsys.a(perror.o)
 *fill*         0x0000000000001077        0x1 
 .rodata        0x0000000000001078       0x6a ../lib/libsys.a(doprintf.o)
                0x00000000000010e2                _begbss = .

.bss            0x00000000000010e2      0x81c load address 0x0000000000001102
 *(.bss)
 .bss           0x00000000000010e2        0x0 ../lib/crtso.o
 .bss           0x00000000000010e2        0x0 test6.o
 .bss           0x00000000000010e2        0x0 ../lib/libsys.a(exit.o)
 .bss           0x00000000000010e2        0x0 ../lib/libsys.a(brk.o)
 .bss           0x00000000000010e2        0x0 ../lib/libsys.a(message.o)
 .bss           0x00000000000010e2        0x0 ../lib/libsys.a(call.o)
 .bss           0x00000000000010e2        0x0 ../lib/libsys.a(perror.o)
 .bss           0x00000000000010e2        0x0 ../lib/libsys.a(fprintf.o)
 .bss           0x00000000000010e2        0x0 ../lib/libsys.a(fflush.o)
 .bss           0x00000000000010e2        0x0 ../lib/libsys.a(printdat.o)
 .bss           0x00000000000010e2        0x0 ../lib/libsys.a(doprintf.o)
 .bss           0x00000000000010e2        0x0 ../lib/libsys.a(putc.o)
 .bss           0x00000000000010e2        0x0 ../lib/libsys.a(divmodsi3.o)
 .bss           0x00000000000010e2        0x0 ../lib/libsys.a(ldivmod.o)
 .bss           0x00000000000010e2        0x0 ../lib/libsys.a(sendrec.o)
 .bss           0x00000000000010e2        0x0 ../lib/libsys.a(write.o)
 .bss           0x00000000000010e2        0x0 ../lib/libsys.a(strlen.o)
 *(COMMON)
 COMMON         0x00000000000010e2        0x2 test6.o
                0x00000000000010e2                errct
 COMMON         0x00000000000010e4       0x18 ../lib/libsys.a(message.o)
                0x00000000000010e4                M
 COMMON         0x00000000000010fc        0x2 ../lib/libsys.a(call.o)
                0x00000000000010fc                errno
 COMMON         0x00000000000010fe      0x800 ../lib/libsys.a(printdat.o)
                0x00000000000010fe                __stdin
                0x00000000000014fe                __stdout
                0x00000000000018fe                . = ALIGN (0x2)
                0x00000000000018fe                _endbss = .

/DISCARD/
 *(.comment)
                0x0000000000000001                ASSERT ((. <= 0xdff8), Error: too large for a .out file.)
LOAD ../lib/crtso.o
LOAD test6.o
LOAD ../lib/libsys.a
OUTPUT(test6.out binary)
