Archive member included to satisfy reference by file (symbol)

../lib/libsys.a(setjmp.o)     test9.o (setjmp)
../lib/libsys.a(kill.o)       test9.o (kill)
../lib/libsys.a(exit.o)       ../lib/crtso.o (exit)
../lib/libsys.a(getpid.o)     test9.o (getpid)
../lib/libsys.a(signal.o)     test9.o (signal)
../lib/libsys.a(message.o)    ../lib/libsys.a(signal.o) (M)
../lib/libsys.a(call.o)       ../lib/libsys.a(signal.o) (callx)
../lib/libsys.a(fprintf.o)    test9.o (fprintf)
../lib/libsys.a(fflush.o)     ../lib/libsys.a(fprintf.o) (fflush)
../lib/libsys.a(printdat.o)   test9.o (_io_table)
../lib/libsys.a(doprintf.o)   ../lib/libsys.a(fprintf.o) (_doprintf)
../lib/libsys.a(putc.o)       ../lib/libsys.a(doprintf.o) (putc)
../lib/libsys.a(divmodsi3.o)  ../lib/libsys.a(doprintf.o) (__divsi3)
../lib/libsys.a(ldivmod.o)    ../lib/libsys.a(divmodsi3.o) (ldivmod)
../lib/libsys.a(catchsig.o)   ../lib/libsys.a(signal.o) (begsig)
../lib/libsys.a(sendrec.o)    ../lib/libsys.a(call.o) (sendrec)
../lib/libsys.a(write.o)      ../lib/libsys.a(fflush.o) (write)
../lib/libsys.a(strlen.o)     ../lib/libsys.a(doprintf.o) (strlen)

Allocating common symbols
Common symbol       size              file

vectab              0x20              ../lib/libsys.a(signal.o)
errno               0x2               ../lib/libsys.a(call.o)
nerrors             0x2               test9.o
__stdin             0x400             ../lib/libsys.a(printdat.o)
buf                 0x200             test9.o
env                 0x6               test9.o
M                   0x18              ../lib/libsys.a(message.o)
__stdout            0x400             ../lib/libsys.a(printdat.o)
whichtest           0x2               test9.o
tmpa                0x2               test9.o

Discarded input sections

 .comment       0x0000000000000000       0x12 test9.o
 .comment       0x0000000000000000       0x12 ../lib/libsys.a(kill.o)
 .comment       0x0000000000000000       0x12 ../lib/libsys.a(exit.o)
 .comment       0x0000000000000000       0x12 ../lib/libsys.a(getpid.o)
 .comment       0x0000000000000000       0x12 ../lib/libsys.a(signal.o)
 .comment       0x0000000000000000       0x12 ../lib/libsys.a(message.o)
 .comment       0x0000000000000000       0x12 ../lib/libsys.a(call.o)
 .comment       0x0000000000000000       0x12 ../lib/libsys.a(fprintf.o)
 .comment       0x0000000000000000       0x12 ../lib/libsys.a(fflush.o)
 .comment       0x0000000000000000       0x12 ../lib/libsys.a(printdat.o)
 .comment       0x0000000000000000       0x12 ../lib/libsys.a(doprintf.o)
 .comment       0x0000000000000000       0x12 ../lib/libsys.a(putc.o)
 .comment       0x0000000000000000       0x12 ../lib/libsys.a(write.o)
 .comment       0x0000000000000000       0x12 ../lib/libsys.a(strlen.o)

Memory Configuration

Name             Origin             Length             Attributes
*default*        0x0000000000000000 0xffffffffffffffff

Linker script and memory map


.hdr            0x0000000000000000       0x20
                0x0000000000000000        0x4 LONG 0x4100301
                0x0000000000000004        0x4 LONG 0x20
                0x0000000000000008        0x4 LONG 0x10fb (_begdata - _begtext)
                0x000000000000000c        0x4 LONG 0x197 (_begbss - _begdata)
                0x0000000000000010        0x4 LONG 0xa46 (_endbss - _begbss)
                0x0000000000000014        0x4 LONG 0x0 start
                0x0000000000000018        0x4 LONG 0x3cd8 ((((_endbss - _begtext) + 0x2000) / 0x2) * 0x2)
                0x000000000000001c        0x4 LONG 0x0
                0x0000000000000020                _begintext = ALIGN (0x20)

.text           0x0000000000000000     0x1292 load address 0x0000000000000020
                0x0000000000000000                _begtext = .
 *(.text)
 .text          0x0000000000000000       0x1e ../lib/crtso.o
                0x0000000000000000                start
 .text          0x000000000000001e      0x752 test9.o
                0x000000000000001e                main
                0x0000000000000104                e
                0x0000000000000133                test1
                0x000000000000016b                test2
                0x00000000000001c0                test3
                0x0000000000000232                test4
                0x000000000000026a                test5
                0x00000000000002bf                test6
                0x0000000000000331                addr
                0x0000000000000344                garbage
                0x0000000000000694                level1
                0x00000000000006bb                level2
                0x00000000000006e4                dolev
                0x000000000000070c                catch
                0x000000000000071c                hard
 .text          0x0000000000000770       0x38 ../lib/libsys.a(setjmp.o)
                0x0000000000000770                setjmp
                0x0000000000000782                longjmp
 .text          0x00000000000007a8       0x1f ../lib/libsys.a(kill.o)
                0x00000000000007a8                kill
 .text          0x00000000000007c7       0x1d ../lib/libsys.a(exit.o)
                0x00000000000007c7                exit
 .text          0x00000000000007e4       0x15 ../lib/libsys.a(getpid.o)
                0x00000000000007e4                getpid
 .text          0x00000000000007f9       0x42 ../lib/libsys.a(signal.o)
                0x00000000000007f9                signal
 .text          0x000000000000083b        0x0 ../lib/libsys.a(message.o)
 .text          0x000000000000083b       0xc8 ../lib/libsys.a(call.o)
                0x000000000000083b                callx
                0x000000000000086a                callm1
                0x00000000000008a1                len
                0x00000000000008ba                callm3
 .text          0x0000000000000903       0x54 ../lib/libsys.a(fprintf.o)
                0x0000000000000903                fprintf
                0x000000000000092c                printf
 .text          0x0000000000000957       0x4d ../lib/libsys.a(fflush.o)
                0x0000000000000957                fflush
 .text          0x00000000000009a4        0x0 ../lib/libsys.a(printdat.o)
 .text          0x00000000000009a4      0x4c7 ../lib/libsys.a(doprintf.o)
                0x0000000000000a72                _doprintf
 .text          0x0000000000000e6b       0xb8 ../lib/libsys.a(putc.o)
                0x0000000000000e6b                putc
 .text          0x0000000000000f23       0x74 ../lib/libsys.a(divmodsi3.o)
                0x0000000000000f23                __divsi3
                0x0000000000000f41                __modsi3
                0x0000000000000f5d                __udivsi3
                0x0000000000000f7b                __umodsi3
 .text          0x0000000000000f97       0xda ../lib/libsys.a(ldivmod.o)
                0x0000000000000f97                ldivmod
                0x0000000000000fb3                ludivmod
 .text          0x0000000000001071       0x31 ../lib/libsys.a(catchsig.o)
                0x0000000000001071                begsig
 .text          0x00000000000010a2       0x1c ../lib/libsys.a(sendrec.o)
                0x00000000000010a2                send
                0x00000000000010a7                receive
                0x00000000000010ac                send_rec
                0x00000000000010ac                sendrec
 .text          0x00000000000010be       0x24 ../lib/libsys.a(write.o)
                0x00000000000010be                write
 .text          0x00000000000010e2       0x19 ../lib/libsys.a(strlen.o)
                0x00000000000010e2                strlen
                0x00000000000010fb                _begdata = .
 *(.data)
 .data          0x00000000000010fb        0x4 ../lib/crtso.o
                0x00000000000010fb                brksize
                0x00000000000010fd                environ
 .data          0x00000000000010ff        0x0 test9.o
 .data          0x00000000000010ff        0x0 ../lib/libsys.a(setjmp.o)
 .data          0x00000000000010ff        0x0 ../lib/libsys.a(kill.o)
 .data          0x00000000000010ff        0x0 ../lib/libsys.a(exit.o)
 .data          0x00000000000010ff        0x0 ../lib/libsys.a(getpid.o)
 .data          0x00000000000010ff        0x0 ../lib/libsys.a(signal.o)
 .data          0x00000000000010ff        0x0 ../lib/libsys.a(message.o)
 .data          0x00000000000010ff        0x0 ../lib/libsys.a(call.o)
 .data          0x00000000000010ff        0x0 ../lib/libsys.a(fprintf.o)
 .data          0x00000000000010ff        0x0 ../lib/libsys.a(fflush.o)
 *fill*         0x00000000000010ff        0x1 
 .data          0x0000000000001100       0x46 ../lib/libsys.a(printdat.o)
                0x0000000000001100                _io_table
                0x0000000000001128                _stderr
                0x0000000000001132                _stdout
                0x000000000000113c                _stdin
 .data          0x0000000000001146        0x0 ../lib/libsys.a(doprintf.o)
 .data          0x0000000000001146        0x0 ../lib/libsys.a(putc.o)
 .data          0x0000000000001146        0x0 ../lib/libsys.a(divmodsi3.o)
 .data          0x0000000000001146        0x0 ../lib/libsys.a(ldivmod.o)
 .data          0x0000000000001146        0x2 ../lib/libsys.a(catchsig.o)
 .data          0x0000000000001148        0x0 ../lib/libsys.a(sendrec.o)
 .data          0x0000000000001148        0x0 ../lib/libsys.a(write.o)
 .data          0x0000000000001148        0x0 ../lib/libsys.a(strlen.o)
 *(.rodata*)
 .rodata        0x0000000000001148       0xde test9.o
 *fill*         0x0000000000001226        0x2 
 .rodata        0x0000000000001228       0x6a ../lib/libsys.a(doprintf.o)
                0x0000000000001292                _begbss = .

.bss            0x0000000000001292      0xa46 load address 0x00000000000012b2
 *(.bss)
 .bss           0x0000000000001292        0x0 ../lib/crtso.o
 .bss           0x0000000000001292        0x0 test9.o
 .bss           0x0000000000001292        0x0 ../lib/libsys.a(setjmp.o)
 .bss           0x0000000000001292        0x0 ../lib/libsys.a(kill.o)
 .bss           0x0000000000001292        0x0 ../lib/libsys.a(exit.o)
 .bss           0x0000000000001292        0x0 ../lib/libsys.a(getpid.o)
 .bss           0x0000000000001292        0x0 ../lib/libsys.a(signal.o)
 .bss           0x0000000000001292        0x0 ../lib/libsys.a(message.o)
 .bss           0x0000000000001292        0x0 ../lib/libsys.a(call.o)
 .bss           0x0000000000001292        0x0 ../lib/libsys.a(fprintf.o)
 .bss           0x0000000000001292        0x0 ../lib/libsys.a(fflush.o)
 .bss           0x0000000000001292        0x0 ../lib/libsys.a(printdat.o)
 .bss           0x0000000000001292        0x0 ../lib/libsys.a(doprintf.o)
 .bss           0x0000000000001292        0x0 ../lib/libsys.a(putc.o)
 .bss           0x0000000000001292        0x0 ../lib/libsys.a(divmodsi3.o)
 .bss           0x0000000000001292        0x0 ../lib/libsys.a(ldivmod.o)
 .bss           0x0000000000001292        0x0 ../lib/libsys.a(catchsig.o)
 .bss           0x0000000000001292        0x0 ../lib/libsys.a(sendrec.o)
 .bss           0x0000000000001292        0x0 ../lib/libsys.a(write.o)
 .bss           0x0000000000001292        0x0 ../lib/libsys.a(strlen.o)
 *(COMMON)
 COMMON         0x0000000000001292      0x20c test9.o
                0x0000000000001292                nerrors
                0x0000000000001294                buf
                0x0000000000001494                env
                0x000000000000149a                whichtest
                0x000000000000149c                tmpa
 COMMON         0x000000000000149e       0x20 ../lib/libsys.a(signal.o)
                0x000000000000149e                vectab
 COMMON         0x00000000000014be       0x18 ../lib/libsys.a(message.o)
                0x00000000000014be                M
 COMMON         0x00000000000014d6        0x2 ../lib/libsys.a(call.o)
                0x00000000000014d6                errno
 COMMON         0x00000000000014d8      0x800 ../lib/libsys.a(printdat.o)
                0x00000000000014d8                __stdin
                0x00000000000018d8                __stdout
                0x0000000000001cd8                . = ALIGN (0x2)
                0x0000000000001cd8                _endbss = .

/DISCARD/
 *(.comment)
                0x0000000000000001                ASSERT ((. <= 0xdff8), Error: too large for a .out file.)
LOAD ../lib/crtso.o
LOAD test9.o
LOAD ../lib/libsys.a
OUTPUT(test9.out binary)
