Archive member included to satisfy reference by file (symbol)

../lib/libsys.a(close.o)      test0.o (close)
../lib/libsys.a(read.o)       test0.o (read)
../lib/libsys.a(stat.o)       test0.o (stat)
../lib/libsys.a(creat.o)      test0.o (creat)
../lib/libsys.a(exit.o)       ../lib/crtso.o (exit)
../lib/libsys.a(link.o)       test0.o (link)
../lib/libsys.a(open.o)       test0.o (open)
../lib/libsys.a(umask.o)      test0.o (umask)
../lib/libsys.a(lseek.o)      test0.o (lseek)
../lib/libsys.a(write.o)      test0.o (write)
../lib/libsys.a(dup.o)        test0.o (dup)
../lib/libsys.a(fstat.o)      test0.o (fstat)
../lib/libsys.a(unlink.o)     test0.o (unlink)
../lib/libsys.a(message.o)    ../lib/libsys.a(lseek.o) (M)
../lib/libsys.a(call.o)       ../lib/libsys.a(lseek.o) (callx)
../lib/libsys.a(perror.o)     test0.o (perror)
../lib/libsys.a(fprintf.o)    test0.o (printf)
../lib/libsys.a(fflush.o)     ../lib/libsys.a(fprintf.o) (fflush)
../lib/libsys.a(printdat.o)   ../lib/libsys.a(fprintf.o) (_io_table)
../lib/libsys.a(doprintf.o)   ../lib/libsys.a(fprintf.o) (_doprintf)
../lib/libsys.a(putc.o)       ../lib/libsys.a(doprintf.o) (putc)
../lib/libsys.a(divmodsi3.o)  ../lib/libsys.a(doprintf.o) (__divsi3)
../lib/libsys.a(ldivmod.o)    ../lib/libsys.a(divmodsi3.o) (ldivmod)
../lib/libsys.a(sendrec.o)    ../lib/libsys.a(call.o) (sendrec)
../lib/libsys.a(strlen.o)     ../lib/libsys.a(doprintf.o) (strlen)

Allocating common symbols
Common symbol       size              file

errno               0x2               ../lib/libsys.a(call.o)
aa                  0x64              test0.o
__stdin             0x400             ../lib/libsys.a(printdat.o)
testnr              0x2               test0.o
t1                  0x4               test0.o
errct               0x2               test0.o
M                   0x18              ../lib/libsys.a(message.o)
__stdout            0x400             ../lib/libsys.a(printdat.o)

Discarded input sections

 .comment       0x0000000000000000       0x12 test0.o
 .comment       0x0000000000000000       0x12 ../lib/libsys.a(close.o)
 .comment       0x0000000000000000       0x12 ../lib/libsys.a(read.o)
 .comment       0x0000000000000000       0x12 ../lib/libsys.a(stat.o)
 .comment       0x0000000000000000       0x12 ../lib/libsys.a(creat.o)
 .comment       0x0000000000000000       0x12 ../lib/libsys.a(exit.o)
 .comment       0x0000000000000000       0x12 ../lib/libsys.a(link.o)
 .comment       0x0000000000000000       0x12 ../lib/libsys.a(open.o)
 .comment       0x0000000000000000       0x12 ../lib/libsys.a(umask.o)
 .comment       0x0000000000000000       0x12 ../lib/libsys.a(lseek.o)
 .comment       0x0000000000000000       0x12 ../lib/libsys.a(write.o)
 .comment       0x0000000000000000       0x12 ../lib/libsys.a(dup.o)
 .comment       0x0000000000000000       0x12 ../lib/libsys.a(fstat.o)
 .comment       0x0000000000000000       0x12 ../lib/libsys.a(unlink.o)
 .comment       0x0000000000000000       0x12 ../lib/libsys.a(message.o)
 .comment       0x0000000000000000       0x12 ../lib/libsys.a(call.o)
 .comment       0x0000000000000000       0x12 ../lib/libsys.a(perror.o)
 .comment       0x0000000000000000       0x12 ../lib/libsys.a(fprintf.o)
 .comment       0x0000000000000000       0x12 ../lib/libsys.a(fflush.o)
 .comment       0x0000000000000000       0x12 ../lib/libsys.a(printdat.o)
 .comment       0x0000000000000000       0x12 ../lib/libsys.a(doprintf.o)
 .comment       0x0000000000000000       0x12 ../lib/libsys.a(putc.o)
 .comment       0x0000000000000000       0x12 ../lib/libsys.a(strlen.o)

Memory Configuration

Name             Origin             Length             Attributes
*default*        0x0000000000000000 0xffffffffffffffff

Linker script and memory map


.hdr            0x0000000000000000       0x20
                0x0000000000000000        0x4 LONG 0x4100301
                0x0000000000000004        0x4 LONG 0x20
                0x0000000000000008        0x4 LONG 0x1895 (_begdata - _begtext)
                0x000000000000000c        0x4 LONG 0x421 (_begbss - _begdata)
                0x0000000000000010        0x4 LONG 0x886 (_endbss - _begbss)
                0x0000000000000014        0x4 LONG 0x0 start
                0x0000000000000018        0x4 LONG 0x393c ((_endbss - _begtext) + 0x1400)
                0x000000000000001c        0x4 LONG 0x0
                0x0000000000000020                _begintext = ALIGN (0x20)

.text           0x0000000000000000     0x1cb6 load address 0x0000000000000020
                0x0000000000000000                _begtext = .
 *(.text)
 .text          0x0000000000000000       0x1e ../lib/crtso.o
                0x0000000000000000                start
 .text          0x000000000000001e      0xdbc test0.o
                0x000000000000002d                e
                0x0000000000000054                test00
                0x0000000000000853                test01
                0x0000000000000d99                main
 .text          0x0000000000000dda       0x20 ../lib/libsys.a(close.o)
                0x0000000000000dda                close
 .text          0x0000000000000dfa       0x24 ../lib/libsys.a(read.o)
                0x0000000000000dfa                read
 .text          0x0000000000000e1e       0x29 ../lib/libsys.a(stat.o)
                0x0000000000000e1e                stat
 .text          0x0000000000000e47       0x1b ../lib/libsys.a(creat.o)
                0x0000000000000e47                creat
 .text          0x0000000000000e62       0x1d ../lib/libsys.a(exit.o)
                0x0000000000000e62                exit
 .text          0x0000000000000e7f       0x34 ../lib/libsys.a(link.o)
                0x0000000000000e7f                link
 .text          0x0000000000000eb3       0x1b ../lib/libsys.a(open.o)
                0x0000000000000eb3                open
 .text          0x0000000000000ece       0x20 ../lib/libsys.a(umask.o)
                0x0000000000000ece                umask
 .text          0x0000000000000eee       0x3e ../lib/libsys.a(lseek.o)
                0x0000000000000eee                lseek
 .text          0x0000000000000f2c       0x24 ../lib/libsys.a(write.o)
                0x0000000000000f2c                write
 .text          0x0000000000000f50       0x20 ../lib/libsys.a(dup.o)
                0x0000000000000f50                dup
 .text          0x0000000000000f70       0x22 ../lib/libsys.a(fstat.o)
                0x0000000000000f70                fstat
 .text          0x0000000000000f92       0x1c ../lib/libsys.a(unlink.o)
                0x0000000000000f92                unlink
 .text          0x0000000000000fae        0x0 ../lib/libsys.a(message.o)
 .text          0x0000000000000fae       0xc8 ../lib/libsys.a(call.o)
                0x0000000000000fae                callx
                0x0000000000000fdd                callm1
                0x0000000000001014                len
                0x000000000000102d                callm3
 .text          0x0000000000001076       0x7c ../lib/libsys.a(perror.o)
                0x0000000000001076                perror
 .text          0x00000000000010f2       0x54 ../lib/libsys.a(fprintf.o)
                0x00000000000010f2                fprintf
                0x000000000000111b                printf
 .text          0x0000000000001146       0x4d ../lib/libsys.a(fflush.o)
                0x0000000000001146                fflush
 .text          0x0000000000001193        0x0 ../lib/libsys.a(printdat.o)
 .text          0x0000000000001193      0x4c7 ../lib/libsys.a(doprintf.o)
                0x0000000000001261                _doprintf
 .text          0x000000000000165a       0xb8 ../lib/libsys.a(putc.o)
                0x000000000000165a                putc
 .text          0x0000000000001712       0x74 ../lib/libsys.a(divmodsi3.o)
                0x0000000000001712                __divsi3
                0x0000000000001730                __modsi3
                0x000000000000174c                __udivsi3
                0x000000000000176a                __umodsi3
 .text          0x0000000000001786       0xda ../lib/libsys.a(ldivmod.o)
                0x0000000000001786                ldivmod
                0x00000000000017a2                ludivmod
 .text          0x0000000000001860       0x1c ../lib/libsys.a(sendrec.o)
                0x0000000000001860                send
                0x0000000000001865                receive
                0x000000000000186a                send_rec
                0x000000000000186a                sendrec
 .text          0x000000000000187c       0x19 ../lib/libsys.a(strlen.o)
                0x000000000000187c                strlen
                0x0000000000001895                _begdata = .
 *(.data)
 .data          0x0000000000001895        0x4 ../lib/crtso.o
                0x0000000000001895                brksize
                0x0000000000001897                environ
 .data          0x0000000000001899        0xc test0.o
                0x0000000000001899                d
                0x000000000000189d                c
                0x00000000000018a1                b
 .data          0x00000000000018a5        0x0 ../lib/libsys.a(close.o)
 .data          0x00000000000018a5        0x0 ../lib/libsys.a(read.o)
 .data          0x00000000000018a5        0x0 ../lib/libsys.a(stat.o)
 .data          0x00000000000018a5        0x0 ../lib/libsys.a(creat.o)
 .data          0x00000000000018a5        0x0 ../lib/libsys.a(exit.o)
 .data          0x00000000000018a5        0x0 ../lib/libsys.a(link.o)
 .data          0x00000000000018a5        0x0 ../lib/libsys.a(open.o)
 .data          0x00000000000018a5        0x0 ../lib/libsys.a(umask.o)
 .data          0x00000000000018a5        0x0 ../lib/libsys.a(lseek.o)
 .data          0x00000000000018a5        0x0 ../lib/libsys.a(write.o)
 .data          0x00000000000018a5        0x0 ../lib/libsys.a(dup.o)
 .data          0x00000000000018a5        0x0 ../lib/libsys.a(fstat.o)
 .data          0x00000000000018a5        0x0 ../lib/libsys.a(unlink.o)
 .data          0x00000000000018a5        0x0 ../lib/libsys.a(message.o)
 .data          0x00000000000018a5        0x0 ../lib/libsys.a(call.o)
 *fill*         0x00000000000018a5        0x1 
 .data          0x00000000000018a6       0x46 ../lib/libsys.a(perror.o)
                0x00000000000018a6                error_message
 .data          0x00000000000018ec        0x0 ../lib/libsys.a(fprintf.o)
 .data          0x00000000000018ec        0x0 ../lib/libsys.a(fflush.o)
 .data          0x00000000000018ec       0x46 ../lib/libsys.a(printdat.o)
                0x00000000000018ec                _io_table
                0x0000000000001914                _stderr
                0x000000000000191e                _stdout
                0x0000000000001928                _stdin
 .data          0x0000000000001932        0x0 ../lib/libsys.a(doprintf.o)
 .data          0x0000000000001932        0x0 ../lib/libsys.a(putc.o)
 .data          0x0000000000001932        0x0 ../lib/libsys.a(divmodsi3.o)
 .data          0x0000000000001932        0x0 ../lib/libsys.a(ldivmod.o)
 .data          0x0000000000001932        0x0 ../lib/libsys.a(sendrec.o)
 .data          0x0000000000001932        0x0 ../lib/libsys.a(strlen.o)
 *(.rodata*)
 .rodata.str1.1
                0x0000000000001932       0xbc test0.o
 .rodata.str1.1
                0x00000000000019ee      0x25d ../lib/libsys.a(perror.o)
 *fill*         0x0000000000001c4b        0x1 
 .rodata        0x0000000000001c4c       0x6a ../lib/libsys.a(doprintf.o)
                0x0000000000001cb6                _begbss = .

.bss            0x0000000000001cb6      0x886 load address 0x0000000000001cd6
 *(.bss)
 .bss           0x0000000000001cb6        0x0 ../lib/crtso.o
 .bss           0x0000000000001cb6        0x0 test0.o
 .bss           0x0000000000001cb6        0x0 ../lib/libsys.a(close.o)
 .bss           0x0000000000001cb6        0x0 ../lib/libsys.a(read.o)
 .bss           0x0000000000001cb6        0x0 ../lib/libsys.a(stat.o)
 .bss           0x0000000000001cb6        0x0 ../lib/libsys.a(creat.o)
 .bss           0x0000000000001cb6        0x0 ../lib/libsys.a(exit.o)
 .bss           0x0000000000001cb6        0x0 ../lib/libsys.a(link.o)
 .bss           0x0000000000001cb6        0x0 ../lib/libsys.a(open.o)
 .bss           0x0000000000001cb6        0x0 ../lib/libsys.a(umask.o)
 .bss           0x0000000000001cb6        0x0 ../lib/libsys.a(lseek.o)
 .bss           0x0000000000001cb6        0x0 ../lib/libsys.a(write.o)
 .bss           0x0000000000001cb6        0x0 ../lib/libsys.a(dup.o)
 .bss           0x0000000000001cb6        0x0 ../lib/libsys.a(fstat.o)
 .bss           0x0000000000001cb6        0x0 ../lib/libsys.a(unlink.o)
 .bss           0x0000000000001cb6        0x0 ../lib/libsys.a(message.o)
 .bss           0x0000000000001cb6        0x0 ../lib/libsys.a(call.o)
 .bss           0x0000000000001cb6        0x0 ../lib/libsys.a(perror.o)
 .bss           0x0000000000001cb6        0x0 ../lib/libsys.a(fprintf.o)
 .bss           0x0000000000001cb6        0x0 ../lib/libsys.a(fflush.o)
 .bss           0x0000000000001cb6        0x0 ../lib/libsys.a(printdat.o)
 .bss           0x0000000000001cb6        0x0 ../lib/libsys.a(doprintf.o)
 .bss           0x0000000000001cb6        0x0 ../lib/libsys.a(putc.o)
 .bss           0x0000000000001cb6        0x0 ../lib/libsys.a(divmodsi3.o)
 .bss           0x0000000000001cb6        0x0 ../lib/libsys.a(ldivmod.o)
 .bss           0x0000000000001cb6        0x0 ../lib/libsys.a(sendrec.o)
 .bss           0x0000000000001cb6        0x0 ../lib/libsys.a(strlen.o)
 *(COMMON)
 COMMON         0x0000000000001cb6       0x6c test0.o
                0x0000000000001cb6                aa
                0x0000000000001d1a                testnr
                0x0000000000001d1c                t1
                0x0000000000001d20                errct
 COMMON         0x0000000000001d22       0x18 ../lib/libsys.a(message.o)
                0x0000000000001d22                M
 COMMON         0x0000000000001d3a        0x2 ../lib/libsys.a(call.o)
                0x0000000000001d3a                errno
 COMMON         0x0000000000001d3c      0x800 ../lib/libsys.a(printdat.o)
                0x0000000000001d3c                __stdin
                0x000000000000213c                __stdout
                0x000000000000253c                _endbss = .

/DISCARD/
 *(.comment)
                0x0000000000000001                ASSERT ((. <= 0xebf8), Error: too large for a .out file.)
LOAD ../lib/crtso.o
LOAD test0.o
LOAD ../lib/libsys.a
OUTPUT(test0.out binary)
