Archive member included to satisfy reference by file (symbol)

../lib/libsys.a(kill.o)       test7.o (kill)
../lib/libsys.a(exit.o)       ../lib/crtso.o (exit)
../lib/libsys.a(getpid.o)     test7.o (getpid)
../lib/libsys.a(signal.o)     test7.o (signal)
../lib/libsys.a(message.o)    ../lib/libsys.a(signal.o) (M)
../lib/libsys.a(call.o)       ../lib/libsys.a(signal.o) (callx)
../lib/libsys.a(catchsig.o)   ../lib/libsys.a(signal.o) (begsig)
../lib/libsys.a(sendrec.o)    ../lib/libsys.a(call.o) (sendrec)
../lib/libsys.a(perror.o)     test7.o (perror)
../lib/libsys.a(fprintf.o)    test7.o (printf)
../lib/libsys.a(fflush.o)     ../lib/libsys.a(fprintf.o) (fflush)
../lib/libsys.a(printdat.o)   ../lib/libsys.a(fprintf.o) (_io_table)
../lib/libsys.a(doprintf.o)   ../lib/libsys.a(fprintf.o) (_doprintf)
../lib/libsys.a(putc.o)       ../lib/libsys.a(doprintf.o) (putc)
../lib/libsys.a(divmodsi3.o)  ../lib/libsys.a(doprintf.o) (__divsi3)
../lib/libsys.a(ldivmod.o)    ../lib/libsys.a(divmodsi3.o) (ldivmod)
../lib/libsys.a(write.o)      ../lib/libsys.a(perror.o) (write)
../lib/libsys.a(strlen.o)     ../lib/libsys.a(doprintf.o) (strlen)

Allocating common symbols
Common symbol       size              file

vectab              0x20              ../lib/libsys.a(signal.o)
errno               0x2               ../lib/libsys.a(call.o)
__stdin             0x400             ../lib/libsys.a(printdat.o)
testnr              0x2               test7.o
errct               0x2               test7.o
M                   0x18              ../lib/libsys.a(message.o)
__stdout            0x400             ../lib/libsys.a(printdat.o)
zilch               0x2710            test7.o

Discarded input sections

 .comment       0x0000000000000000       0x12 test7.o
 .comment       0x0000000000000000       0x12 ../lib/libsys.a(kill.o)
 .comment       0x0000000000000000       0x12 ../lib/libsys.a(exit.o)
 .comment       0x0000000000000000       0x12 ../lib/libsys.a(getpid.o)
 .comment       0x0000000000000000       0x12 ../lib/libsys.a(signal.o)
 .comment       0x0000000000000000       0x12 ../lib/libsys.a(message.o)
 .comment       0x0000000000000000       0x12 ../lib/libsys.a(call.o)
 .comment       0x0000000000000000       0x12 ../lib/libsys.a(perror.o)
 .comment       0x0000000000000000       0x12 ../lib/libsys.a(fprintf.o)
 .comment       0x0000000000000000       0x12 ../lib/libsys.a(fflush.o)
 .comment       0x0000000000000000       0x12 ../lib/libsys.a(printdat.o)
 .comment       0x0000000000000000       0x12 ../lib/libsys.a(doprintf.o)
 .comment       0x0000000000000000       0x12 ../lib/libsys.a(putc.o)
 .comment       0x0000000000000000       0x12 ../lib/libsys.a(write.o)
 .comment       0x0000000000000000       0x12 ../lib/libsys.a(strlen.o)

Memory Configuration

Name             Origin             Length             Attributes
*default*        0x0000000000000000 0xffffffffffffffff

Linker script and memory map


.hdr            0x0000000000000000       0x20
                0x0000000000000000        0x4 LONG 0x4100301
                0x0000000000000004        0x4 LONG 0x20
                0x0000000000000008        0x4 LONG 0xa8a (_begdata - _begtext)
                0x000000000000000c        0x4 LONG 0x394 (_begbss - _begdata)
                0x0000000000000010        0x4 LONG 0x2f4e (_endbss - _begbss)
                0x0000000000000014        0x4 LONG 0x0 start
                0x0000000000000018        0x4 LONG 0x516c ((_endbss - _begtext) + 0x1400)
                0x000000000000001c        0x4 LONG 0x0
                0x0000000000000020                _begintext = ALIGN (0x20)

.text           0x0000000000000000      0xe1e load address 0x0000000000000020
                0x0000000000000000                _begtext = .
 *(.text)
 .text          0x0000000000000000       0x1e ../lib/crtso.o
                0x0000000000000000                start
 .text          0x000000000000001e       0x9f test7.o
                0x000000000000001e                e
                0x0000000000000045                test70
                0x0000000000000089                main
 .text          0x00000000000000bd       0x1f ../lib/libsys.a(kill.o)
                0x00000000000000bd                kill
 .text          0x00000000000000dc       0x1d ../lib/libsys.a(exit.o)
                0x00000000000000dc                exit
 .text          0x00000000000000f9       0x15 ../lib/libsys.a(getpid.o)
                0x00000000000000f9                getpid
 .text          0x000000000000010e       0x42 ../lib/libsys.a(signal.o)
                0x000000000000010e                signal
 .text          0x0000000000000150        0x0 ../lib/libsys.a(message.o)
 .text          0x0000000000000150       0xc8 ../lib/libsys.a(call.o)
                0x0000000000000150                callx
                0x000000000000017f                callm1
                0x00000000000001b6                len
                0x00000000000001cf                callm3
 .text          0x0000000000000218       0x2f ../lib/libsys.a(catchsig.o)
                0x0000000000000218                begsig
 .text          0x0000000000000247       0x1c ../lib/libsys.a(sendrec.o)
                0x0000000000000247                send
                0x000000000000024c                receive
                0x0000000000000251                send_rec
                0x0000000000000251                sendrec
 .text          0x0000000000000263       0x7c ../lib/libsys.a(perror.o)
                0x0000000000000263                perror
 .text          0x00000000000002df       0x54 ../lib/libsys.a(fprintf.o)
                0x00000000000002df                fprintf
                0x0000000000000308                printf
 .text          0x0000000000000333       0x4d ../lib/libsys.a(fflush.o)
                0x0000000000000333                fflush
 .text          0x0000000000000380        0x0 ../lib/libsys.a(printdat.o)
 .text          0x0000000000000380      0x4c7 ../lib/libsys.a(doprintf.o)
                0x000000000000044e                _doprintf
 .text          0x0000000000000847       0xb8 ../lib/libsys.a(putc.o)
                0x0000000000000847                putc
 .text          0x00000000000008ff       0x74 ../lib/libsys.a(divmodsi3.o)
                0x00000000000008ff                __divsi3
                0x000000000000091d                __modsi3
                0x0000000000000939                __udivsi3
                0x0000000000000957                __umodsi3
 .text          0x0000000000000973       0xda ../lib/libsys.a(ldivmod.o)
                0x0000000000000973                ldivmod
                0x000000000000098f                ludivmod
 .text          0x0000000000000a4d       0x24 ../lib/libsys.a(write.o)
                0x0000000000000a4d                write
 .text          0x0000000000000a71       0x19 ../lib/libsys.a(strlen.o)
                0x0000000000000a71                strlen
                0x0000000000000a8a                _begdata = .
 *(.data)
 .data          0x0000000000000a8a        0x4 ../lib/crtso.o
                0x0000000000000a8a                brksize
                0x0000000000000a8c                environ
 .data          0x0000000000000a8e        0x0 test7.o
 .data          0x0000000000000a8e        0x0 ../lib/libsys.a(kill.o)
 .data          0x0000000000000a8e        0x0 ../lib/libsys.a(exit.o)
 .data          0x0000000000000a8e        0x0 ../lib/libsys.a(getpid.o)
 .data          0x0000000000000a8e        0x0 ../lib/libsys.a(signal.o)
 .data          0x0000000000000a8e        0x0 ../lib/libsys.a(message.o)
 .data          0x0000000000000a8e        0x0 ../lib/libsys.a(call.o)
 .data          0x0000000000000a8e        0x2 ../lib/libsys.a(catchsig.o)
 .data          0x0000000000000a90        0x0 ../lib/libsys.a(sendrec.o)
 .data          0x0000000000000a90       0x46 ../lib/libsys.a(perror.o)
                0x0000000000000a90                error_message
 .data          0x0000000000000ad6        0x0 ../lib/libsys.a(fprintf.o)
 .data          0x0000000000000ad6        0x0 ../lib/libsys.a(fflush.o)
 .data          0x0000000000000ad6       0x46 ../lib/libsys.a(printdat.o)
                0x0000000000000ad6                _io_table
                0x0000000000000afe                _stderr
                0x0000000000000b08                _stdout
                0x0000000000000b12                _stdin
 .data          0x0000000000000b1c        0x0 ../lib/libsys.a(doprintf.o)
 .data          0x0000000000000b1c        0x0 ../lib/libsys.a(putc.o)
 .data          0x0000000000000b1c        0x0 ../lib/libsys.a(divmodsi3.o)
 .data          0x0000000000000b1c        0x0 ../lib/libsys.a(ldivmod.o)
 .data          0x0000000000000b1c        0x0 ../lib/libsys.a(write.o)
 .data          0x0000000000000b1c        0x0 ../lib/libsys.a(strlen.o)
 *(.rodata*)
 .rodata.str1.1
                0x0000000000000b1c       0x3b test7.o
 .rodata.str1.1
                0x0000000000000b57      0x25d ../lib/libsys.a(perror.o)
 .rodata        0x0000000000000db4       0x6a ../lib/libsys.a(doprintf.o)
                0x0000000000000e1e                _begbss = .

.bss            0x0000000000000e1e     0x2f4e load address 0x0000000000000e3e
 *(.bss)
 .bss           0x0000000000000e1e        0x0 ../lib/crtso.o
 .bss           0x0000000000000e1e        0x0 test7.o
 .bss           0x0000000000000e1e        0x0 ../lib/libsys.a(kill.o)
 .bss           0x0000000000000e1e        0x0 ../lib/libsys.a(exit.o)
 .bss           0x0000000000000e1e        0x0 ../lib/libsys.a(getpid.o)
 .bss           0x0000000000000e1e        0x0 ../lib/libsys.a(signal.o)
 .bss           0x0000000000000e1e        0x0 ../lib/libsys.a(message.o)
 .bss           0x0000000000000e1e        0x0 ../lib/libsys.a(call.o)
 .bss           0x0000000000000e1e        0x0 ../lib/libsys.a(catchsig.o)
 .bss           0x0000000000000e1e        0x0 ../lib/libsys.a(sendrec.o)
 .bss           0x0000000000000e1e        0x0 ../lib/libsys.a(perror.o)
 .bss           0x0000000000000e1e        0x0 ../lib/libsys.a(fprintf.o)
 .bss           0x0000000000000e1e        0x0 ../lib/libsys.a(fflush.o)
 .bss           0x0000000000000e1e        0x0 ../lib/libsys.a(printdat.o)
 .bss           0x0000000000000e1e        0x0 ../lib/libsys.a(doprintf.o)
 .bss           0x0000000000000e1e        0x0 ../lib/libsys.a(putc.o)
 .bss           0x0000000000000e1e        0x0 ../lib/libsys.a(divmodsi3.o)
 .bss           0x0000000000000e1e        0x0 ../lib/libsys.a(ldivmod.o)
 .bss           0x0000000000000e1e        0x0 ../lib/libsys.a(write.o)
 .bss           0x0000000000000e1e        0x0 ../lib/libsys.a(strlen.o)
 *(COMMON)
 COMMON         0x0000000000000e1e     0x2714 test7.o
                0x0000000000000e1e                testnr
                0x0000000000000e20                errct
                0x0000000000000e22                zilch
 COMMON         0x0000000000003532       0x20 ../lib/libsys.a(signal.o)
                0x0000000000003532                vectab
 COMMON         0x0000000000003552       0x18 ../lib/libsys.a(message.o)
                0x0000000000003552                M
 COMMON         0x000000000000356a        0x2 ../lib/libsys.a(call.o)
                0x000000000000356a                errno
 COMMON         0x000000000000356c      0x800 ../lib/libsys.a(printdat.o)
                0x000000000000356c                __stdin
                0x000000000000396c                __stdout
                0x0000000000003d6c                _endbss = .

/DISCARD/
 *(.comment)
                0x0000000000000001                ASSERT ((. <= 0xebf8), Error: too large for a .out file.)
LOAD ../lib/crtso.o
LOAD test7.o
LOAD ../lib/libsys.a
OUTPUT(test7.out binary)
