Archive member included to satisfy reference by file (symbol)

../lib/libsys.a(kill.o)       test7.o (kill)
../lib/libsys.a(exit.o)       ../lib/crtso.o (exit)
../lib/libsys.a(getpid.o)     test7.o (getpid)
../lib/libsys.a(signal.o)     test7.o (signal)
../lib/libsys.a(message.o)    ../lib/libsys.a(signal.o) (M)
../lib/libsys.a(call.o)       ../lib/libsys.a(signal.o) (callx)
../lib/libsys.a(perror.o)     test7.o (perror)
../lib/libsys.a(fprintf.o)    test7.o (printf)
../lib/libsys.a(fflush.o)     ../lib/libsys.a(fprintf.o) (fflush)
../lib/libsys.a(printdat.o)   ../lib/libsys.a(fprintf.o) (_io_table)
../lib/libsys.a(doprintf.o)   ../lib/libsys.a(fprintf.o) (_doprintf)
../lib/libsys.a(putc.o)       ../lib/libsys.a(doprintf.o) (putc)
../lib/libsys.a(divmodsi3.o)  ../lib/libsys.a(doprintf.o) (__divsi3)
../lib/libsys.a(ldivmod.o)    ../lib/libsys.a(divmodsi3.o) (ldivmod)
../lib/libsys.a(catchsig.o)   ../lib/libsys.a(signal.o) (begsig)
../lib/libsys.a(sendrec.o)    ../lib/libsys.a(call.o) (sendrec)
../lib/libsys.a(write.o)      ../lib/libsys.a(perror.o) (write)
../lib/libsys.a(strlen.o)     ../lib/libsys.a(doprintf.o) (strlen)

Allocating common symbols
Common symbol       size              file

vectab              0x20              ../lib/libsys.a(signal.o)
errno               0x2               ../lib/libsys.a(call.o)
__stdin             0x400             ../lib/libsys.a(printdat.o)
testnr              0x2               test7.o
errct               0x2               test7.o
M                   0x18              ../lib/libsys.a(message.o)
__stdout            0x400             ../lib/libsys.a(printdat.o)
zilch               0x2710            test7.o

Discarded input sections

 .comment       0x0000000000000000       0x12 test7.o
 .comment       0x0000000000000000       0x12 ../lib/libsys.a(kill.o)
 .comment       0x0000000000000000       0x12 ../lib/libsys.a(exit.o)
 .comment       0x0000000000000000       0x12 ../lib/libsys.a(getpid.o)
 .comment       0x0000000000000000       0x12 ../lib/libsys.a(signal.o)
 .comment       0x0000000000000000       0x12 ../lib/libsys.a(message.o)
 .comment       0x0000000000000000       0x12 ../lib/libsys.a(call.o)
 .comment       0x0000000000000000       0x12 ../lib/libsys.a(perror.o)
 .comment       0x0000000000000000       0x12 ../lib/libsys.a(fprintf.o)
 .comment       0x0000000000000000       0x12 ../lib/libsys.a(fflush.o)
 .comment       0x0000000000000000       0x12 ../lib/libsys.a(printdat.o)
 .comment       0x0000000000000000       0x12 ../lib/libsys.a(doprintf.o)
 .comment       0x0000000000000000       0x12 ../lib/libsys.a(putc.o)
 .comment       0x0000000000000000       0x12 ../lib/libsys.a(write.o)
 .comment       0x0000000000000000       0x12 ../lib/libsys.a(strlen.o)

Memory Configuration

Name             Origin             Length             Attributes
*default*        0x0000000000000000 0xffffffffffffffff

Linker script and memory map


.hdr            0x0000000000000000       0x20
                0x0000000000000000        0x4 LONG 0x4100301
                0x0000000000000004        0x4 LONG 0x20
                0x0000000000000008        0x4 LONG 0xb11 (_begdata - _begtext)
                0x000000000000000c        0x4 LONG 0x395 (_begbss - _begdata)
                0x0000000000000010        0x4 LONG 0x2f4e (_endbss - _begbss)
                0x0000000000000014        0x4 LONG 0x0 start
                0x0000000000000018        0x4 LONG 0x5df4 ((((_endbss - _begtext) + 0x2000) / 0x2) * 0x2)
                0x000000000000001c        0x4 LONG 0x0
                0x0000000000000020                _begintext = ALIGN (0x20)

.text           0x0000000000000000      0xea6 load address 0x0000000000000020
                0x0000000000000000                _begtext = .
 *(.text)
 .text          0x0000000000000000       0x1e ../lib/crtso.o
                0x0000000000000000                start
 .text          0x000000000000001e      0x124 test7.o
                0x000000000000001e                main
                0x0000000000000082                test70
                0x0000000000000107                e
 .text          0x0000000000000142       0x1f ../lib/libsys.a(kill.o)
                0x0000000000000142                kill
 .text          0x0000000000000161       0x1d ../lib/libsys.a(exit.o)
                0x0000000000000161                exit
 .text          0x000000000000017e       0x15 ../lib/libsys.a(getpid.o)
                0x000000000000017e                getpid
 .text          0x0000000000000193       0x42 ../lib/libsys.a(signal.o)
                0x0000000000000193                signal
 .text          0x00000000000001d5        0x0 ../lib/libsys.a(message.o)
 .text          0x00000000000001d5       0xc8 ../lib/libsys.a(call.o)
                0x00000000000001d5                callx
                0x0000000000000204                callm1
                0x000000000000023b                len
                0x0000000000000254                callm3
 .text          0x000000000000029d       0x7c ../lib/libsys.a(perror.o)
                0x000000000000029d                perror
 .text          0x0000000000000319       0x54 ../lib/libsys.a(fprintf.o)
                0x0000000000000319                fprintf
                0x0000000000000342                printf
 .text          0x000000000000036d       0x4d ../lib/libsys.a(fflush.o)
                0x000000000000036d                fflush
 .text          0x00000000000003ba        0x0 ../lib/libsys.a(printdat.o)
 .text          0x00000000000003ba      0x4c7 ../lib/libsys.a(doprintf.o)
                0x0000000000000488                _doprintf
 .text          0x0000000000000881       0xb8 ../lib/libsys.a(putc.o)
                0x0000000000000881                putc
 .text          0x0000000000000939       0x74 ../lib/libsys.a(divmodsi3.o)
                0x0000000000000939                __divsi3
                0x0000000000000957                __modsi3
                0x0000000000000973                __udivsi3
                0x0000000000000991                __umodsi3
 .text          0x00000000000009ad       0xda ../lib/libsys.a(ldivmod.o)
                0x00000000000009ad                ldivmod
                0x00000000000009c9                ludivmod
 .text          0x0000000000000a87       0x31 ../lib/libsys.a(catchsig.o)
                0x0000000000000a87                begsig
 .text          0x0000000000000ab8       0x1c ../lib/libsys.a(sendrec.o)
                0x0000000000000ab8                send
                0x0000000000000abd                receive
                0x0000000000000ac2                send_rec
                0x0000000000000ac2                sendrec
 .text          0x0000000000000ad4       0x24 ../lib/libsys.a(write.o)
                0x0000000000000ad4                write
 .text          0x0000000000000af8       0x19 ../lib/libsys.a(strlen.o)
                0x0000000000000af8                strlen
                0x0000000000000b11                _begdata = .
 *(.data)
 .data          0x0000000000000b11        0x4 ../lib/crtso.o
                0x0000000000000b11                brksize
                0x0000000000000b13                environ
 .data          0x0000000000000b15        0x0 test7.o
 .data          0x0000000000000b15        0x0 ../lib/libsys.a(kill.o)
 .data          0x0000000000000b15        0x0 ../lib/libsys.a(exit.o)
 .data          0x0000000000000b15        0x0 ../lib/libsys.a(getpid.o)
 .data          0x0000000000000b15        0x0 ../lib/libsys.a(signal.o)
 .data          0x0000000000000b15        0x0 ../lib/libsys.a(message.o)
 .data          0x0000000000000b15        0x0 ../lib/libsys.a(call.o)
 *fill*         0x0000000000000b15        0x1 
 .data          0x0000000000000b16       0x46 ../lib/libsys.a(perror.o)
                0x0000000000000b16                error_message
 .data          0x0000000000000b5c        0x0 ../lib/libsys.a(fprintf.o)
 .data          0x0000000000000b5c        0x0 ../lib/libsys.a(fflush.o)
 .data          0x0000000000000b5c       0x46 ../lib/libsys.a(printdat.o)
                0x0000000000000b5c                _io_table
                0x0000000000000b84                _stderr
                0x0000000000000b8e                _stdout
                0x0000000000000b98                _stdin
 .data          0x0000000000000ba2        0x0 ../lib/libsys.a(doprintf.o)
 .data          0x0000000000000ba2        0x0 ../lib/libsys.a(putc.o)
 .data          0x0000000000000ba2        0x0 ../lib/libsys.a(divmodsi3.o)
 .data          0x0000000000000ba2        0x0 ../lib/libsys.a(ldivmod.o)
 .data          0x0000000000000ba2        0x2 ../lib/libsys.a(catchsig.o)
 .data          0x0000000000000ba4        0x0 ../lib/libsys.a(sendrec.o)
 .data          0x0000000000000ba4        0x0 ../lib/libsys.a(write.o)
 .data          0x0000000000000ba4        0x0 ../lib/libsys.a(strlen.o)
 *(.rodata*)
 .rodata        0x0000000000000ba4       0x3b test7.o
 .rodata.str1.1
                0x0000000000000bdf      0x25d ../lib/libsys.a(perror.o)
 .rodata        0x0000000000000e3c       0x6a ../lib/libsys.a(doprintf.o)
                0x0000000000000ea6                _begbss = .

.bss            0x0000000000000ea6     0x2f4e load address 0x0000000000000ec6
 *(.bss)
 .bss           0x0000000000000ea6        0x0 ../lib/crtso.o
 .bss           0x0000000000000ea6        0x0 test7.o
 .bss           0x0000000000000ea6        0x0 ../lib/libsys.a(kill.o)
 .bss           0x0000000000000ea6        0x0 ../lib/libsys.a(exit.o)
 .bss           0x0000000000000ea6        0x0 ../lib/libsys.a(getpid.o)
 .bss           0x0000000000000ea6        0x0 ../lib/libsys.a(signal.o)
 .bss           0x0000000000000ea6        0x0 ../lib/libsys.a(message.o)
 .bss           0x0000000000000ea6        0x0 ../lib/libsys.a(call.o)
 .bss           0x0000000000000ea6        0x0 ../lib/libsys.a(perror.o)
 .bss           0x0000000000000ea6        0x0 ../lib/libsys.a(fprintf.o)
 .bss           0x0000000000000ea6        0x0 ../lib/libsys.a(fflush.o)
 .bss           0x0000000000000ea6        0x0 ../lib/libsys.a(printdat.o)
 .bss           0x0000000000000ea6        0x0 ../lib/libsys.a(doprintf.o)
 .bss           0x0000000000000ea6        0x0 ../lib/libsys.a(putc.o)
 .bss           0x0000000000000ea6        0x0 ../lib/libsys.a(divmodsi3.o)
 .bss           0x0000000000000ea6        0x0 ../lib/libsys.a(ldivmod.o)
 .bss           0x0000000000000ea6        0x0 ../lib/libsys.a(catchsig.o)
 .bss           0x0000000000000ea6        0x0 ../lib/libsys.a(sendrec.o)
 .bss           0x0000000000000ea6        0x0 ../lib/libsys.a(write.o)
 .bss           0x0000000000000ea6        0x0 ../lib/libsys.a(strlen.o)
 *(COMMON)
 COMMON         0x0000000000000ea6     0x2714 test7.o
                0x0000000000000ea6                testnr
                0x0000000000000ea8                errct
                0x0000000000000eaa                zilch
 COMMON         0x00000000000035ba       0x20 ../lib/libsys.a(signal.o)
                0x00000000000035ba                vectab
 COMMON         0x00000000000035da       0x18 ../lib/libsys.a(message.o)
                0x00000000000035da                M
 COMMON         0x00000000000035f2        0x2 ../lib/libsys.a(call.o)
                0x00000000000035f2                errno
 COMMON         0x00000000000035f4      0x800 ../lib/libsys.a(printdat.o)
                0x00000000000035f4                __stdin
                0x00000000000039f4                __stdout
                0x0000000000003df4                . = ALIGN (0x2)
                0x0000000000003df4                _endbss = .

/DISCARD/
 *(.comment)
                0x0000000000000001                ASSERT ((. <= 0xdff8), Error: too large for a .out file.)
LOAD ../lib/crtso.o
LOAD test7.o
LOAD ../lib/libsys.a
OUTPUT(test7.out binary)
