Archive member included to satisfy reference by file (symbol)

../lib/libsys.a(close.o)      test0.o (close)
../lib/libsys.a(read.o)       test0.o (read)
../lib/libsys.a(stat.o)       test0.o (stat)
../lib/libsys.a(creat.o)      test0.o (creat)
../lib/libsys.a(exit.o)       ../lib/crtso.o (exit)
../lib/libsys.a(link.o)       test0.o (link)
../lib/libsys.a(open.o)       test0.o (open)
../lib/libsys.a(umask.o)      test0.o (umask)
../lib/libsys.a(lseek.o)      test0.o (lseek)
../lib/libsys.a(write.o)      test0.o (write)
../lib/libsys.a(dup.o)        test0.o (dup)
../lib/libsys.a(fstat.o)      test0.o (fstat)
../lib/libsys.a(unlink.o)     test0.o (unlink)
../lib/libsys.a(message.o)    ../lib/libsys.a(lseek.o) (M)
../lib/libsys.a(call.o)       ../lib/libsys.a(lseek.o) (callx)
../lib/libsys.a(perror.o)     test0.o (perror)
../lib/libsys.a(fprintf.o)    test0.o (printf)
../lib/libsys.a(fflush.o)     ../lib/libsys.a(fprintf.o) (fflush)
../lib/libsys.a(printdat.o)   ../lib/libsys.a(fprintf.o) (_io_table)
../lib/libsys.a(doprintf.o)   ../lib/libsys.a(fprintf.o) (_doprintf)
../lib/libsys.a(putc.o)       ../lib/libsys.a(doprintf.o) (putc)
../lib/libsys.a(divmodsi3.o)  ../lib/libsys.a(doprintf.o) (__divsi3)
../lib/libsys.a(ldivmod.o)    ../lib/libsys.a(divmodsi3.o) (ldivmod)
../lib/libsys.a(sendrec.o)    ../lib/libsys.a(call.o) (sendrec)
../lib/libsys.a(strlen.o)     ../lib/libsys.a(doprintf.o) (strlen)

Allocating common symbols
Common symbol       size              file

errno               0x2               ../lib/libsys.a(call.o)
aa                  0x64              test0.o
__stdin             0x400             ../lib/libsys.a(printdat.o)
testnr              0x2               test0.o
t1                  0x4               test0.o
errct               0x2               test0.o
M                   0x18              ../lib/libsys.a(message.o)
__stdout            0x400             ../lib/libsys.a(printdat.o)

Discarded input sections

 .comment       0x0000000000000000       0x12 test0.o
 .comment       0x0000000000000000       0x12 ../lib/libsys.a(close.o)
 .comment       0x0000000000000000       0x12 ../lib/libsys.a(read.o)
 .comment       0x0000000000000000       0x12 ../lib/libsys.a(stat.o)
 .comment       0x0000000000000000       0x12 ../lib/libsys.a(creat.o)
 .comment       0x0000000000000000       0x12 ../lib/libsys.a(exit.o)
 .comment       0x0000000000000000       0x12 ../lib/libsys.a(link.o)
 .comment       0x0000000000000000       0x12 ../lib/libsys.a(open.o)
 .comment       0x0000000000000000       0x12 ../lib/libsys.a(umask.o)
 .comment       0x0000000000000000       0x12 ../lib/libsys.a(lseek.o)
 .comment       0x0000000000000000       0x12 ../lib/libsys.a(write.o)
 .comment       0x0000000000000000       0x12 ../lib/libsys.a(dup.o)
 .comment       0x0000000000000000       0x12 ../lib/libsys.a(fstat.o)
 .comment       0x0000000000000000       0x12 ../lib/libsys.a(unlink.o)
 .comment       0x0000000000000000       0x12 ../lib/libsys.a(message.o)
 .comment       0x0000000000000000       0x12 ../lib/libsys.a(call.o)
 .comment       0x0000000000000000       0x12 ../lib/libsys.a(perror.o)
 .comment       0x0000000000000000       0x12 ../lib/libsys.a(fprintf.o)
 .comment       0x0000000000000000       0x12 ../lib/libsys.a(fflush.o)
 .comment       0x0000000000000000       0x12 ../lib/libsys.a(printdat.o)
 .comment       0x0000000000000000       0x12 ../lib/libsys.a(doprintf.o)
 .comment       0x0000000000000000       0x12 ../lib/libsys.a(putc.o)
 .comment       0x0000000000000000       0x12 ../lib/libsys.a(strlen.o)

Memory Configuration

Name             Origin             Length             Attributes
*default*        0x0000000000000000 0xffffffffffffffff

Linker script and memory map


.hdr            0x0000000000000000       0x20
                0x0000000000000000        0x4 LONG 0x4100301
                0x0000000000000004        0x4 LONG 0x20
                0x0000000000000008        0x4 LONG 0x1d3d (_begdata - _begtext)
                0x000000000000000c        0x4 LONG 0x421 (_begbss - _begdata)
                0x0000000000000010        0x4 LONG 0x886 (_endbss - _begbss)
                0x0000000000000014        0x4 LONG 0x0 start
                0x0000000000000018        0x4 LONG 0x49e4 ((((_endbss - _begtext) + 0x2000) / 0x2) * 0x2)
                0x000000000000001c        0x4 LONG 0x0
                0x0000000000000020                _begintext = ALIGN (0x20)

.text           0x0000000000000000     0x215e load address 0x0000000000000020
                0x0000000000000000                _begtext = .
 *(.text)
 .text          0x0000000000000000       0x1e ../lib/crtso.o
                0x0000000000000000                start
 .text          0x000000000000001e     0x1264 test0.o
                0x000000000000001e                main
                0x0000000000000085                test00
                0x0000000000000b6c                test01
                0x0000000000001247                e
 .text          0x0000000000001282       0x20 ../lib/libsys.a(close.o)
                0x0000000000001282                close
 .text          0x00000000000012a2       0x24 ../lib/libsys.a(read.o)
                0x00000000000012a2                read
 .text          0x00000000000012c6       0x29 ../lib/libsys.a(stat.o)
                0x00000000000012c6                stat
 .text          0x00000000000012ef       0x1b ../lib/libsys.a(creat.o)
                0x00000000000012ef                creat
 .text          0x000000000000130a       0x1d ../lib/libsys.a(exit.o)
                0x000000000000130a                exit
 .text          0x0000000000001327       0x34 ../lib/libsys.a(link.o)
                0x0000000000001327                link
 .text          0x000000000000135b       0x1b ../lib/libsys.a(open.o)
                0x000000000000135b                open
 .text          0x0000000000001376       0x20 ../lib/libsys.a(umask.o)
                0x0000000000001376                umask
 .text          0x0000000000001396       0x3e ../lib/libsys.a(lseek.o)
                0x0000000000001396                lseek
 .text          0x00000000000013d4       0x24 ../lib/libsys.a(write.o)
                0x00000000000013d4                write
 .text          0x00000000000013f8       0x20 ../lib/libsys.a(dup.o)
                0x00000000000013f8                dup
 .text          0x0000000000001418       0x22 ../lib/libsys.a(fstat.o)
                0x0000000000001418                fstat
 .text          0x000000000000143a       0x1c ../lib/libsys.a(unlink.o)
                0x000000000000143a                unlink
 .text          0x0000000000001456        0x0 ../lib/libsys.a(message.o)
 .text          0x0000000000001456       0xc8 ../lib/libsys.a(call.o)
                0x0000000000001456                callx
                0x0000000000001485                callm1
                0x00000000000014bc                len
                0x00000000000014d5                callm3
 .text          0x000000000000151e       0x7c ../lib/libsys.a(perror.o)
                0x000000000000151e                perror
 .text          0x000000000000159a       0x54 ../lib/libsys.a(fprintf.o)
                0x000000000000159a                fprintf
                0x00000000000015c3                printf
 .text          0x00000000000015ee       0x4d ../lib/libsys.a(fflush.o)
                0x00000000000015ee                fflush
 .text          0x000000000000163b        0x0 ../lib/libsys.a(printdat.o)
 .text          0x000000000000163b      0x4c7 ../lib/libsys.a(doprintf.o)
                0x0000000000001709                _doprintf
 .text          0x0000000000001b02       0xb8 ../lib/libsys.a(putc.o)
                0x0000000000001b02                putc
 .text          0x0000000000001bba       0x74 ../lib/libsys.a(divmodsi3.o)
                0x0000000000001bba                __divsi3
                0x0000000000001bd8                __modsi3
                0x0000000000001bf4                __udivsi3
                0x0000000000001c12                __umodsi3
 .text          0x0000000000001c2e       0xda ../lib/libsys.a(ldivmod.o)
                0x0000000000001c2e                ldivmod
                0x0000000000001c4a                ludivmod
 .text          0x0000000000001d08       0x1c ../lib/libsys.a(sendrec.o)
                0x0000000000001d08                send
                0x0000000000001d0d                receive
                0x0000000000001d12                send_rec
                0x0000000000001d12                sendrec
 .text          0x0000000000001d24       0x19 ../lib/libsys.a(strlen.o)
                0x0000000000001d24                strlen
                0x0000000000001d3d                _begdata = .
 *(.data)
 .data          0x0000000000001d3d        0x4 ../lib/crtso.o
                0x0000000000001d3d                brksize
                0x0000000000001d3f                environ
 .data          0x0000000000001d41        0xc test0.o
                0x0000000000001d41                b
                0x0000000000001d45                c
                0x0000000000001d49                d
 .data          0x0000000000001d4d        0x0 ../lib/libsys.a(close.o)
 .data          0x0000000000001d4d        0x0 ../lib/libsys.a(read.o)
 .data          0x0000000000001d4d        0x0 ../lib/libsys.a(stat.o)
 .data          0x0000000000001d4d        0x0 ../lib/libsys.a(creat.o)
 .data          0x0000000000001d4d        0x0 ../lib/libsys.a(exit.o)
 .data          0x0000000000001d4d        0x0 ../lib/libsys.a(link.o)
 .data          0x0000000000001d4d        0x0 ../lib/libsys.a(open.o)
 .data          0x0000000000001d4d        0x0 ../lib/libsys.a(umask.o)
 .data          0x0000000000001d4d        0x0 ../lib/libsys.a(lseek.o)
 .data          0x0000000000001d4d        0x0 ../lib/libsys.a(write.o)
 .data          0x0000000000001d4d        0x0 ../lib/libsys.a(dup.o)
 .data          0x0000000000001d4d        0x0 ../lib/libsys.a(fstat.o)
 .data          0x0000000000001d4d        0x0 ../lib/libsys.a(unlink.o)
 .data          0x0000000000001d4d        0x0 ../lib/libsys.a(message.o)
 .data          0x0000000000001d4d        0x0 ../lib/libsys.a(call.o)
 *fill*         0x0000000000001d4d        0x1 
 .data          0x0000000000001d4e       0x46 ../lib/libsys.a(perror.o)
                0x0000000000001d4e                error_message
 .data          0x0000000000001d94        0x0 ../lib/libsys.a(fprintf.o)
 .data          0x0000000000001d94        0x0 ../lib/libsys.a(fflush.o)
 .data          0x0000000000001d94       0x46 ../lib/libsys.a(printdat.o)
                0x0000000000001d94                _io_table
                0x0000000000001dbc                _stderr
                0x0000000000001dc6                _stdout
                0x0000000000001dd0                _stdin
 .data          0x0000000000001dda        0x0 ../lib/libsys.a(doprintf.o)
 .data          0x0000000000001dda        0x0 ../lib/libsys.a(putc.o)
 .data          0x0000000000001dda        0x0 ../lib/libsys.a(divmodsi3.o)
 .data          0x0000000000001dda        0x0 ../lib/libsys.a(ldivmod.o)
 .data          0x0000000000001dda        0x0 ../lib/libsys.a(sendrec.o)
 .data          0x0000000000001dda        0x0 ../lib/libsys.a(strlen.o)
 *(.rodata*)
 .rodata        0x0000000000001dda       0xbc test0.o
 .rodata.str1.1
                0x0000000000001e96      0x25d ../lib/libsys.a(perror.o)
 *fill*         0x00000000000020f3        0x1 
 .rodata        0x00000000000020f4       0x6a ../lib/libsys.a(doprintf.o)
                0x000000000000215e                _begbss = .

.bss            0x000000000000215e      0x886 load address 0x000000000000217e
 *(.bss)
 .bss           0x000000000000215e        0x0 ../lib/crtso.o
 .bss           0x000000000000215e        0x0 test0.o
 .bss           0x000000000000215e        0x0 ../lib/libsys.a(close.o)
 .bss           0x000000000000215e        0x0 ../lib/libsys.a(read.o)
 .bss           0x000000000000215e        0x0 ../lib/libsys.a(stat.o)
 .bss           0x000000000000215e        0x0 ../lib/libsys.a(creat.o)
 .bss           0x000000000000215e        0x0 ../lib/libsys.a(exit.o)
 .bss           0x000000000000215e        0x0 ../lib/libsys.a(link.o)
 .bss           0x000000000000215e        0x0 ../lib/libsys.a(open.o)
 .bss           0x000000000000215e        0x0 ../lib/libsys.a(umask.o)
 .bss           0x000000000000215e        0x0 ../lib/libsys.a(lseek.o)
 .bss           0x000000000000215e        0x0 ../lib/libsys.a(write.o)
 .bss           0x000000000000215e        0x0 ../lib/libsys.a(dup.o)
 .bss           0x000000000000215e        0x0 ../lib/libsys.a(fstat.o)
 .bss           0x000000000000215e        0x0 ../lib/libsys.a(unlink.o)
 .bss           0x000000000000215e        0x0 ../lib/libsys.a(message.o)
 .bss           0x000000000000215e        0x0 ../lib/libsys.a(call.o)
 .bss           0x000000000000215e        0x0 ../lib/libsys.a(perror.o)
 .bss           0x000000000000215e        0x0 ../lib/libsys.a(fprintf.o)
 .bss           0x000000000000215e        0x0 ../lib/libsys.a(fflush.o)
 .bss           0x000000000000215e        0x0 ../lib/libsys.a(printdat.o)
 .bss           0x000000000000215e        0x0 ../lib/libsys.a(doprintf.o)
 .bss           0x000000000000215e        0x0 ../lib/libsys.a(putc.o)
 .bss           0x000000000000215e        0x0 ../lib/libsys.a(divmodsi3.o)
 .bss           0x000000000000215e        0x0 ../lib/libsys.a(ldivmod.o)
 .bss           0x000000000000215e        0x0 ../lib/libsys.a(sendrec.o)
 .bss           0x000000000000215e        0x0 ../lib/libsys.a(strlen.o)
 *(COMMON)
 COMMON         0x000000000000215e       0x6c test0.o
                0x000000000000215e                aa
                0x00000000000021c2                testnr
                0x00000000000021c4                t1
                0x00000000000021c8                errct
 COMMON         0x00000000000021ca       0x18 ../lib/libsys.a(message.o)
                0x00000000000021ca                M
 COMMON         0x00000000000021e2        0x2 ../lib/libsys.a(call.o)
                0x00000000000021e2                errno
 COMMON         0x00000000000021e4      0x800 ../lib/libsys.a(printdat.o)
                0x00000000000021e4                __stdin
                0x00000000000025e4                __stdout
                0x00000000000029e4                . = ALIGN (0x2)
                0x00000000000029e4                _endbss = .

/DISCARD/
 *(.comment)
                0x0000000000000001                ASSERT ((. <= 0xdff8), Error: too large for a .out file.)
LOAD ../lib/crtso.o
LOAD test0.o
LOAD ../lib/libsys.a
OUTPUT(test0.out binary)
