Archive member included to satisfy reference by file (symbol)

../lib/libsys.a(close.o)      test10.o (close)
../lib/libsys.a(exec.o)       test10.o (execl)
../lib/libsys.a(read.o)       test10.o (read)
../lib/libsys.a(creat.o)      test10.o (creat)
../lib/libsys.a(exit.o)       ../lib/crtso.o (exit)
../lib/libsys.a(getpid.o)     test10.o (getpid)
../lib/libsys.a(open.o)       test10.o (open)
../lib/libsys.a(wait.o)       test10.o (wait)
../lib/libsys.a(fork.o)       test10.o (fork)
../lib/libsys.a(write.o)      test10.o (write)
../lib/libsys.a(unlink.o)     test10.o (unlink)
../lib/libsys.a(message.o)    ../lib/libsys.a(wait.o) (M)
../lib/libsys.a(call.o)       test10.o (errno)
../lib/libsys.a(sendrec.o)    ../lib/libsys.a(call.o) (sendrec)
../lib/libsys.a(fprintf.o)    test10.o (printf)
../lib/libsys.a(fflush.o)     ../lib/libsys.a(fprintf.o) (fflush)
../lib/libsys.a(printdat.o)   ../lib/libsys.a(fprintf.o) (_io_table)
../lib/libsys.a(doprintf.o)   ../lib/libsys.a(fprintf.o) (_doprintf)
../lib/libsys.a(putc.o)       ../lib/libsys.a(doprintf.o) (putc)
../lib/libsys.a(rand.o)       test10.o (rand)
../lib/libsys.a(divmodsi3.o)  ../lib/libsys.a(doprintf.o) (__divsi3)
../lib/libsys.a(ldivmod.o)    ../lib/libsys.a(divmodsi3.o) (ldivmod)
../lib/libsys.a(strlen.o)     ../lib/libsys.a(doprintf.o) (strlen)

Allocating common symbols
Common symbol       size              file

nullptr             0x2               ../lib/libsys.a(exec.o)
errno               0x2               ../lib/libsys.a(call.o)
prog                0x4b0             test10.o
__stdin             0x400             ../lib/libsys.a(printdat.o)
psize               0x2               test10.o
errct               0x2               test10.o
M                   0x18              ../lib/libsys.a(message.o)
__stdout            0x400             ../lib/libsys.a(printdat.o)

Discarded input sections

 .comment       0x0000000000000000       0x12 test10.o
 .comment       0x0000000000000000       0x12 ../lib/libsys.a(close.o)
 .comment       0x0000000000000000       0x12 ../lib/libsys.a(exec.o)
 .comment       0x0000000000000000       0x12 ../lib/libsys.a(read.o)
 .comment       0x0000000000000000       0x12 ../lib/libsys.a(creat.o)
 .comment       0x0000000000000000       0x12 ../lib/libsys.a(exit.o)
 .comment       0x0000000000000000       0x12 ../lib/libsys.a(getpid.o)
 .comment       0x0000000000000000       0x12 ../lib/libsys.a(open.o)
 .comment       0x0000000000000000       0x12 ../lib/libsys.a(wait.o)
 .comment       0x0000000000000000       0x12 ../lib/libsys.a(fork.o)
 .comment       0x0000000000000000       0x12 ../lib/libsys.a(write.o)
 .comment       0x0000000000000000       0x12 ../lib/libsys.a(unlink.o)
 .comment       0x0000000000000000       0x12 ../lib/libsys.a(message.o)
 .comment       0x0000000000000000       0x12 ../lib/libsys.a(call.o)
 .comment       0x0000000000000000       0x12 ../lib/libsys.a(fprintf.o)
 .comment       0x0000000000000000       0x12 ../lib/libsys.a(fflush.o)
 .comment       0x0000000000000000       0x12 ../lib/libsys.a(printdat.o)
 .comment       0x0000000000000000       0x12 ../lib/libsys.a(doprintf.o)
 .comment       0x0000000000000000       0x12 ../lib/libsys.a(putc.o)
 .comment       0x0000000000000000       0x12 ../lib/libsys.a(rand.o)
 .comment       0x0000000000000000       0x12 ../lib/libsys.a(strlen.o)

Memory Configuration

Name             Origin             Length             Attributes
*default*        0x0000000000000000 0xffffffffffffffff

Linker script and memory map


.hdr            0x0000000000000000       0x20
                0x0000000000000000        0x4 LONG 0x4100301
                0x0000000000000004        0x4 LONG 0x20
                0x0000000000000008        0x4 LONG 0xe67 (_begdata - _begtext)
                0x000000000000000c        0x4 LONG 0x173 (_begbss - _begdata)
                0x0000000000000010        0x4 LONG 0xcd0 (_endbss - _begbss)
                0x0000000000000014        0x4 LONG 0x0 start
                0x0000000000000018        0x4 LONG 0x30aa ((_endbss - _begtext) + 0x1400)
                0x000000000000001c        0x4 LONG 0x0
                0x0000000000000020                _begintext = ALIGN (0x20)

.text           0x0000000000000000      0xfda load address 0x0000000000000020
                0x0000000000000000                _begtext = .
 *(.text)
 .text          0x0000000000000000       0x1e ../lib/crtso.o
                0x0000000000000000                start
 .text          0x000000000000001e      0x289 test10.o
                0x000000000000001e                cr_file
                0x0000000000000051                mkfiles
                0x00000000000000f8                rmfiles
                0x000000000000013b                spawn
                0x0000000000000191                main
 .text          0x00000000000002a7       0x20 ../lib/libsys.a(close.o)
                0x00000000000002a7                close
 .text          0x00000000000002c7      0x1f9 ../lib/libsys.a(exec.o)
                0x00000000000002c7                execve
                0x000000000000042d                execl
                0x0000000000000445                execle
                0x000000000000046c                execv
                0x0000000000000483                execn
 .text          0x00000000000004c0       0x24 ../lib/libsys.a(read.o)
                0x00000000000004c0                read
 .text          0x00000000000004e4       0x1b ../lib/libsys.a(creat.o)
                0x00000000000004e4                creat
 .text          0x00000000000004ff       0x1d ../lib/libsys.a(exit.o)
                0x00000000000004ff                exit
 .text          0x000000000000051c       0x15 ../lib/libsys.a(getpid.o)
                0x000000000000051c                getpid
 .text          0x0000000000000531       0x1b ../lib/libsys.a(open.o)
                0x0000000000000531                open
 .text          0x000000000000054c       0x24 ../lib/libsys.a(wait.o)
                0x000000000000054c                wait
 .text          0x0000000000000570       0x15 ../lib/libsys.a(fork.o)
                0x0000000000000570                fork
 .text          0x0000000000000585       0x24 ../lib/libsys.a(write.o)
                0x0000000000000585                write
 .text          0x00000000000005a9       0x1c ../lib/libsys.a(unlink.o)
                0x00000000000005a9                unlink
 .text          0x00000000000005c5        0x0 ../lib/libsys.a(message.o)
 .text          0x00000000000005c5       0xc8 ../lib/libsys.a(call.o)
                0x00000000000005c5                callx
                0x00000000000005f4                callm1
                0x000000000000062b                len
                0x0000000000000644                callm3
 .text          0x000000000000068d       0x1c ../lib/libsys.a(sendrec.o)
                0x000000000000068d                send
                0x0000000000000692                receive
                0x0000000000000697                send_rec
                0x0000000000000697                sendrec
 .text          0x00000000000006a9       0x54 ../lib/libsys.a(fprintf.o)
                0x00000000000006a9                fprintf
                0x00000000000006d2                printf
 .text          0x00000000000006fd       0x4d ../lib/libsys.a(fflush.o)
                0x00000000000006fd                fflush
 .text          0x000000000000074a        0x0 ../lib/libsys.a(printdat.o)
 .text          0x000000000000074a      0x4c7 ../lib/libsys.a(doprintf.o)
                0x0000000000000818                _doprintf
 .text          0x0000000000000c11       0xb8 ../lib/libsys.a(putc.o)
                0x0000000000000c11                putc
 .text          0x0000000000000cc9       0x37 ../lib/libsys.a(rand.o)
                0x0000000000000cc9                rand
 .text          0x0000000000000d00       0x74 ../lib/libsys.a(divmodsi3.o)
                0x0000000000000d00                __divsi3
                0x0000000000000d1e                __modsi3
                0x0000000000000d3a                __udivsi3
                0x0000000000000d58                __umodsi3
 .text          0x0000000000000d74       0xda ../lib/libsys.a(ldivmod.o)
                0x0000000000000d74                ldivmod
                0x0000000000000d90                ludivmod
 .text          0x0000000000000e4e       0x19 ../lib/libsys.a(strlen.o)
                0x0000000000000e4e                strlen
                0x0000000000000e67                _begdata = .
 *(.data)
 .data          0x0000000000000e67        0x4 ../lib/crtso.o
                0x0000000000000e67                brksize
                0x0000000000000e69                environ
 *fill*         0x0000000000000e6b        0x1 
 .data          0x0000000000000e6c       0x14 test10.o
                0x0000000000000e6c                name
 .data          0x0000000000000e80        0x0 ../lib/libsys.a(close.o)
 .data          0x0000000000000e80        0x0 ../lib/libsys.a(exec.o)
 .data          0x0000000000000e80        0x0 ../lib/libsys.a(read.o)
 .data          0x0000000000000e80        0x0 ../lib/libsys.a(creat.o)
 .data          0x0000000000000e80        0x0 ../lib/libsys.a(exit.o)
 .data          0x0000000000000e80        0x0 ../lib/libsys.a(getpid.o)
 .data          0x0000000000000e80        0x0 ../lib/libsys.a(open.o)
 .data          0x0000000000000e80        0x0 ../lib/libsys.a(wait.o)
 .data          0x0000000000000e80        0x0 ../lib/libsys.a(fork.o)
 .data          0x0000000000000e80        0x0 ../lib/libsys.a(write.o)
 .data          0x0000000000000e80        0x0 ../lib/libsys.a(unlink.o)
 .data          0x0000000000000e80        0x0 ../lib/libsys.a(message.o)
 .data          0x0000000000000e80        0x0 ../lib/libsys.a(call.o)
 .data          0x0000000000000e80        0x0 ../lib/libsys.a(sendrec.o)
 .data          0x0000000000000e80        0x0 ../lib/libsys.a(fprintf.o)
 .data          0x0000000000000e80        0x0 ../lib/libsys.a(fflush.o)
 .data          0x0000000000000e80       0x46 ../lib/libsys.a(printdat.o)
                0x0000000000000e80                _io_table
                0x0000000000000ea8                _stderr
                0x0000000000000eb2                _stdout
                0x0000000000000ebc                _stdin
 .data          0x0000000000000ec6        0x0 ../lib/libsys.a(doprintf.o)
 .data          0x0000000000000ec6        0x0 ../lib/libsys.a(putc.o)
 .data          0x0000000000000ec6        0x4 ../lib/libsys.a(rand.o)
 .data          0x0000000000000eca        0x0 ../lib/libsys.a(divmodsi3.o)
 .data          0x0000000000000eca        0x0 ../lib/libsys.a(ldivmod.o)
 .data          0x0000000000000eca        0x0 ../lib/libsys.a(strlen.o)
 *(.rodata*)
 .rodata.str1.1
                0x0000000000000eca       0xa4 test10.o
 *fill*         0x0000000000000f6e        0x2 
 .rodata        0x0000000000000f70       0x6a ../lib/libsys.a(doprintf.o)
                0x0000000000000fda                _begbss = .

.bss            0x0000000000000fda      0xcd0 load address 0x0000000000000ffa
 *(.bss)
 .bss           0x0000000000000fda        0x0 ../lib/crtso.o
 .bss           0x0000000000000fda        0x0 test10.o
 .bss           0x0000000000000fda        0x0 ../lib/libsys.a(close.o)
 .bss           0x0000000000000fda        0x0 ../lib/libsys.a(exec.o)
 .bss           0x0000000000000fda        0x0 ../lib/libsys.a(read.o)
 .bss           0x0000000000000fda        0x0 ../lib/libsys.a(creat.o)
 .bss           0x0000000000000fda        0x0 ../lib/libsys.a(exit.o)
 .bss           0x0000000000000fda        0x0 ../lib/libsys.a(getpid.o)
 .bss           0x0000000000000fda        0x0 ../lib/libsys.a(open.o)
 .bss           0x0000000000000fda        0x0 ../lib/libsys.a(wait.o)
 .bss           0x0000000000000fda        0x0 ../lib/libsys.a(fork.o)
 .bss           0x0000000000000fda        0x0 ../lib/libsys.a(write.o)
 .bss           0x0000000000000fda        0x0 ../lib/libsys.a(unlink.o)
 .bss           0x0000000000000fda        0x0 ../lib/libsys.a(message.o)
 .bss           0x0000000000000fda        0x0 ../lib/libsys.a(call.o)
 .bss           0x0000000000000fda        0x0 ../lib/libsys.a(sendrec.o)
 .bss           0x0000000000000fda        0x0 ../lib/libsys.a(fprintf.o)
 .bss           0x0000000000000fda        0x0 ../lib/libsys.a(fflush.o)
 .bss           0x0000000000000fda        0x0 ../lib/libsys.a(printdat.o)
 .bss           0x0000000000000fda        0x0 ../lib/libsys.a(doprintf.o)
 .bss           0x0000000000000fda        0x0 ../lib/libsys.a(putc.o)
 .bss           0x0000000000000fda        0x0 ../lib/libsys.a(rand.o)
 .bss           0x0000000000000fda        0x0 ../lib/libsys.a(divmodsi3.o)
 .bss           0x0000000000000fda        0x0 ../lib/libsys.a(ldivmod.o)
 .bss           0x0000000000000fda        0x0 ../lib/libsys.a(strlen.o)
 *(COMMON)
 COMMON         0x0000000000000fda      0x4b4 test10.o
                0x0000000000000fda                prog
                0x000000000000148a                psize
                0x000000000000148c                errct
 COMMON         0x000000000000148e        0x2 ../lib/libsys.a(exec.o)
                0x000000000000148e                nullptr
 COMMON         0x0000000000001490       0x18 ../lib/libsys.a(message.o)
                0x0000000000001490                M
 COMMON         0x00000000000014a8        0x2 ../lib/libsys.a(call.o)
                0x00000000000014a8                errno
 COMMON         0x00000000000014aa      0x800 ../lib/libsys.a(printdat.o)
                0x00000000000014aa                __stdin
                0x00000000000018aa                __stdout
                0x0000000000001caa                _endbss = .

/DISCARD/
 *(.comment)
                0x0000000000000001                ASSERT ((. <= 0xebf8), Error: too large for a .out file.)
LOAD ../lib/crtso.o
LOAD test10.o
LOAD ../lib/libsys.a
OUTPUT(test10.out binary)
