Archive member included to satisfy reference by file (symbol)

../lib/libsys.a(close.o)      test5.o (close)
../lib/libsys.a(getgid.o)     test5.o (getgid)
../lib/libsys.a(kill.o)       test5.o (kill)
../lib/libsys.a(read.o)       test5.o (read)
../lib/libsys.a(alarm.o)      test5.o (alarm)
../lib/libsys.a(exit.o)       ../lib/crtso.o (exit)
../lib/libsys.a(getpid.o)     test5.o (getpid)
../lib/libsys.a(setgid.o)     test5.o (setgid)
../lib/libsys.a(wait.o)       test5.o (wait)
../lib/libsys.a(fork.o)       test5.o (fork)
../lib/libsys.a(getuid.o)     test5.o (getuid)
../lib/libsys.a(pause.o)      test5.o (pause)
../lib/libsys.a(setuid.o)     test5.o (setuid)
../lib/libsys.a(pipe.o)       test5.o (pipe)
../lib/libsys.a(signal.o)     test5.o (signal)
../lib/libsys.a(message.o)    ../lib/libsys.a(wait.o) (M)
../lib/libsys.a(call.o)       ../lib/libsys.a(signal.o) (callx)
../lib/libsys.a(geteuid.o)    test5.o (geteuid)
../lib/libsys.a(fprintf.o)    test5.o (printf)
../lib/libsys.a(fflush.o)     ../lib/libsys.a(fprintf.o) (fflush)
../lib/libsys.a(printdat.o)   ../lib/libsys.a(fprintf.o) (_io_table)
../lib/libsys.a(doprintf.o)   ../lib/libsys.a(fprintf.o) (_doprintf)
../lib/libsys.a(putc.o)       ../lib/libsys.a(doprintf.o) (putc)
../lib/libsys.a(sleep.o)      test5.o (sleep)
../lib/libsys.a(getegid.o)    test5.o (getegid)
../lib/libsys.a(divmodsi3.o)  ../lib/libsys.a(doprintf.o) (__divsi3)
../lib/libsys.a(ldivmod.o)    ../lib/libsys.a(divmodsi3.o) (ldivmod)
../lib/libsys.a(catchsig.o)   ../lib/libsys.a(signal.o) (begsig)
../lib/libsys.a(sendrec.o)    ../lib/libsys.a(call.o) (sendrec)
../lib/libsys.a(write.o)      ../lib/libsys.a(fflush.o) (write)
../lib/libsys.a(strlen.o)     ../lib/libsys.a(doprintf.o) (strlen)

Allocating common symbols
Common symbol       size              file

vectab              0x20              ../lib/libsys.a(signal.o)
errno               0x2               ../lib/libsys.a(call.o)
childsigs           0x2               test5.o
alarms              0x2               test5.o
__stdin             0x400             ../lib/libsys.a(printdat.o)
errct               0x2               test5.o
zero                0x800             test5.o
M                   0x18              ../lib/libsys.a(message.o)
__stdout            0x400             ../lib/libsys.a(printdat.o)
parsigs             0x2               test5.o

Discarded input sections

 .comment       0x0000000000000000       0x12 test5.o
 .comment       0x0000000000000000       0x12 ../lib/libsys.a(close.o)
 .comment       0x0000000000000000       0x12 ../lib/libsys.a(getgid.o)
 .comment       0x0000000000000000       0x12 ../lib/libsys.a(kill.o)
 .comment       0x0000000000000000       0x12 ../lib/libsys.a(read.o)
 .comment       0x0000000000000000       0x12 ../lib/libsys.a(alarm.o)
 .comment       0x0000000000000000       0x12 ../lib/libsys.a(exit.o)
 .comment       0x0000000000000000       0x12 ../lib/libsys.a(getpid.o)
 .comment       0x0000000000000000       0x12 ../lib/libsys.a(setgid.o)
 .comment       0x0000000000000000       0x12 ../lib/libsys.a(wait.o)
 .comment       0x0000000000000000       0x12 ../lib/libsys.a(fork.o)
 .comment       0x0000000000000000       0x12 ../lib/libsys.a(getuid.o)
 .comment       0x0000000000000000       0x12 ../lib/libsys.a(pause.o)
 .comment       0x0000000000000000       0x12 ../lib/libsys.a(setuid.o)
 .comment       0x0000000000000000       0x12 ../lib/libsys.a(pipe.o)
 .comment       0x0000000000000000       0x12 ../lib/libsys.a(signal.o)
 .comment       0x0000000000000000       0x12 ../lib/libsys.a(message.o)
 .comment       0x0000000000000000       0x12 ../lib/libsys.a(call.o)
 .comment       0x0000000000000000       0x12 ../lib/libsys.a(geteuid.o)
 .comment       0x0000000000000000       0x12 ../lib/libsys.a(fprintf.o)
 .comment       0x0000000000000000       0x12 ../lib/libsys.a(fflush.o)
 .comment       0x0000000000000000       0x12 ../lib/libsys.a(printdat.o)
 .comment       0x0000000000000000       0x12 ../lib/libsys.a(doprintf.o)
 .comment       0x0000000000000000       0x12 ../lib/libsys.a(putc.o)
 .comment       0x0000000000000000       0x12 ../lib/libsys.a(sleep.o)
 .comment       0x0000000000000000       0x12 ../lib/libsys.a(getegid.o)
 .comment       0x0000000000000000       0x12 ../lib/libsys.a(write.o)
 .comment       0x0000000000000000       0x12 ../lib/libsys.a(strlen.o)

Memory Configuration

Name             Origin             Length             Attributes
*default*        0x0000000000000000 0xffffffffffffffff

Linker script and memory map


.hdr            0x0000000000000000       0x20
                0x0000000000000000        0x4 LONG 0x4100301
                0x0000000000000004        0x4 LONG 0x20
                0x0000000000000008        0x4 LONG 0x1601 (_begdata - _begtext)
                0x000000000000000c        0x4 LONG 0x111 (_begbss - _begdata)
                0x0000000000000010        0x4 LONG 0x1042 (_endbss - _begbss)
                0x0000000000000014        0x4 LONG 0x0 start
                0x0000000000000018        0x4 LONG 0x4754 ((((_endbss - _begtext) + 0x2000) / 0x2) * 0x2)
                0x000000000000001c        0x4 LONG 0x0
                0x0000000000000020                _begintext = ALIGN (0x20)

.text           0x0000000000000000     0x1712 load address 0x0000000000000020
                0x0000000000000000                _begtext = .
 *(.text)
 .text          0x0000000000000000       0x1e ../lib/crtso.o
                0x0000000000000000                start
 .text          0x000000000000001e      0xaea test5.o
                0x000000000000001e                main
                0x00000000000000a5                e
                0x00000000000000ce                test50
                0x00000000000001ab                parent
                0x0000000000000242                child
                0x00000000000002ad                func1
                0x00000000000002d2                func10
                0x00000000000002f7                test51
                0x000000000000041e                test52
                0x000000000000054c                test53
                0x0000000000000660                test54
                0x00000000000006cd                test55
                0x00000000000007b1                func8
                0x00000000000007bb                test56
                0x0000000000000957                func11
                0x000000000000096f                test57
                0x00000000000009c7                funcalrm
                0x00000000000009d8                test58
                0x0000000000000adf                ex
 .text          0x0000000000000b08       0x20 ../lib/libsys.a(close.o)
                0x0000000000000b08                close
 .text          0x0000000000000b28       0x15 ../lib/libsys.a(getgid.o)
                0x0000000000000b28                getgid
 .text          0x0000000000000b3d       0x1f ../lib/libsys.a(kill.o)
                0x0000000000000b3d                kill
 .text          0x0000000000000b5c       0x24 ../lib/libsys.a(read.o)
                0x0000000000000b5c                read
 .text          0x0000000000000b80       0x1d ../lib/libsys.a(alarm.o)
                0x0000000000000b80                alarm
 .text          0x0000000000000b9d       0x1d ../lib/libsys.a(exit.o)
                0x0000000000000b9d                exit
 .text          0x0000000000000bba       0x15 ../lib/libsys.a(getpid.o)
                0x0000000000000bba                getpid
 .text          0x0000000000000bcf       0x1d ../lib/libsys.a(setgid.o)
                0x0000000000000bcf                setgid
 .text          0x0000000000000bec       0x24 ../lib/libsys.a(wait.o)
                0x0000000000000bec                wait
 .text          0x0000000000000c10       0x15 ../lib/libsys.a(fork.o)
                0x0000000000000c10                fork
 .text          0x0000000000000c25       0x15 ../lib/libsys.a(getuid.o)
                0x0000000000000c25                getuid
 .text          0x0000000000000c3a       0x15 ../lib/libsys.a(pause.o)
                0x0000000000000c3a                pause
 .text          0x0000000000000c4f       0x1d ../lib/libsys.a(setuid.o)
                0x0000000000000c4f                setuid
 .text          0x0000000000000c6c       0x35 ../lib/libsys.a(pipe.o)
                0x0000000000000c6c                pipe
 .text          0x0000000000000ca1       0x42 ../lib/libsys.a(signal.o)
                0x0000000000000ca1                signal
 .text          0x0000000000000ce3        0x0 ../lib/libsys.a(message.o)
 .text          0x0000000000000ce3       0xc8 ../lib/libsys.a(call.o)
                0x0000000000000ce3                callx
                0x0000000000000d12                callm1
                0x0000000000000d49                len
                0x0000000000000d62                callm3
 .text          0x0000000000000dab       0x1c ../lib/libsys.a(geteuid.o)
                0x0000000000000dab                geteuid
 .text          0x0000000000000dc7       0x54 ../lib/libsys.a(fprintf.o)
                0x0000000000000dc7                fprintf
                0x0000000000000df0                printf
 .text          0x0000000000000e1b       0x4d ../lib/libsys.a(fflush.o)
                0x0000000000000e1b                fflush
 .text          0x0000000000000e68        0x0 ../lib/libsys.a(printdat.o)
 .text          0x0000000000000e68      0x4c7 ../lib/libsys.a(doprintf.o)
                0x0000000000000f36                _doprintf
 .text          0x000000000000132f       0xb8 ../lib/libsys.a(putc.o)
                0x000000000000132f                putc
 .text          0x00000000000013e7       0x1f ../lib/libsys.a(sleep.o)
                0x00000000000013e8                sleep
 .text          0x0000000000001406       0x23 ../lib/libsys.a(getegid.o)
                0x0000000000001406                getegid
 .text          0x0000000000001429       0x74 ../lib/libsys.a(divmodsi3.o)
                0x0000000000001429                __divsi3
                0x0000000000001447                __modsi3
                0x0000000000001463                __udivsi3
                0x0000000000001481                __umodsi3
 .text          0x000000000000149d       0xda ../lib/libsys.a(ldivmod.o)
                0x000000000000149d                ldivmod
                0x00000000000014b9                ludivmod
 .text          0x0000000000001577       0x31 ../lib/libsys.a(catchsig.o)
                0x0000000000001577                begsig
 .text          0x00000000000015a8       0x1c ../lib/libsys.a(sendrec.o)
                0x00000000000015a8                send
                0x00000000000015ad                receive
                0x00000000000015b2                send_rec
                0x00000000000015b2                sendrec
 .text          0x00000000000015c4       0x24 ../lib/libsys.a(write.o)
                0x00000000000015c4                write
 .text          0x00000000000015e8       0x19 ../lib/libsys.a(strlen.o)
                0x00000000000015e8                strlen
                0x0000000000001601                _begdata = .
 *(.data)
 .data          0x0000000000001601        0x4 ../lib/crtso.o
                0x0000000000001601                brksize
                0x0000000000001603                environ
 *fill*         0x0000000000001605        0x1 
 .data          0x0000000000001606        0xa test5.o
                0x0000000000001606                sigmap
 .data          0x0000000000001610        0x0 ../lib/libsys.a(close.o)
 .data          0x0000000000001610        0x0 ../lib/libsys.a(getgid.o)
 .data          0x0000000000001610        0x0 ../lib/libsys.a(kill.o)
 .data          0x0000000000001610        0x0 ../lib/libsys.a(read.o)
 .data          0x0000000000001610        0x0 ../lib/libsys.a(alarm.o)
 .data          0x0000000000001610        0x0 ../lib/libsys.a(exit.o)
 .data          0x0000000000001610        0x0 ../lib/libsys.a(getpid.o)
 .data          0x0000000000001610        0x0 ../lib/libsys.a(setgid.o)
 .data          0x0000000000001610        0x0 ../lib/libsys.a(wait.o)
 .data          0x0000000000001610        0x0 ../lib/libsys.a(fork.o)
 .data          0x0000000000001610        0x0 ../lib/libsys.a(getuid.o)
 .data          0x0000000000001610        0x0 ../lib/libsys.a(pause.o)
 .data          0x0000000000001610        0x0 ../lib/libsys.a(setuid.o)
 .data          0x0000000000001610        0x0 ../lib/libsys.a(pipe.o)
 .data          0x0000000000001610        0x0 ../lib/libsys.a(signal.o)
 .data          0x0000000000001610        0x0 ../lib/libsys.a(message.o)
 .data          0x0000000000001610        0x0 ../lib/libsys.a(call.o)
 .data          0x0000000000001610        0x0 ../lib/libsys.a(geteuid.o)
 .data          0x0000000000001610        0x0 ../lib/libsys.a(fprintf.o)
 .data          0x0000000000001610        0x0 ../lib/libsys.a(fflush.o)
 .data          0x0000000000001610       0x46 ../lib/libsys.a(printdat.o)
                0x0000000000001610                _io_table
                0x0000000000001638                _stderr
                0x0000000000001642                _stdout
                0x000000000000164c                _stdin
 .data          0x0000000000001656        0x0 ../lib/libsys.a(doprintf.o)
 .data          0x0000000000001656        0x0 ../lib/libsys.a(putc.o)
 .data          0x0000000000001656        0x0 ../lib/libsys.a(sleep.o)
 .data          0x0000000000001656        0x0 ../lib/libsys.a(getegid.o)
 .data          0x0000000000001656        0x0 ../lib/libsys.a(divmodsi3.o)
 .data          0x0000000000001656        0x0 ../lib/libsys.a(ldivmod.o)
 .data          0x0000000000001656        0x2 ../lib/libsys.a(catchsig.o)
 .data          0x0000000000001658        0x0 ../lib/libsys.a(sendrec.o)
 .data          0x0000000000001658        0x0 ../lib/libsys.a(write.o)
 .data          0x0000000000001658        0x0 ../lib/libsys.a(strlen.o)
 *(.rodata*)
 .rodata        0x0000000000001658       0x4f test5.o
 *fill*         0x00000000000016a7        0x1 
 .rodata        0x00000000000016a8       0x6a ../lib/libsys.a(doprintf.o)
                0x0000000000001712                _begbss = .

.bss            0x0000000000001712     0x1042 load address 0x0000000000001732
 *(.bss)
 .bss           0x0000000000001712        0x0 ../lib/crtso.o
 .bss           0x0000000000001712        0x0 test5.o
 .bss           0x0000000000001712        0x0 ../lib/libsys.a(close.o)
 .bss           0x0000000000001712        0x0 ../lib/libsys.a(getgid.o)
 .bss           0x0000000000001712        0x0 ../lib/libsys.a(kill.o)
 .bss           0x0000000000001712        0x0 ../lib/libsys.a(read.o)
 .bss           0x0000000000001712        0x0 ../lib/libsys.a(alarm.o)
 .bss           0x0000000000001712        0x0 ../lib/libsys.a(exit.o)
 .bss           0x0000000000001712        0x0 ../lib/libsys.a(getpid.o)
 .bss           0x0000000000001712        0x0 ../lib/libsys.a(setgid.o)
 .bss           0x0000000000001712        0x0 ../lib/libsys.a(wait.o)
 .bss           0x0000000000001712        0x0 ../lib/libsys.a(fork.o)
 .bss           0x0000000000001712        0x0 ../lib/libsys.a(getuid.o)
 .bss           0x0000000000001712        0x0 ../lib/libsys.a(pause.o)
 .bss           0x0000000000001712        0x0 ../lib/libsys.a(setuid.o)
 .bss           0x0000000000001712        0x0 ../lib/libsys.a(pipe.o)
 .bss           0x0000000000001712        0x0 ../lib/libsys.a(signal.o)
 .bss           0x0000000000001712        0x0 ../lib/libsys.a(message.o)
 .bss           0x0000000000001712        0x0 ../lib/libsys.a(call.o)
 .bss           0x0000000000001712        0x0 ../lib/libsys.a(geteuid.o)
 .bss           0x0000000000001712        0x0 ../lib/libsys.a(fprintf.o)
 .bss           0x0000000000001712        0x0 ../lib/libsys.a(fflush.o)
 .bss           0x0000000000001712        0x0 ../lib/libsys.a(printdat.o)
 .bss           0x0000000000001712        0x0 ../lib/libsys.a(doprintf.o)
 .bss           0x0000000000001712        0x0 ../lib/libsys.a(putc.o)
 .bss           0x0000000000001712        0x0 ../lib/libsys.a(sleep.o)
 .bss           0x0000000000001712        0x0 ../lib/libsys.a(getegid.o)
 .bss           0x0000000000001712        0x0 ../lib/libsys.a(divmodsi3.o)
 .bss           0x0000000000001712        0x0 ../lib/libsys.a(ldivmod.o)
 .bss           0x0000000000001712        0x0 ../lib/libsys.a(catchsig.o)
 .bss           0x0000000000001712        0x0 ../lib/libsys.a(sendrec.o)
 .bss           0x0000000000001712        0x0 ../lib/libsys.a(write.o)
 .bss           0x0000000000001712        0x0 ../lib/libsys.a(strlen.o)
 *(COMMON)
 COMMON         0x0000000000001712      0x808 test5.o
                0x0000000000001712                childsigs
                0x0000000000001714                alarms
                0x0000000000001716                errct
                0x0000000000001718                zero
                0x0000000000001f18                parsigs
 COMMON         0x0000000000001f1a       0x20 ../lib/libsys.a(signal.o)
                0x0000000000001f1a                vectab
 COMMON         0x0000000000001f3a       0x18 ../lib/libsys.a(message.o)
                0x0000000000001f3a                M
 COMMON         0x0000000000001f52        0x2 ../lib/libsys.a(call.o)
                0x0000000000001f52                errno
 COMMON         0x0000000000001f54      0x800 ../lib/libsys.a(printdat.o)
                0x0000000000001f54                __stdin
                0x0000000000002354                __stdout
                0x0000000000002754                . = ALIGN (0x2)
                0x0000000000002754                _endbss = .

/DISCARD/
 *(.comment)
                0x0000000000000001                ASSERT ((. <= 0xdff8), Error: too large for a .out file.)
LOAD ../lib/crtso.o
LOAD test5.o
LOAD ../lib/libsys.a
OUTPUT(test5.out binary)
