Archive member included to satisfy reference by file (symbol)

../lib/libsys.a(divmodsi3.o)  write.o (__divsi3)
../lib/libsys.a(ldivmod.o)    ../lib/libsys.a(divmodsi3.o) (ldivmod)
../lib/libsys.a(getutils.o)   main.o (get_base)
../lib/libsys.a(sendrec.o)    pipe.o (send)
../lib/libsys.a(printk.o)     cache.o (printk)
../lib/libsys.a(syslib.o)     read.o (sys_copy)
../lib/libsys.a(message.o)    ../lib/libsys.a(syslib.o) (M)
../lib/libsys.a(call.o)       ../lib/libsys.a(syslib.o) (callx)

Allocating common symbols
Common symbol       size              file

rear                0x2               table.o
who                 0x2               table.o
fp                  0x2               table.o
reviving            0x2               table.o
super_user          0x2               table.o
errno               0x2               ../lib/libsys.a(call.o)
rdahed_inode        0x2               table.o
dont_reply          0x2               table.o
fproc               0x400             table.o
front               0x2               table.o
fs_call             0x2               table.o
buf_hash            0x40              table.o
err_code            0x2               table.o
rdwt_err            0x2               read.o
bufs_in_use         0x2               table.o
user_path           0x80              table.o
super_block         0xfa              table.o
rdahedpos           0x4               table.o
buf                 0x50f0            table.o
m1                  0x18              table.o
fstack              0x200             table.o
M                   0x18              ../lib/libsys.a(message.o)
inode               0x540             table.o
m                   0x18              table.o
susp_count          0x2               table.o
filp                0x280             table.o

Discarded input sections

 .comment       0x0000000000000000       0x12 cache.o
 .comment       0x0000000000000000       0x12 filedes.o
 .comment       0x0000000000000000       0x12 link.o
 .comment       0x0000000000000000       0x12 misc.o
 .comment       0x0000000000000000       0x12 open.o
 .comment       0x0000000000000000       0x12 pipe.o
 .comment       0x0000000000000000       0x12 putc.o
 .comment       0x0000000000000000       0x12 stadir.o
 .comment       0x0000000000000000       0x12 table.o
 .comment       0x0000000000000000       0x12 utility.o
 .comment       0x0000000000000000       0x12 device.o
 .comment       0x0000000000000000       0x12 inode.o
 .comment       0x0000000000000000       0x12 main.o
 .comment       0x0000000000000000       0x12 mount.o
 .comment       0x0000000000000000       0x12 path.o
 .comment       0x0000000000000000       0x12 protect.o
 .comment       0x0000000000000000       0x12 read.o
 .comment       0x0000000000000000       0x12 super.o
 .comment       0x0000000000000000       0x12 time.o
 .comment       0x0000000000000000       0x12 write.o
 .comment       0x0000000000000000       0x12 ../lib/libsys.a(printk.o)
 .comment       0x0000000000000000       0x12 ../lib/libsys.a(syslib.o)
 .comment       0x0000000000000000       0x12 ../lib/libsys.a(message.o)
 .comment       0x0000000000000000       0x12 ../lib/libsys.a(call.o)

Memory Configuration

Name             Origin             Length             Attributes
*default*        0x0000000000000000 0xffffffffffffffff

Linker script and memory map


.hdr            0x0000000000000000       0x20
                0x0000000000000000        0x4 LONG 0x4200301
                0x0000000000000004        0x4 LONG 0x20
                0x0000000000000008        0x4 LONG 0x4380 SIZEOF (.text)
                0x000000000000000c        0x4 LONG 0x4d6 SIZEOF (.data)
                0x0000000000000010        0x4 LONG 0x61d0 SIZEOF (.bss)
                0x0000000000000014        0x4 LONG 0x0 start
                0x0000000000000018        0x4 LONG 0xaa26 ((SIZEOF (.text) + SIZEOF (.data)) + SIZEOF (.bss))
                0x000000000000001c        0x4 LONG 0x0
                0x0000000000000020                _begintext = ALIGN (0x20)

.text           0x0000000000000000     0x4380 load address 0x0000000000000020
 *(.text)
 .text          0x0000000000000000       0x19 ../lib/head.o
                0x0000000000000000                start
 .text          0x0000000000000019      0x326 cache.o
                0x0000000000000019                alloc_zone
                0x000000000000008a                free_zone
                0x00000000000000b3                rw_block
                0x0000000000000127                get_block
                0x000000000000025b                put_block
                0x000000000000031b                invalidate
 .text          0x000000000000033f       0xcc filedes.o
                0x000000000000033f                get_fd
                0x00000000000003bc                get_filp
                0x00000000000003de                find_filp
 .text          0x000000000000040b      0x2ee link.o
                0x000000000000040b                do_link
                0x000000000000051a                do_unlink
                0x00000000000005c4                truncate
 .text          0x00000000000006f9      0x2f8 misc.o
                0x00000000000006f9                do_dup
                0x000000000000077a                do_sync
                0x000000000000084f                do_fork
                0x00000000000008ed                do_exit
                0x000000000000096d                do_set
                0x00000000000009ce                do_revive
 .text          0x00000000000009f1      0x45a open.o
                0x0000000000000ab3                do_creat
                0x0000000000000bc8                do_mknod
                0x0000000000000c1a                do_open
                0x0000000000000d19                do_close
                0x0000000000000dba                do_lseek
 .text          0x0000000000000e4b      0x449 pipe.o
                0x0000000000000e4b                do_pipe
                0x0000000000000f42                suspend
                0x0000000000000f80                revive
                0x0000000000001008                release
                0x0000000000001074                pipe_check
                0x0000000000001173                do_unpause
 .text          0x0000000000001294       0x78 putc.o
                0x00000000000012cd                putc
 .text          0x000000000000130c      0x25f stadir.o
                0x000000000000144d                do_chdir
                0x00000000000014d9                do_chroot
                0x00000000000014fa                do_stat
                0x0000000000001547                do_fstat
 .text          0x000000000000156b        0x0 table.o
 .text          0x000000000000156b      0x16a utility.o
                0x000000000000156b                cmp_string
                0x000000000000158c                copy
                0x00000000000015d9                fetch_name
                0x0000000000001642                no_sys
                0x0000000000001646                panic
                0x000000000000168c                clock_time
 .text          0x00000000000016d5      0x23f device.o
                0x000000000000171a                dev_open
                0x0000000000001743                dev_close
                0x0000000000001769                dev_io
                0x00000000000017e1                do_ioctl
                0x000000000000188a                rw_dev
                0x00000000000018d9                rw_dev2
                0x0000000000001909                no_call
 .text          0x0000000000001914      0x245 inode.o
                0x0000000000001914                wipe_inode
                0x0000000000001944                free_inode
                0x000000000000195e                rw_inode
                0x00000000000019dc                get_inode
                0x0000000000001a51                alloc_inode
                0x0000000000001b02                put_inode
                0x0000000000001b50                dup_inode
 .text          0x0000000000001b59      0x4ed main.o
                0x0000000000001b59                reply
                0x0000000000001b73                main
 .text          0x0000000000002046      0x376 mount.o
                0x000000000000208a                do_mount
                0x00000000000022b2                do_umount
 .text          0x00000000000023bc      0x468 path.o
                0x00000000000023bc                search_dir
                0x00000000000025bc                advance
                0x00000000000026bb                last_dir
                0x00000000000027e6                eat_path
 .text          0x0000000000002824      0x1f1 protect.o
                0x0000000000002847                do_chmod
                0x00000000000028c6                do_chown
                0x000000000000292c                do_umask
                0x0000000000002940                forbidden
                0x00000000000029c8                do_access
 .text          0x0000000000002a15      0x868 read.o
                0x0000000000002a15                read_map
                0x0000000000002ba9                rw_user
                0x0000000000002c29                read_write
                0x000000000000323a                do_read
                0x0000000000003245                read_ahead
 .text          0x000000000000327d      0x407 super.o
                0x000000000000327d                alloc_bit
                0x00000000000033cc                free_bit
                0x000000000000344f                get_super
                0x0000000000003482                load_bit_maps
                0x0000000000003550                unload_bit_maps
                0x00000000000035d0                mounted
                0x0000000000003607                scale_factor
                0x000000000000361f                rw_super
 .text          0x0000000000003684      0x108 time.o
                0x0000000000003684                do_utime
                0x00000000000036f4                do_time
                0x0000000000003702                do_stime
                0x0000000000003741                do_tims
 .text          0x000000000000378c      0x4ac write.o
                0x000000000000378c                do_write
                0x0000000000003797                zero_block
                0x00000000000037b5                clear_zone
                0x00000000000038c8                new_block
 .text          0x0000000000003c38       0x74 ../lib/libsys.a(divmodsi3.o)
                0x0000000000003c38                __divsi3
                0x0000000000003c56                __modsi3
                0x0000000000003c72                __udivsi3
                0x0000000000003c90                __umodsi3
 .text          0x0000000000003cac       0xda ../lib/libsys.a(ldivmod.o)
                0x0000000000003cac                ldivmod
                0x0000000000003cc8                ludivmod
 .text          0x0000000000003d86       0x2d ../lib/libsys.a(getutils.o)
                0x0000000000003d86                get_base
                0x0000000000003d89                get_size
                0x0000000000003d8d                get_tot_mem
 .text          0x0000000000003db3       0x1c ../lib/libsys.a(sendrec.o)
                0x0000000000003db3                send
                0x0000000000003db8                receive
                0x0000000000003dbd                send_rec
                0x0000000000003dbd                sendrec
 .text          0x0000000000003dcf      0x347 ../lib/libsys.a(printk.o)
                0x0000000000003dcf                printk
 .text          0x0000000000004116      0x19a ../lib/libsys.a(syslib.o)
                0x0000000000004116                sys_xit
                0x0000000000004138                sys_getsp
                0x0000000000004160                sys_sig
                0x0000000000004187                sys_fork
                0x00000000000041ab                sys_exec
                0x00000000000041cd                sys_newmap
                0x00000000000041ef                sys_copy
                0x000000000000421d                sys_times
                0x0000000000004275                sys_abort
                0x000000000000428d                tell_fs
 .text          0x00000000000042b0        0x0 ../lib/libsys.a(message.o)
 .text          0x00000000000042b0       0xc8 ../lib/libsys.a(call.o)
                0x00000000000042b0                callx
                0x00000000000042df                callm1
                0x0000000000004316                len
                0x000000000000432f                callm3
                0x0000000000004380                . = ALIGN (0x10)
 *fill*         0x0000000000004378        0x8 
                0x00000000000043a0                _begindata = (_begintext + .)

.data           0x0000000000000000      0x4d6 load address 0x00000000000043a0
 *(.begdata)
 .begdata       0x0000000000000000       0x10 ../lib/head.o
                0x0000000000000000                data_org
 *(.data)
 .data          0x0000000000000010        0x4 ../lib/head.o
                0x0000000000000010                brksize
                0x0000000000000012                sp_limit
 .data          0x0000000000000014        0x0 cache.o
 .data          0x0000000000000014        0x0 filedes.o
 .data          0x0000000000000014        0x0 link.o
 .data          0x0000000000000014        0x0 misc.o
 .data          0x0000000000000014        0x0 open.o
 .data          0x0000000000000014        0x0 pipe.o
 .data          0x0000000000000014        0x0 putc.o
 .data          0x0000000000000014        0x0 stadir.o
 .data          0x0000000000000014       0xc6 table.o
                0x0000000000000014                max_major
                0x0000000000000016                dmap
                0x000000000000004e                call_vector
                0x00000000000000d8                stackpt
 .data          0x00000000000000da        0x0 utility.o
 .data          0x00000000000000da        0x0 device.o
 .data          0x00000000000000da        0x0 inode.o
 .data          0x00000000000000da        0x0 main.o
 .data          0x00000000000000da        0x0 mount.o
 .data          0x00000000000000da        0x0 path.o
 .data          0x00000000000000da        0x0 protect.o
 .data          0x00000000000000da        0x0 read.o
 .data          0x00000000000000da        0x0 super.o
 .data          0x00000000000000da        0x0 time.o
 .data          0x00000000000000da        0x0 write.o
 .data          0x00000000000000da        0x0 ../lib/libsys.a(divmodsi3.o)
 .data          0x00000000000000da        0x0 ../lib/libsys.a(ldivmod.o)
 .data          0x00000000000000da        0x0 ../lib/libsys.a(getutils.o)
 .data          0x00000000000000da        0x0 ../lib/libsys.a(sendrec.o)
 .data          0x00000000000000da        0x0 ../lib/libsys.a(printk.o)
 .data          0x00000000000000da        0x0 ../lib/libsys.a(syslib.o)
 .data          0x00000000000000da        0x0 ../lib/libsys.a(message.o)
 .data          0x00000000000000da        0x0 ../lib/libsys.a(call.o)
 *(.rodata*)
 .rodata.str1.1
                0x00000000000000da       0x94 cache.o
 .rodata        0x000000000000016e        0x4 open.o
 .rodata.str1.1
                0x0000000000000172       0x43 pipe.o
 .rodata.str1.1
                0x00000000000001b5       0x2b utility.o
 .rodata.str1.1
                0x00000000000001e0       0x21 device.o
 .rodata.str1.1
                0x0000000000000201       0x4a inode.o
 .rodata.str1.1
                0x000000000000024b      0x184 main.o
 .rodata.str1.1
                0x00000000000003cf        0xa mount.o
 .rodata.str1.1
                0x00000000000003d9       0x70 super.o
 .rodata.str1.1
                0x0000000000000449        0xf time.o
 .rodata        0x0000000000000458       0x6a ../lib/libsys.a(printk.o)
 .rodata.str1.1
                0x00000000000004c2       0x14 ../lib/libsys.a(syslib.o)
                0x00000000000004d6                _begbss = .

.bss            0x00000000000004d6     0x61d0 load address 0x0000000000004876
 *(.bss)
 .bss           0x00000000000004d6        0x0 ../lib/head.o
 .bss           0x00000000000004d6        0x0 cache.o
 .bss           0x00000000000004d6        0x0 filedes.o
 .bss           0x00000000000004d6        0x0 link.o
 .bss           0x00000000000004d6        0x0 misc.o
 .bss           0x00000000000004d6        0x0 open.o
 .bss           0x00000000000004d6       0x18 pipe.o
 .bss           0x00000000000004ee       0x7e putc.o
 .bss           0x000000000000056c        0x0 stadir.o
 .bss           0x000000000000056c        0x0 table.o
 .bss           0x000000000000056c       0x1a utility.o
 .bss           0x0000000000000586       0x1e device.o
 .bss           0x00000000000005a4        0x0 inode.o
 .bss           0x00000000000005a4        0x0 main.o
 .bss           0x00000000000005a4        0x0 mount.o
 .bss           0x00000000000005a4        0x0 path.o
 .bss           0x00000000000005a4        0x0 protect.o
 .bss           0x00000000000005a4       0x18 read.o
 .bss           0x00000000000005bc        0x0 super.o
 .bss           0x00000000000005bc       0x18 time.o
 .bss           0x00000000000005d4        0x0 write.o
 .bss           0x00000000000005d4        0x0 ../lib/libsys.a(divmodsi3.o)
 .bss           0x00000000000005d4        0x0 ../lib/libsys.a(ldivmod.o)
 .bss           0x00000000000005d4        0x0 ../lib/libsys.a(getutils.o)
 .bss           0x00000000000005d4        0x0 ../lib/libsys.a(sendrec.o)
 .bss           0x00000000000005d4        0x0 ../lib/libsys.a(printk.o)
 .bss           0x00000000000005d4        0x0 ../lib/libsys.a(syslib.o)
 .bss           0x00000000000005d4        0x0 ../lib/libsys.a(message.o)
 .bss           0x00000000000005d4        0x0 ../lib/libsys.a(call.o)
 *(COMMON)
 COMMON         0x00000000000005d4     0x60b6 table.o
                0x00000000000005d4                rear
                0x00000000000005d6                who
                0x00000000000005d8                fp
                0x00000000000005da                reviving
                0x00000000000005dc                super_user
                0x00000000000005de                rdahed_inode
                0x00000000000005e0                dont_reply
                0x00000000000005e2                fproc
                0x00000000000009e2                front
                0x00000000000009e4                fs_call
                0x00000000000009e6                buf_hash
                0x0000000000000a26                err_code
                0x0000000000000a28                bufs_in_use
                0x0000000000000a2a                user_path
                0x0000000000000aaa                super_block
                0x0000000000000ba4                rdahedpos
                0x0000000000000ba8                buf
                0x0000000000005c98                m1
                0x0000000000005cb0                fstack
                0x0000000000005eb0                inode
                0x00000000000063f0                m
                0x0000000000006408                susp_count
                0x000000000000640a                filp
 COMMON         0x000000000000668a        0x2 read.o
                0x000000000000668a                rdwt_err
 COMMON         0x000000000000668c       0x18 ../lib/libsys.a(message.o)
                0x000000000000668c                M
 COMMON         0x00000000000066a4        0x2 ../lib/libsys.a(call.o)
                0x00000000000066a4                errno
                0x00000000000066a6                _endbss = .

/DISCARD/
 *(.comment)
LOAD ../lib/head.o
LOAD cache.o
LOAD filedes.o
LOAD link.o
LOAD misc.o
LOAD open.o
LOAD pipe.o
LOAD putc.o
LOAD stadir.o
LOAD table.o
LOAD utility.o
LOAD device.o
LOAD inode.o
LOAD main.o
LOAD mount.o
LOAD path.o
LOAD protect.o
LOAD read.o
LOAD super.o
LOAD time.o
LOAD write.o
LOAD ../lib/libsys.a
OUTPUT(fs.sep binary)
