Archive member included to satisfy reference by file (symbol)

../lib2/libc2.a(exit.o)       ../lib/crtso.o (exit)
../lib2/libc2.a(fclose.o)     ../lib2/libc2.a(exit.o) (fclose)
../lib2/libc2.a(fflush.o)     ../lib2/libc2.a(fclose.o) (fflush)
../lib2/libc2.a(free.o)       ../lib2/libc2.a(fclose.o) (free)
../lib2/libc2.a(malloc.o)     ../lib2/libc2.a(free.o) (_Aldata)
../lib2/libc2.a(remove.o)     ../lib2/libc2.a(fclose.o) (remove)
../lib2/libc2.a(xfiles.o)     ../lib2/libc2.a(exit.o) (_Files)
../lib2/libc2.a(xgetmem.o)    ../lib2/libc2.a(malloc.o) (_Getmem)
../lib2/libc2.a(_exit.o)      ../lib2/libc2.a(exit.o) (_exit)
../lib/libsys.a(close.o)      ../lib2/libc2.a(fclose.o) (close)
../lib/libsys.a(write.o)      hello.o (write)
../lib/libsys.a(brk.o)        ../lib2/libc2.a(xgetmem.o) (sbrk)
../lib/libsys.a(unlink.o)     ../lib2/libc2.a(remove.o) (unlink)
../lib/libsys.a(message.o)    ../lib/libsys.a(brk.o) (M)
../lib/libsys.a(call.o)       ../lib2/libc2.a(_exit.o) (callm1)
../lib/libsys.a(sendrec.o)    ../lib/libsys.a(call.o) (sendrec)

Allocating common symbols
Common symbol       size              file

errno               0x2               ../lib/libsys.a(call.o)
M                   0x18              ../lib/libsys.a(message.o)

Discarded input sections

 .comment       0x0000000000000000       0x12 hello.o
 .comment       0x0000000000000000       0x12 ../lib2/libc2.a(exit.o)
 .comment       0x0000000000000000       0x12 ../lib2/libc2.a(fclose.o)
 .comment       0x0000000000000000       0x12 ../lib2/libc2.a(fflush.o)
 .comment       0x0000000000000000       0x12 ../lib2/libc2.a(free.o)
 .comment       0x0000000000000000       0x12 ../lib2/libc2.a(malloc.o)
 .comment       0x0000000000000000       0x12 ../lib2/libc2.a(remove.o)
 .comment       0x0000000000000000       0x12 ../lib2/libc2.a(xfiles.o)
 .comment       0x0000000000000000       0x12 ../lib2/libc2.a(xgetmem.o)
 .comment       0x0000000000000000       0x12 ../lib2/libc2.a(_exit.o)
 .comment       0x0000000000000000       0x12 ../lib/libsys.a(close.o)
 .comment       0x0000000000000000       0x12 ../lib/libsys.a(write.o)
 .comment       0x0000000000000000       0x12 ../lib/libsys.a(brk.o)
 .comment       0x0000000000000000       0x12 ../lib/libsys.a(unlink.o)
 .comment       0x0000000000000000       0x12 ../lib/libsys.a(message.o)
 .comment       0x0000000000000000       0x12 ../lib/libsys.a(call.o)

Memory Configuration

Name             Origin             Length             Attributes
*default*        0x0000000000000000 0xffffffffffffffff

Linker script and memory map


.hdr            0x0000000000000000       0x20
                0x0000000000000000        0x4 LONG 0x4100301
                0x0000000000000004        0x4 LONG 0x20
                0x0000000000000008        0x4 LONG 0xd23 (_begdata - _begtext)
                0x000000000000000c        0x4 LONG 0x17b (_begbss - _begdata)
                0x0000000000000010        0x4 LONG 0xae (_endbss - _begbss)
                0x0000000000000014        0x4 LONG 0x0 start
                0x0000000000000018        0x4 LONG 0x2f4c ((((_endbss - _begtext) + 0x2000) / 0x2) * 0x2)
                0x000000000000001c        0x4 LONG 0x0
                0x0000000000000020                _begintext = ALIGN (0x20)

.text           0x0000000000000000      0xe9e load address 0x0000000000000020
                0x0000000000000000                _begtext = .
 *(.text)
 .text          0x0000000000000000       0x1e ../lib/crtso.o
                0x0000000000000000                start
 .text          0x000000000000001e      0x45e hello.o
                0x000000000000001e                main
 .text          0x000000000000047c       0x82 ../lib2/libc2.a(exit.o)
                0x000000000000047c                exit
 .text          0x00000000000004fe      0x158 ../lib2/libc2.a(fclose.o)
                0x00000000000004fe                fclose
 .text          0x0000000000000656      0x134 ../lib2/libc2.a(fflush.o)
                0x0000000000000656                fflush
 .text          0x000000000000078a      0x159 ../lib2/libc2.a(free.o)
                0x000000000000078a                free
 .text          0x00000000000008e3      0x230 ../lib2/libc2.a(malloc.o)
                0x0000000000000a22                malloc
 .text          0x0000000000000b13       0x1a ../lib2/libc2.a(remove.o)
                0x0000000000000b13                remove
 .text          0x0000000000000b2d        0x0 ../lib2/libc2.a(xfiles.o)
 .text          0x0000000000000b2d       0x42 ../lib2/libc2.a(xgetmem.o)
                0x0000000000000b2d                _Getmem
 .text          0x0000000000000b6f       0x1d ../lib2/libc2.a(_exit.o)
                0x0000000000000b6f                _exit
 .text          0x0000000000000b8c       0x20 ../lib/libsys.a(close.o)
                0x0000000000000b8c                close
 .text          0x0000000000000bac       0x24 ../lib/libsys.a(write.o)
                0x0000000000000bac                write
 .text          0x0000000000000bd0       0x53 ../lib/libsys.a(brk.o)
                0x0000000000000bd0                brk
                0x0000000000000c01                sbrk
 .text          0x0000000000000c23       0x1c ../lib/libsys.a(unlink.o)
                0x0000000000000c23                unlink
 .text          0x0000000000000c3f        0x0 ../lib/libsys.a(message.o)
 .text          0x0000000000000c3f       0xc8 ../lib/libsys.a(call.o)
                0x0000000000000c3f                callx
                0x0000000000000c6e                callm1
                0x0000000000000ca5                len
                0x0000000000000cbe                callm3
 .text          0x0000000000000d07       0x1c ../lib/libsys.a(sendrec.o)
                0x0000000000000d07                send
                0x0000000000000d0c                receive
                0x0000000000000d11                send_rec
                0x0000000000000d11                sendrec
                0x0000000000000d23                _begdata = .
 *(.data)
 .data          0x0000000000000d23        0x4 ../lib/crtso.o
                0x0000000000000d23                brksize
                0x0000000000000d25                environ
 .data          0x0000000000000d27        0x0 hello.o
 *fill*         0x0000000000000d27        0x1 
 .data          0x0000000000000d28        0x2 ../lib2/libc2.a(exit.o)
                0x0000000000000d28                _Atcount
 .data          0x0000000000000d2a        0x0 ../lib2/libc2.a(fclose.o)
 .data          0x0000000000000d2a        0x0 ../lib2/libc2.a(fflush.o)
 .data          0x0000000000000d2a        0x0 ../lib2/libc2.a(free.o)
 .data          0x0000000000000d2a        0x0 ../lib2/libc2.a(malloc.o)
 .data          0x0000000000000d2a        0x0 ../lib2/libc2.a(remove.o)
 .data          0x0000000000000d2a       0x62 ../lib2/libc2.a(xfiles.o)
                0x0000000000000d6c                _Files
 .data          0x0000000000000d8c        0x0 ../lib2/libc2.a(xgetmem.o)
 .data          0x0000000000000d8c        0x0 ../lib2/libc2.a(_exit.o)
 .data          0x0000000000000d8c        0x0 ../lib/libsys.a(close.o)
 .data          0x0000000000000d8c        0x0 ../lib/libsys.a(write.o)
 .data          0x0000000000000d8c        0x0 ../lib/libsys.a(brk.o)
 .data          0x0000000000000d8c        0x0 ../lib/libsys.a(unlink.o)
 .data          0x0000000000000d8c        0x0 ../lib/libsys.a(message.o)
 .data          0x0000000000000d8c        0x0 ../lib/libsys.a(call.o)
 .data          0x0000000000000d8c        0x0 ../lib/libsys.a(sendrec.o)
 *(.rodata*)
 .rodata        0x0000000000000d8c      0x112 hello.o
                0x0000000000000e9e                _begbss = .

.bss            0x0000000000000e9e       0xae load address 0x0000000000000ebe
 *(.bss)
 .bss           0x0000000000000e9e        0x0 ../lib/crtso.o
 .bss           0x0000000000000e9e        0x0 hello.o
 .bss           0x0000000000000e9e       0x40 ../lib2/libc2.a(exit.o)
                0x0000000000000e9e                _Atfuns
 .bss           0x0000000000000ede        0x0 ../lib2/libc2.a(fclose.o)
 .bss           0x0000000000000ede        0x0 ../lib2/libc2.a(fflush.o)
 .bss           0x0000000000000ede        0x0 ../lib2/libc2.a(free.o)
 .bss           0x0000000000000ede        0x4 ../lib2/libc2.a(malloc.o)
                0x0000000000000ede                _Aldata
 .bss           0x0000000000000ee2        0x0 ../lib2/libc2.a(remove.o)
 .bss           0x0000000000000ee2       0x50 ../lib2/libc2.a(xfiles.o)
 .bss           0x0000000000000f32        0x0 ../lib2/libc2.a(xgetmem.o)
 .bss           0x0000000000000f32        0x0 ../lib2/libc2.a(_exit.o)
 .bss           0x0000000000000f32        0x0 ../lib/libsys.a(close.o)
 .bss           0x0000000000000f32        0x0 ../lib/libsys.a(write.o)
 .bss           0x0000000000000f32        0x0 ../lib/libsys.a(brk.o)
 .bss           0x0000000000000f32        0x0 ../lib/libsys.a(unlink.o)
 .bss           0x0000000000000f32        0x0 ../lib/libsys.a(message.o)
 .bss           0x0000000000000f32        0x0 ../lib/libsys.a(call.o)
 .bss           0x0000000000000f32        0x0 ../lib/libsys.a(sendrec.o)
 *(COMMON)
 COMMON         0x0000000000000f32       0x18 ../lib/libsys.a(message.o)
                0x0000000000000f32                M
 COMMON         0x0000000000000f4a        0x2 ../lib/libsys.a(call.o)
                0x0000000000000f4a                errno
                0x0000000000000f4c                . = ALIGN (0x2)
                0x0000000000000f4c                _endbss = .

/DISCARD/
 *(.comment)
                0x0000000000000001                ASSERT ((. <= 0xdff8), Error: too large for a .out file.)
LOAD ../lib/crtso.o
LOAD hello.o
LOAD ../lib2/libc2.a
LOAD ../lib/libsys.a
OUTPUT(hello.out binary)
