Archive member included to satisfy reference by file (symbol)

../lib2/libc2.a(exit.o)       ../lib/crtso.o (exit)
../lib2/libc2.a(fclose.o)     ../lib2/libc2.a(exit.o) (fclose)
../lib2/libc2.a(fflush.o)     ../lib2/libc2.a(fclose.o) (fflush)
../lib2/libc2.a(free.o)       ../lib2/libc2.a(fclose.o) (free)
../lib2/libc2.a(malloc.o)     ../lib2/libc2.a(free.o) (_Aldata)
../lib2/libc2.a(remove.o)     ../lib2/libc2.a(fclose.o) (remove)
../lib2/libc2.a(strlen.o)     setjmp.o (strlen)
../lib2/libc2.a(xfiles.o)     ../lib2/libc2.a(exit.o) (_Files)
../lib2/libc2.a(xgetmem.o)    ../lib2/libc2.a(malloc.o) (_Getmem)
../lib2/libc2.a(_exit.o)      ../lib2/libc2.a(exit.o) (_exit)
../lib/libsys.a(setjmp.o)     setjmp.o (setjmp)
../lib/libsys.a(close.o)      ../lib2/libc2.a(fclose.o) (close)
../lib/libsys.a(write.o)      setjmp.o (write)
../lib/libsys.a(brk.o)        ../lib2/libc2.a(xgetmem.o) (sbrk)
../lib/libsys.a(unlink.o)     ../lib2/libc2.a(remove.o) (unlink)
../lib/libsys.a(message.o)    ../lib/libsys.a(brk.o) (M)
../lib/libsys.a(call.o)       ../lib2/libc2.a(_exit.o) (callm1)
../lib/libsys.a(sendrec.o)    ../lib/libsys.a(call.o) (sendrec)

Allocating common symbols
Common symbol       size              file

errno               0x2               ../lib/libsys.a(call.o)
buf                 0x6               setjmp.o
M                   0x18              ../lib/libsys.a(message.o)

Discarded input sections

 .comment       0x0000000000000000       0x12 setjmp.o
 .comment       0x0000000000000000       0x12 ../lib2/libc2.a(exit.o)
 .comment       0x0000000000000000       0x12 ../lib2/libc2.a(fclose.o)
 .comment       0x0000000000000000       0x12 ../lib2/libc2.a(fflush.o)
 .comment       0x0000000000000000       0x12 ../lib2/libc2.a(free.o)
 .comment       0x0000000000000000       0x12 ../lib2/libc2.a(malloc.o)
 .comment       0x0000000000000000       0x12 ../lib2/libc2.a(remove.o)
 .comment       0x0000000000000000       0x12 ../lib2/libc2.a(strlen.o)
 .comment       0x0000000000000000       0x12 ../lib2/libc2.a(xfiles.o)
 .comment       0x0000000000000000       0x12 ../lib2/libc2.a(xgetmem.o)
 .comment       0x0000000000000000       0x12 ../lib2/libc2.a(_exit.o)
 .comment       0x0000000000000000       0x12 ../lib/libsys.a(close.o)
 .comment       0x0000000000000000       0x12 ../lib/libsys.a(write.o)
 .comment       0x0000000000000000       0x12 ../lib/libsys.a(brk.o)
 .comment       0x0000000000000000       0x12 ../lib/libsys.a(unlink.o)
 .comment       0x0000000000000000       0x12 ../lib/libsys.a(message.o)
 .comment       0x0000000000000000       0x12 ../lib/libsys.a(call.o)

Memory Configuration

Name             Origin             Length             Attributes
*default*        0x0000000000000000 0xffffffffffffffff

Linker script and memory map


.hdr            0x0000000000000000       0x20
                0x0000000000000000        0x4 LONG 0x4100301
                0x0000000000000004        0x4 LONG 0x20
                0x0000000000000008        0x4 LONG 0x9bd (_begdata - _begtext)
                0x000000000000000c        0x4 LONG 0x93 (_begbss - _begdata)
                0x0000000000000010        0x4 LONG 0xb4 (_endbss - _begbss)
                0x0000000000000014        0x4 LONG 0x0 start
                0x0000000000000018        0x4 LONG 0x2b04 ((((_endbss - _begtext) + 0x2000) / 0x2) * 0x2)
                0x000000000000001c        0x4 LONG 0x0
                0x0000000000000020                _begintext = ALIGN (0x20)

.text           0x0000000000000000      0xa50 load address 0x0000000000000020
                0x0000000000000000                _begtext = .
 *(.text)
 .text          0x0000000000000000       0x1e ../lib/crtso.o
                0x0000000000000000                start
 .text          0x000000000000001e       0x8a setjmp.o
                0x000000000000001e                test
                0x0000000000000055                main
 .text          0x00000000000000a8       0x82 ../lib2/libc2.a(exit.o)
                0x00000000000000a8                exit
 .text          0x000000000000012a      0x158 ../lib2/libc2.a(fclose.o)
                0x000000000000012a                fclose
 .text          0x0000000000000282      0x134 ../lib2/libc2.a(fflush.o)
                0x0000000000000282                fflush
 .text          0x00000000000003b6      0x159 ../lib2/libc2.a(free.o)
                0x00000000000003b6                free
 .text          0x000000000000050f      0x230 ../lib2/libc2.a(malloc.o)
                0x000000000000064e                malloc
 .text          0x000000000000073f       0x1a ../lib2/libc2.a(remove.o)
                0x000000000000073f                remove
 .text          0x0000000000000759       0x36 ../lib2/libc2.a(strlen.o)
                0x0000000000000759                strlen
 .text          0x000000000000078f        0x0 ../lib2/libc2.a(xfiles.o)
 .text          0x000000000000078f       0x42 ../lib2/libc2.a(xgetmem.o)
                0x000000000000078f                _Getmem
 .text          0x00000000000007d1       0x1d ../lib2/libc2.a(_exit.o)
                0x00000000000007d1                _exit
 .text          0x00000000000007ee       0x38 ../lib/libsys.a(setjmp.o)
                0x00000000000007ee                setjmp
                0x0000000000000800                longjmp
 .text          0x0000000000000826       0x20 ../lib/libsys.a(close.o)
                0x0000000000000826                close
 .text          0x0000000000000846       0x24 ../lib/libsys.a(write.o)
                0x0000000000000846                write
 .text          0x000000000000086a       0x53 ../lib/libsys.a(brk.o)
                0x000000000000086a                brk
                0x000000000000089b                sbrk
 .text          0x00000000000008bd       0x1c ../lib/libsys.a(unlink.o)
                0x00000000000008bd                unlink
 .text          0x00000000000008d9        0x0 ../lib/libsys.a(message.o)
 .text          0x00000000000008d9       0xc8 ../lib/libsys.a(call.o)
                0x00000000000008d9                callx
                0x0000000000000908                callm1
                0x000000000000093f                len
                0x0000000000000958                callm3
 .text          0x00000000000009a1       0x1c ../lib/libsys.a(sendrec.o)
                0x00000000000009a1                send
                0x00000000000009a6                receive
                0x00000000000009ab                send_rec
                0x00000000000009ab                sendrec
                0x00000000000009bd                _begdata = .
 *(.data)
 .data          0x00000000000009bd        0x4 ../lib/crtso.o
                0x00000000000009bd                brksize
                0x00000000000009bf                environ
 *fill*         0x00000000000009c1        0x1 
 .data          0x00000000000009c2        0x6 setjmp.o
                0x00000000000009c2                s1
                0x00000000000009c4                s2
                0x00000000000009c6                s3
 .data          0x00000000000009c8        0x2 ../lib2/libc2.a(exit.o)
                0x00000000000009c8                _Atcount
 .data          0x00000000000009ca        0x0 ../lib2/libc2.a(fclose.o)
 .data          0x00000000000009ca        0x0 ../lib2/libc2.a(fflush.o)
 .data          0x00000000000009ca        0x0 ../lib2/libc2.a(free.o)
 .data          0x00000000000009ca        0x0 ../lib2/libc2.a(malloc.o)
 .data          0x00000000000009ca        0x0 ../lib2/libc2.a(remove.o)
 .data          0x00000000000009ca        0x0 ../lib2/libc2.a(strlen.o)
 .data          0x00000000000009ca       0x62 ../lib2/libc2.a(xfiles.o)
                0x0000000000000a0c                _Files
 .data          0x0000000000000a2c        0x0 ../lib2/libc2.a(xgetmem.o)
 .data          0x0000000000000a2c        0x0 ../lib2/libc2.a(_exit.o)
 .data          0x0000000000000a2c        0x0 ../lib/libsys.a(setjmp.o)
 .data          0x0000000000000a2c        0x0 ../lib/libsys.a(close.o)
 .data          0x0000000000000a2c        0x0 ../lib/libsys.a(write.o)
 .data          0x0000000000000a2c        0x0 ../lib/libsys.a(brk.o)
 .data          0x0000000000000a2c        0x0 ../lib/libsys.a(unlink.o)
 .data          0x0000000000000a2c        0x0 ../lib/libsys.a(message.o)
 .data          0x0000000000000a2c        0x0 ../lib/libsys.a(call.o)
 .data          0x0000000000000a2c        0x0 ../lib/libsys.a(sendrec.o)
 *(.rodata*)
 .rodata        0x0000000000000a2c       0x24 setjmp.o
                0x0000000000000a50                _begbss = .

.bss            0x0000000000000a50       0xb4 load address 0x0000000000000a70
 *(.bss)
 .bss           0x0000000000000a50        0x0 ../lib/crtso.o
 .bss           0x0000000000000a50        0x0 setjmp.o
 .bss           0x0000000000000a50       0x40 ../lib2/libc2.a(exit.o)
                0x0000000000000a50                _Atfuns
 .bss           0x0000000000000a90        0x0 ../lib2/libc2.a(fclose.o)
 .bss           0x0000000000000a90        0x0 ../lib2/libc2.a(fflush.o)
 .bss           0x0000000000000a90        0x0 ../lib2/libc2.a(free.o)
 .bss           0x0000000000000a90        0x4 ../lib2/libc2.a(malloc.o)
                0x0000000000000a90                _Aldata
 .bss           0x0000000000000a94        0x0 ../lib2/libc2.a(remove.o)
 .bss           0x0000000000000a94        0x0 ../lib2/libc2.a(strlen.o)
 .bss           0x0000000000000a94       0x50 ../lib2/libc2.a(xfiles.o)
 .bss           0x0000000000000ae4        0x0 ../lib2/libc2.a(xgetmem.o)
 .bss           0x0000000000000ae4        0x0 ../lib2/libc2.a(_exit.o)
 .bss           0x0000000000000ae4        0x0 ../lib/libsys.a(setjmp.o)
 .bss           0x0000000000000ae4        0x0 ../lib/libsys.a(close.o)
 .bss           0x0000000000000ae4        0x0 ../lib/libsys.a(write.o)
 .bss           0x0000000000000ae4        0x0 ../lib/libsys.a(brk.o)
 .bss           0x0000000000000ae4        0x0 ../lib/libsys.a(unlink.o)
 .bss           0x0000000000000ae4        0x0 ../lib/libsys.a(message.o)
 .bss           0x0000000000000ae4        0x0 ../lib/libsys.a(call.o)
 .bss           0x0000000000000ae4        0x0 ../lib/libsys.a(sendrec.o)
 *(COMMON)
 COMMON         0x0000000000000ae4        0x6 setjmp.o
                0x0000000000000ae4                buf
 COMMON         0x0000000000000aea       0x18 ../lib/libsys.a(message.o)
                0x0000000000000aea                M
 COMMON         0x0000000000000b02        0x2 ../lib/libsys.a(call.o)
                0x0000000000000b02                errno
                0x0000000000000b04                . = ALIGN (0x2)
                0x0000000000000b04                _endbss = .

/DISCARD/
 *(.comment)
                0x0000000000000001                ASSERT ((. <= 0xdff8), Error: too large for a .out file.)
LOAD ../lib/crtso.o
LOAD setjmp.o
LOAD ../lib2/libc2.a
LOAD ../lib/libsys.a
OUTPUT(setjmp.out binary)
