Archive member included to satisfy reference by file (symbol)

../lib/libsys.a(close.o)      cat.o (close)
../lib/libsys.a(read.o)       cat.o (read)
../lib/libsys.a(exit.o)       ../lib/crtso.o (exit)
../lib/libsys.a(open.o)       cat.o (open)
../lib/libsys.a(write.o)      cat.o (write)
../lib/libsys.a(call.o)       ../lib/libsys.a(close.o) (callm1)
../lib/libsys.a(stderr.o)     cat.o (std_err)
../lib/libsys.a(perror.o)     cat.o (perror)
../lib/libsys.a(sendrec.o)    ../lib/libsys.a(call.o) (sendrec)
../lib/libsys.a(message.o)    ../lib/libsys.a(call.o) (M)

Allocating common symbols
Common symbol       size              file

unbuffered          0x2               cat.o
errno               0x2               ../lib/libsys.a(call.o)
buffer              0x200             cat.o
M                   0x18              ../lib/libsys.a(message.o)

Discarded input sections

 .comment       0x0000000000000000       0x12 cat.o
 .comment       0x0000000000000000       0x12 ../lib/libsys.a(close.o)
 .comment       0x0000000000000000       0x12 ../lib/libsys.a(read.o)
 .comment       0x0000000000000000       0x12 ../lib/libsys.a(exit.o)
 .comment       0x0000000000000000       0x12 ../lib/libsys.a(open.o)
 .comment       0x0000000000000000       0x12 ../lib/libsys.a(write.o)
 .comment       0x0000000000000000       0x12 ../lib/libsys.a(call.o)
 .comment       0x0000000000000000       0x12 ../lib/libsys.a(stderr.o)
 .comment       0x0000000000000000       0x12 ../lib/libsys.a(perror.o)
 .comment       0x0000000000000000       0x12 ../lib/libsys.a(message.o)

Memory Configuration

Name             Origin             Length             Attributes
*default*        0x0000000000000000 0xffffffffffffffff

Linker script and memory map


.hdr            0x0000000000000000       0x20
                0x0000000000000000        0x4 LONG 0x4100301
                0x0000000000000004        0x4 LONG 0x20
                0x0000000000000008        0x4 LONG 0x3f2 (_begdata - _begtext)
                0x000000000000000c        0x4 LONG 0x2c1 (_begbss - _begdata)
                0x0000000000000010        0x4 LONG 0x21d (_endbss - _begbss)
                0x0000000000000014        0x4 LONG 0x0 start
                0x0000000000000018        0x4 LONG 0x1cd0 ((_endbss - _begtext) + 0x1400)
                0x000000000000001c        0x4 LONG 0x0
                0x0000000000000020                _begintext = ALIGN (0x20)

.text           0x0000000000000000      0x6b3 load address 0x0000000000000020
                0x0000000000000000                _begtext = .
 *(.text)
 .text          0x0000000000000000       0x1e ../lib/crtso.o
                0x0000000000000000                start
 .text          0x000000000000001e      0x1ad cat.o
                0x000000000000001e                quit
                0x0000000000000030                copyfile
                0x00000000000000cd                flush
                0x00000000000000f1                main
 .text          0x00000000000001cb       0x20 ../lib/libsys.a(close.o)
                0x00000000000001cb                close
 .text          0x00000000000001eb       0x24 ../lib/libsys.a(read.o)
                0x00000000000001eb                read
 .text          0x000000000000020f       0x1d ../lib/libsys.a(exit.o)
                0x000000000000020f                exit
 .text          0x000000000000022c       0x1b ../lib/libsys.a(open.o)
                0x000000000000022c                open
 .text          0x0000000000000247       0x24 ../lib/libsys.a(write.o)
                0x0000000000000247                write
 .text          0x000000000000026b       0xc8 ../lib/libsys.a(call.o)
                0x000000000000026b                callx
                0x000000000000029a                callm1
                0x00000000000002d1                len
                0x00000000000002ea                callm3
 .text          0x0000000000000333       0x27 ../lib/libsys.a(stderr.o)
                0x0000000000000333                std_err
 .text          0x000000000000035a       0x7c ../lib/libsys.a(perror.o)
                0x000000000000035a                perror
 .text          0x00000000000003d6       0x1c ../lib/libsys.a(sendrec.o)
                0x00000000000003d6                send
                0x00000000000003db                receive
                0x00000000000003e0                send_rec
                0x00000000000003e0                sendrec
 .text          0x00000000000003f2        0x0 ../lib/libsys.a(message.o)
                0x00000000000003f2                _begdata = .
 *(.data)
 .data          0x00000000000003f2        0x4 ../lib/crtso.o
                0x00000000000003f2                brksize
                0x00000000000003f4                environ
 .data          0x00000000000003f6        0x2 cat.o
                0x00000000000003f6                next
 .data          0x00000000000003f8        0x0 ../lib/libsys.a(close.o)
 .data          0x00000000000003f8        0x0 ../lib/libsys.a(read.o)
 .data          0x00000000000003f8        0x0 ../lib/libsys.a(exit.o)
 .data          0x00000000000003f8        0x0 ../lib/libsys.a(open.o)
 .data          0x00000000000003f8        0x0 ../lib/libsys.a(write.o)
 .data          0x00000000000003f8        0x0 ../lib/libsys.a(call.o)
 .data          0x00000000000003f8        0x0 ../lib/libsys.a(stderr.o)
 .data          0x00000000000003f8       0x46 ../lib/libsys.a(perror.o)
                0x00000000000003f8                error_message
 .data          0x000000000000043e        0x0 ../lib/libsys.a(sendrec.o)
 .data          0x000000000000043e        0x0 ../lib/libsys.a(message.o)
 *(.rodata*)
 .rodata.str1.1
                0x000000000000043e       0x18 cat.o
 .rodata.str1.1
                0x0000000000000456      0x25d ../lib/libsys.a(perror.o)
                0x00000000000006b3                _begbss = .

.bss            0x00000000000006b4      0x21c load address 0x00000000000006d4
 *(.bss)
 .bss           0x00000000000006b4        0x0 ../lib/crtso.o
 .bss           0x00000000000006b4        0x0 cat.o
 .bss           0x00000000000006b4        0x0 ../lib/libsys.a(close.o)
 .bss           0x00000000000006b4        0x0 ../lib/libsys.a(read.o)
 .bss           0x00000000000006b4        0x0 ../lib/libsys.a(exit.o)
 .bss           0x00000000000006b4        0x0 ../lib/libsys.a(open.o)
 .bss           0x00000000000006b4        0x0 ../lib/libsys.a(write.o)
 .bss           0x00000000000006b4        0x0 ../lib/libsys.a(call.o)
 .bss           0x00000000000006b4        0x0 ../lib/libsys.a(stderr.o)
 .bss           0x00000000000006b4        0x0 ../lib/libsys.a(perror.o)
 .bss           0x00000000000006b4        0x0 ../lib/libsys.a(sendrec.o)
 .bss           0x00000000000006b4        0x0 ../lib/libsys.a(message.o)
 *(COMMON)
 COMMON         0x00000000000006b4      0x202 cat.o
                0x00000000000006b4                unbuffered
                0x00000000000006b6                buffer
 COMMON         0x00000000000008b6        0x2 ../lib/libsys.a(call.o)
                0x00000000000008b6                errno
 COMMON         0x00000000000008b8       0x18 ../lib/libsys.a(message.o)
                0x00000000000008b8                M
                0x00000000000008d0                _endbss = .

/DISCARD/
 *(.comment)
                0x0000000000000001                ASSERT ((. <= 0xebf8), Error: too large for a .out file.)
LOAD ../lib/crtso.o
LOAD cat.o
LOAD ../lib/libsys.a
OUTPUT(cat.out binary)
