Archive member included to satisfy reference by file (symbol)

../lib/libsys.a(read.o)       chmem.o (read)
../lib/libsys.a(exit.o)       ../lib/crtso.o (exit)
../lib/libsys.a(open.o)       chmem.o (open)
../lib/libsys.a(lseek.o)      chmem.o (lseek)
../lib/libsys.a(write.o)      chmem.o (write)
../lib/libsys.a(message.o)    ../lib/libsys.a(lseek.o) (M)
../lib/libsys.a(call.o)       ../lib/libsys.a(lseek.o) (callx)
../lib/libsys.a(stderr.o)     chmem.o (std_err)
../lib/libsys.a(fprintf.o)    chmem.o (printf)
../lib/libsys.a(fflush.o)     ../lib/libsys.a(fprintf.o) (fflush)
../lib/libsys.a(printdat.o)   ../lib/libsys.a(fprintf.o) (_io_table)
../lib/libsys.a(doprintf.o)   ../lib/libsys.a(fprintf.o) (_doprintf)
../lib/libsys.a(putc.o)       ../lib/libsys.a(doprintf.o) (putc)
../lib/libsys.a(atoi.o)       chmem.o (atoi)
../lib/libsys.a(divmodsi3.o)  ../lib/libsys.a(doprintf.o) (__divsi3)
../lib/libsys.a(ldivmod.o)    ../lib/libsys.a(divmodsi3.o) (ldivmod)
../lib/libsys.a(sendrec.o)    ../lib/libsys.a(call.o) (sendrec)
../lib/libsys.a(strlen.o)     ../lib/libsys.a(doprintf.o) (strlen)

Allocating common symbols
Common symbol       size              file

errno               0x2               ../lib/libsys.a(call.o)
__stdin             0x400             ../lib/libsys.a(printdat.o)
M                   0x18              ../lib/libsys.a(message.o)
__stdout            0x400             ../lib/libsys.a(printdat.o)

Discarded input sections

 .comment       0x0000000000000000       0x12 chmem.o
 .comment       0x0000000000000000       0x12 ../lib/libsys.a(read.o)
 .comment       0x0000000000000000       0x12 ../lib/libsys.a(exit.o)
 .comment       0x0000000000000000       0x12 ../lib/libsys.a(open.o)
 .comment       0x0000000000000000       0x12 ../lib/libsys.a(lseek.o)
 .comment       0x0000000000000000       0x12 ../lib/libsys.a(write.o)
 .comment       0x0000000000000000       0x12 ../lib/libsys.a(message.o)
 .comment       0x0000000000000000       0x12 ../lib/libsys.a(call.o)
 .comment       0x0000000000000000       0x12 ../lib/libsys.a(stderr.o)
 .comment       0x0000000000000000       0x12 ../lib/libsys.a(fprintf.o)
 .comment       0x0000000000000000       0x12 ../lib/libsys.a(fflush.o)
 .comment       0x0000000000000000       0x12 ../lib/libsys.a(printdat.o)
 .comment       0x0000000000000000       0x12 ../lib/libsys.a(doprintf.o)
 .comment       0x0000000000000000       0x12 ../lib/libsys.a(putc.o)
 .comment       0x0000000000000000       0x12 ../lib/libsys.a(atoi.o)
 .comment       0x0000000000000000       0x12 ../lib/libsys.a(strlen.o)

Memory Configuration

Name             Origin             Length             Attributes
*default*        0x0000000000000000 0xffffffffffffffff

Linker script and memory map


.hdr            0x0000000000000000       0x20
                0x0000000000000000        0x4 LONG 0x4100301
                0x0000000000000004        0x4 LONG 0x20
                0x0000000000000008        0x4 LONG 0xc8a (_begdata - _begtext)
                0x000000000000000c        0x4 LONG 0x164 (_begbss - _begdata)
                0x0000000000000010        0x4 LONG 0x81a (_endbss - _begbss)
                0x0000000000000014        0x4 LONG 0x0 start
                0x0000000000000018        0x4 LONG 0x3608 ((((_endbss - _begtext) + 0x2000) / 0x2) * 0x2)
                0x000000000000001c        0x4 LONG 0x0
                0x0000000000000020                _begintext = ALIGN (0x20)

.text           0x0000000000000000      0xdee load address 0x0000000000000020
                0x0000000000000000                _begtext = .
 *(.text)
 .text          0x0000000000000000       0x1e ../lib/crtso.o
                0x0000000000000000                start
 .text          0x000000000000001e      0x267 chmem.o
                0x000000000000001e                usage
                0x0000000000000030                stderr3
                0x0000000000000053                main
 .text          0x0000000000000285       0x24 ../lib/libsys.a(read.o)
                0x0000000000000285                read
 .text          0x00000000000002a9       0x1d ../lib/libsys.a(exit.o)
                0x00000000000002a9                exit
 .text          0x00000000000002c6       0x1b ../lib/libsys.a(open.o)
                0x00000000000002c6                open
 .text          0x00000000000002e1       0x3e ../lib/libsys.a(lseek.o)
                0x00000000000002e1                lseek
 .text          0x000000000000031f       0x24 ../lib/libsys.a(write.o)
                0x000000000000031f                write
 .text          0x0000000000000343        0x0 ../lib/libsys.a(message.o)
 .text          0x0000000000000343       0xc8 ../lib/libsys.a(call.o)
                0x0000000000000343                callx
                0x0000000000000372                callm1
                0x00000000000003a9                len
                0x00000000000003c2                callm3
 .text          0x000000000000040b       0x27 ../lib/libsys.a(stderr.o)
                0x000000000000040b                std_err
 .text          0x0000000000000432       0x54 ../lib/libsys.a(fprintf.o)
                0x0000000000000432                fprintf
                0x000000000000045b                printf
 .text          0x0000000000000486       0x4d ../lib/libsys.a(fflush.o)
                0x0000000000000486                fflush
 .text          0x00000000000004d3        0x0 ../lib/libsys.a(printdat.o)
 .text          0x00000000000004d3      0x4c7 ../lib/libsys.a(doprintf.o)
                0x00000000000005a1                _doprintf
 .text          0x000000000000099a       0xb8 ../lib/libsys.a(putc.o)
                0x000000000000099a                putc
 .text          0x0000000000000a52       0xb5 ../lib/libsys.a(atoi.o)
                0x0000000000000a52                atoi
 .text          0x0000000000000b07       0x74 ../lib/libsys.a(divmodsi3.o)
                0x0000000000000b07                __divsi3
                0x0000000000000b25                __modsi3
                0x0000000000000b41                __udivsi3
                0x0000000000000b5f                __umodsi3
 .text          0x0000000000000b7b       0xda ../lib/libsys.a(ldivmod.o)
                0x0000000000000b7b                ldivmod
                0x0000000000000b97                ludivmod
 .text          0x0000000000000c55       0x1c ../lib/libsys.a(sendrec.o)
                0x0000000000000c55                send
                0x0000000000000c5a                receive
                0x0000000000000c5f                send_rec
                0x0000000000000c5f                sendrec
 .text          0x0000000000000c71       0x19 ../lib/libsys.a(strlen.o)
                0x0000000000000c71                strlen
                0x0000000000000c8a                _begdata = .
 *(.data)
 .data          0x0000000000000c8a        0x4 ../lib/crtso.o
                0x0000000000000c8a                brksize
                0x0000000000000c8c                environ
 .data          0x0000000000000c8e        0x0 chmem.o
 .data          0x0000000000000c8e        0x0 ../lib/libsys.a(read.o)
 .data          0x0000000000000c8e        0x0 ../lib/libsys.a(exit.o)
 .data          0x0000000000000c8e        0x0 ../lib/libsys.a(open.o)
 .data          0x0000000000000c8e        0x0 ../lib/libsys.a(lseek.o)
 .data          0x0000000000000c8e        0x0 ../lib/libsys.a(write.o)
 .data          0x0000000000000c8e        0x0 ../lib/libsys.a(message.o)
 .data          0x0000000000000c8e        0x0 ../lib/libsys.a(call.o)
 .data          0x0000000000000c8e        0x0 ../lib/libsys.a(stderr.o)
 .data          0x0000000000000c8e        0x0 ../lib/libsys.a(fprintf.o)
 .data          0x0000000000000c8e        0x0 ../lib/libsys.a(fflush.o)
 .data          0x0000000000000c8e       0x46 ../lib/libsys.a(printdat.o)
                0x0000000000000c8e                _io_table
                0x0000000000000cb6                _stderr
                0x0000000000000cc0                _stdout
                0x0000000000000cca                _stdin
 .data          0x0000000000000cd4        0x0 ../lib/libsys.a(doprintf.o)
 .data          0x0000000000000cd4        0x0 ../lib/libsys.a(putc.o)
 .data          0x0000000000000cd4        0x0 ../lib/libsys.a(atoi.o)
 .data          0x0000000000000cd4        0x0 ../lib/libsys.a(divmodsi3.o)
 .data          0x0000000000000cd4        0x0 ../lib/libsys.a(ldivmod.o)
 .data          0x0000000000000cd4        0x0 ../lib/libsys.a(sendrec.o)
 .data          0x0000000000000cd4        0x0 ../lib/libsys.a(strlen.o)
 *(.rodata*)
 .rodata.str1.1
                0x0000000000000cd4       0xaf chmem.o
 *fill*         0x0000000000000d83        0x1 
 .rodata        0x0000000000000d84       0x6a ../lib/libsys.a(doprintf.o)
                0x0000000000000dee                _begbss = .

.bss            0x0000000000000dee      0x81a load address 0x0000000000000e0e
 *(.bss)
 .bss           0x0000000000000dee        0x0 ../lib/crtso.o
 .bss           0x0000000000000dee        0x0 chmem.o
 .bss           0x0000000000000dee        0x0 ../lib/libsys.a(read.o)
 .bss           0x0000000000000dee        0x0 ../lib/libsys.a(exit.o)
 .bss           0x0000000000000dee        0x0 ../lib/libsys.a(open.o)
 .bss           0x0000000000000dee        0x0 ../lib/libsys.a(lseek.o)
 .bss           0x0000000000000dee        0x0 ../lib/libsys.a(write.o)
 .bss           0x0000000000000dee        0x0 ../lib/libsys.a(message.o)
 .bss           0x0000000000000dee        0x0 ../lib/libsys.a(call.o)
 .bss           0x0000000000000dee        0x0 ../lib/libsys.a(stderr.o)
 .bss           0x0000000000000dee        0x0 ../lib/libsys.a(fprintf.o)
 .bss           0x0000000000000dee        0x0 ../lib/libsys.a(fflush.o)
 .bss           0x0000000000000dee        0x0 ../lib/libsys.a(printdat.o)
 .bss           0x0000000000000dee        0x0 ../lib/libsys.a(doprintf.o)
 .bss           0x0000000000000dee        0x0 ../lib/libsys.a(putc.o)
 .bss           0x0000000000000dee        0x0 ../lib/libsys.a(atoi.o)
 .bss           0x0000000000000dee        0x0 ../lib/libsys.a(divmodsi3.o)
 .bss           0x0000000000000dee        0x0 ../lib/libsys.a(ldivmod.o)
 .bss           0x0000000000000dee        0x0 ../lib/libsys.a(sendrec.o)
 .bss           0x0000000000000dee        0x0 ../lib/libsys.a(strlen.o)
 *(COMMON)
 COMMON         0x0000000000000dee       0x18 ../lib/libsys.a(message.o)
                0x0000000000000dee                M
 COMMON         0x0000000000000e06        0x2 ../lib/libsys.a(call.o)
                0x0000000000000e06                errno
 COMMON         0x0000000000000e08      0x800 ../lib/libsys.a(printdat.o)
                0x0000000000000e08                __stdin
                0x0000000000001208                __stdout
                0x0000000000001608                . = ALIGN (0x2)
                0x0000000000001608                _endbss = .

/DISCARD/
 *(.comment)
                0x0000000000000001                ASSERT ((. <= 0xdff8), Error: too large for a .out file.)
LOAD ../lib/crtso.o
LOAD chmem.o
LOAD ../lib/libsys.a
OUTPUT(chmem.out binary)
