Archive member included to satisfy reference by file (symbol)

../lib/libsys.a(access.o)     chmod.o (access)
../lib/libsys.a(chmod.o)      chmod.o (chmod)
../lib/libsys.a(exit.o)       ../lib/crtso.o (exit)
../lib/libsys.a(call.o)       ../lib/libsys.a(exit.o) (callm1)
../lib/libsys.a(prints.o)     chmod.o (prints)
../lib/libsys.a(sendrec.o)    ../lib/libsys.a(call.o) (sendrec)
../lib/libsys.a(write.o)      ../lib/libsys.a(prints.o) (write)
../lib/libsys.a(message.o)    ../lib/libsys.a(call.o) (M)

Allocating common symbols
Common symbol       size              file

errno               0x2               ../lib/libsys.a(call.o)
Bufp                0x2               ../lib/libsys.a(prints.o)
Buf                 0x80              ../lib/libsys.a(prints.o)
M                   0x18              ../lib/libsys.a(message.o)

Discarded input sections

 .comment       0x0000000000000000       0x12 chmod.o
 .comment       0x0000000000000000       0x12 ../lib/libsys.a(access.o)
 .comment       0x0000000000000000       0x12 ../lib/libsys.a(chmod.o)
 .comment       0x0000000000000000       0x12 ../lib/libsys.a(exit.o)
 .comment       0x0000000000000000       0x12 ../lib/libsys.a(call.o)
 .comment       0x0000000000000000       0x12 ../lib/libsys.a(prints.o)
 .comment       0x0000000000000000       0x12 ../lib/libsys.a(write.o)
 .comment       0x0000000000000000       0x12 ../lib/libsys.a(message.o)

Memory Configuration

Name             Origin             Length             Attributes
*default*        0x0000000000000000 0xffffffffffffffff

Linker script and memory map


.hdr            0x0000000000000000       0x20
                0x0000000000000000        0x4 LONG 0x4100301
                0x0000000000000004        0x4 LONG 0x20
                0x0000000000000008        0x4 LONG 0x3a8 (_begdata - _begtext)
                0x000000000000000c        0x4 LONG 0x52 (_begbss - _begdata)
                0x0000000000000010        0x4 LONG 0x9c (_endbss - _begbss)
                0x0000000000000014        0x4 LONG 0x0 start
                0x0000000000000018        0x4 LONG 0x2496 ((((_endbss - _begtext) + 0x2000) / 0x2) * 0x2)
                0x000000000000001c        0x4 LONG 0x0
                0x0000000000000020                _begintext = ALIGN (0x20)

.text           0x0000000000000000      0x3fa load address 0x0000000000000020
                0x0000000000000000                _begtext = .
 *(.text)
 .text          0x0000000000000000       0x1e ../lib/crtso.o
                0x0000000000000000                start
 .text          0x000000000000001e       0xf6 chmod.o
                0x000000000000001e                Usage
                0x0000000000000030                oatoi
                0x0000000000000073                main
 .text          0x0000000000000114       0x1b ../lib/libsys.a(access.o)
                0x0000000000000114                access
 .text          0x000000000000012f       0x1b ../lib/libsys.a(chmod.o)
                0x000000000000012f                chmod
 .text          0x000000000000014a       0x1d ../lib/libsys.a(exit.o)
                0x000000000000014a                exit
 .text          0x0000000000000167       0xc8 ../lib/libsys.a(call.o)
                0x0000000000000167                callx
                0x0000000000000196                callm1
                0x00000000000001cd                len
                0x00000000000001e6                callm3
 .text          0x000000000000022f      0x139 ../lib/libsys.a(prints.o)
                0x0000000000000248                prints
 .text          0x0000000000000368       0x1c ../lib/libsys.a(sendrec.o)
                0x0000000000000368                send
                0x000000000000036d                receive
                0x0000000000000372                send_rec
                0x0000000000000372                sendrec
 .text          0x0000000000000384       0x24 ../lib/libsys.a(write.o)
                0x0000000000000384                write
 .text          0x00000000000003a8        0x0 ../lib/libsys.a(message.o)
                0x00000000000003a8                _begdata = .
 *(.data)
 .data          0x00000000000003a8        0x4 ../lib/crtso.o
                0x00000000000003a8                brksize
                0x00000000000003aa                environ
 .data          0x00000000000003ac        0x0 chmod.o
 .data          0x00000000000003ac        0x0 ../lib/libsys.a(access.o)
 .data          0x00000000000003ac        0x0 ../lib/libsys.a(chmod.o)
 .data          0x00000000000003ac        0x0 ../lib/libsys.a(exit.o)
 .data          0x00000000000003ac        0x0 ../lib/libsys.a(call.o)
 .data          0x00000000000003ac        0x0 ../lib/libsys.a(prints.o)
 .data          0x00000000000003ac        0x0 ../lib/libsys.a(sendrec.o)
 .data          0x00000000000003ac        0x0 ../lib/libsys.a(write.o)
 .data          0x00000000000003ac        0x0 ../lib/libsys.a(message.o)
 *(.rodata*)
 .rodata.str1.1
                0x00000000000003ac       0x4e chmod.o
                0x00000000000003fa                _begbss = .

.bss            0x00000000000003fa       0x9c load address 0x000000000000041a
 *(.bss)
 .bss           0x00000000000003fa        0x0 ../lib/crtso.o
 .bss           0x00000000000003fa        0x0 chmod.o
 .bss           0x00000000000003fa        0x0 ../lib/libsys.a(access.o)
 .bss           0x00000000000003fa        0x0 ../lib/libsys.a(chmod.o)
 .bss           0x00000000000003fa        0x0 ../lib/libsys.a(exit.o)
 .bss           0x00000000000003fa        0x0 ../lib/libsys.a(call.o)
 .bss           0x00000000000003fa        0x0 ../lib/libsys.a(prints.o)
 .bss           0x00000000000003fa        0x0 ../lib/libsys.a(sendrec.o)
 .bss           0x00000000000003fa        0x0 ../lib/libsys.a(write.o)
 .bss           0x00000000000003fa        0x0 ../lib/libsys.a(message.o)
 *(COMMON)
 COMMON         0x00000000000003fa        0x2 ../lib/libsys.a(call.o)
                0x00000000000003fa                errno
 COMMON         0x00000000000003fc       0x82 ../lib/libsys.a(prints.o)
                0x00000000000003fc                Bufp
                0x00000000000003fe                Buf
 COMMON         0x000000000000047e       0x18 ../lib/libsys.a(message.o)
                0x000000000000047e                M
                0x0000000000000496                . = ALIGN (0x2)
                0x0000000000000496                _endbss = .

/DISCARD/
 *(.comment)
                0x0000000000000001                ASSERT ((. <= 0xdff8), Error: too large for a .out file.)
LOAD ../lib/crtso.o
LOAD chmod.o
LOAD ../lib/libsys.a
OUTPUT(chmod.out binary)
