Archive member included to satisfy reference by file (symbol)

../lib/libsys.a(exit.o)       ../lib/crtso.o (exit)
../lib/libsys.a(call.o)       ../lib/libsys.a(exit.o) (callm1)
../lib/libsys.a(prints.o)     clr.o (prints)
../lib/libsys.a(sendrec.o)    ../lib/libsys.a(call.o) (sendrec)
../lib/libsys.a(write.o)      ../lib/libsys.a(prints.o) (write)
../lib/libsys.a(message.o)    ../lib/libsys.a(call.o) (M)

Allocating common symbols
Common symbol       size              file

errno               0x2               ../lib/libsys.a(call.o)
Bufp                0x2               ../lib/libsys.a(prints.o)
Buf                 0x80              ../lib/libsys.a(prints.o)
M                   0x18              ../lib/libsys.a(message.o)

Discarded input sections

 .comment       0x0000000000000000       0x12 clr.o
 .comment       0x0000000000000000       0x12 ../lib/libsys.a(exit.o)
 .comment       0x0000000000000000       0x12 ../lib/libsys.a(call.o)
 .comment       0x0000000000000000       0x12 ../lib/libsys.a(prints.o)
 .comment       0x0000000000000000       0x12 ../lib/libsys.a(write.o)
 .comment       0x0000000000000000       0x12 ../lib/libsys.a(message.o)

Memory Configuration

Name             Origin             Length             Attributes
*default*        0x0000000000000000 0xffffffffffffffff

Linker script and memory map


.hdr            0x0000000000000000       0x20
                0x0000000000000000        0x4 LONG 0x4100301
                0x0000000000000004        0x4 LONG 0x20
                0x0000000000000008        0x4 LONG 0x28e (_begdata - _begtext)
                0x000000000000000c        0x4 LONG 0xb (_begbss - _begdata)
                0x0000000000000010        0x4 LONG 0x9d (_endbss - _begbss)
                0x0000000000000014        0x4 LONG 0x0 start
                0x0000000000000018        0x4 LONG 0x2336 ((((_endbss - _begtext) + 0x2000) / 0x2) * 0x2)
                0x000000000000001c        0x4 LONG 0x0
                0x0000000000000020                _begintext = ALIGN (0x20)

.text           0x0000000000000000      0x299 load address 0x0000000000000020
                0x0000000000000000                _begtext = .
 *(.text)
 .text          0x0000000000000000       0x1e ../lib/crtso.o
                0x0000000000000000                start
 .text          0x000000000000001e       0x12 clr.o
                0x000000000000001e                main
 .text          0x0000000000000030       0x1d ../lib/libsys.a(exit.o)
                0x0000000000000030                exit
 .text          0x000000000000004d       0xc8 ../lib/libsys.a(call.o)
                0x000000000000004d                callx
                0x000000000000007c                callm1
                0x00000000000000b3                len
                0x00000000000000cc                callm3
 .text          0x0000000000000115      0x139 ../lib/libsys.a(prints.o)
                0x000000000000012e                prints
 .text          0x000000000000024e       0x1c ../lib/libsys.a(sendrec.o)
                0x000000000000024e                send
                0x0000000000000253                receive
                0x0000000000000258                send_rec
                0x0000000000000258                sendrec
 .text          0x000000000000026a       0x24 ../lib/libsys.a(write.o)
                0x000000000000026a                write
 .text          0x000000000000028e        0x0 ../lib/libsys.a(message.o)
                0x000000000000028e                _begdata = .
 *(.data)
 .data          0x000000000000028e        0x4 ../lib/crtso.o
                0x000000000000028e                brksize
                0x0000000000000290                environ
 .data          0x0000000000000292        0x0 clr.o
 .data          0x0000000000000292        0x0 ../lib/libsys.a(exit.o)
 .data          0x0000000000000292        0x0 ../lib/libsys.a(call.o)
 .data          0x0000000000000292        0x0 ../lib/libsys.a(prints.o)
 .data          0x0000000000000292        0x0 ../lib/libsys.a(sendrec.o)
 .data          0x0000000000000292        0x0 ../lib/libsys.a(write.o)
 .data          0x0000000000000292        0x0 ../lib/libsys.a(message.o)
 *(.rodata*)
 .rodata.str1.1
                0x0000000000000292        0x7 clr.o
                0x0000000000000299                _begbss = .

.bss            0x000000000000029a       0x9c load address 0x00000000000002ba
 *(.bss)
 .bss           0x000000000000029a        0x0 ../lib/crtso.o
 .bss           0x000000000000029a        0x0 clr.o
 .bss           0x000000000000029a        0x0 ../lib/libsys.a(exit.o)
 .bss           0x000000000000029a        0x0 ../lib/libsys.a(call.o)
 .bss           0x000000000000029a        0x0 ../lib/libsys.a(prints.o)
 .bss           0x000000000000029a        0x0 ../lib/libsys.a(sendrec.o)
 .bss           0x000000000000029a        0x0 ../lib/libsys.a(write.o)
 .bss           0x000000000000029a        0x0 ../lib/libsys.a(message.o)
 *(COMMON)
 COMMON         0x000000000000029a        0x2 ../lib/libsys.a(call.o)
                0x000000000000029a                errno
 COMMON         0x000000000000029c       0x82 ../lib/libsys.a(prints.o)
                0x000000000000029c                Bufp
                0x000000000000029e                Buf
 COMMON         0x000000000000031e       0x18 ../lib/libsys.a(message.o)
                0x000000000000031e                M
                0x0000000000000336                . = ALIGN (0x2)
                0x0000000000000336                _endbss = .

/DISCARD/
 *(.comment)
                0x0000000000000001                ASSERT ((. <= 0xdff8), Error: too large for a .out file.)
LOAD ../lib/crtso.o
LOAD clr.o
LOAD ../lib/libsys.a
OUTPUT(clr.out binary)
