Archive member included to satisfy reference by file (symbol)

../lib/libsys.a(close.o)      cp.o (close)
../lib/libsys.a(read.o)       cp.o (read)
../lib/libsys.a(stat.o)       cp.o (stat)
../lib/libsys.a(creat.o)      cp.o (creat)
../lib/libsys.a(exit.o)       ../lib/crtso.o (exit)
../lib/libsys.a(open.o)       cp.o (open)
../lib/libsys.a(sync.o)       cp.o (sync)
../lib/libsys.a(write.o)      cp.o (write)
../lib/libsys.a(fstat.o)      cp.o (fstat)
../lib/libsys.a(call.o)       ../lib/libsys.a(close.o) (callm1)
../lib/libsys.a(stderr.o)     cp.o (std_err)
../lib/libsys.a(perror.o)     cp.o (perror)
../lib/libsys.a(sendrec.o)    ../lib/libsys.a(call.o) (sendrec)
../lib/libsys.a(message.o)    ../lib/libsys.a(call.o) (M)

Allocating common symbols
Common symbol       size              file

errno               0x2               ../lib/libsys.a(call.o)
cpbuf               0x4000            cp.o
M                   0x18              ../lib/libsys.a(message.o)
isfloppy            0x2               cp.o

Discarded input sections

 .comment       0x0000000000000000       0x12 cp.o
 .comment       0x0000000000000000       0x12 ../lib/libsys.a(close.o)
 .comment       0x0000000000000000       0x12 ../lib/libsys.a(read.o)
 .comment       0x0000000000000000       0x12 ../lib/libsys.a(stat.o)
 .comment       0x0000000000000000       0x12 ../lib/libsys.a(creat.o)
 .comment       0x0000000000000000       0x12 ../lib/libsys.a(exit.o)
 .comment       0x0000000000000000       0x12 ../lib/libsys.a(open.o)
 .comment       0x0000000000000000       0x12 ../lib/libsys.a(sync.o)
 .comment       0x0000000000000000       0x12 ../lib/libsys.a(write.o)
 .comment       0x0000000000000000       0x12 ../lib/libsys.a(fstat.o)
 .comment       0x0000000000000000       0x12 ../lib/libsys.a(call.o)
 .comment       0x0000000000000000       0x12 ../lib/libsys.a(stderr.o)
 .comment       0x0000000000000000       0x12 ../lib/libsys.a(perror.o)
 .comment       0x0000000000000000       0x12 ../lib/libsys.a(message.o)

Memory Configuration

Name             Origin             Length             Attributes
*default*        0x0000000000000000 0xffffffffffffffff

Linker script and memory map


.hdr            0x0000000000000000       0x20
                0x0000000000000000        0x4 LONG 0x4200301
                0x0000000000000004        0x4 LONG 0x20
                0x0000000000000008        0x4 LONG 0x690 SIZEOF (.text)
                0x000000000000000c        0x4 LONG 0x337 SIZEOF (.data)
                0x0000000000000010        0x4 LONG 0x401c SIZEOF (.bss)
                0x0000000000000014        0x4 LONG 0x0 start
                0x0000000000000018        0x4 LONG 0x6352 ((((SIZEOF (.data) + SIZEOF (.bss)) + 0x2000) / 0x2) * 0x2)
                0x000000000000001c        0x4 LONG 0x0
                0x0000000000000020                _begintext = ALIGN (0x20)

.text           0x0000000000000000      0x690 load address 0x0000000000000020
 *(.text)
 .text          0x0000000000000000       0x1e ../lib/crtso.o
                0x0000000000000000                start
 .text          0x000000000000001e      0x3c4 cp.o
                0x000000000000001e                copyfile
                0x0000000000000097                usage
                0x00000000000000a9                equal
                0x00000000000000e6                match
                0x000000000000010e                stderr3
                0x0000000000000131                cp_to_dir
                0x0000000000000267                main
 .text          0x00000000000003e2       0x20 ../lib/libsys.a(close.o)
                0x00000000000003e2                close
 .text          0x0000000000000402       0x24 ../lib/libsys.a(read.o)
                0x0000000000000402                read
 .text          0x0000000000000426       0x29 ../lib/libsys.a(stat.o)
                0x0000000000000426                stat
 .text          0x000000000000044f       0x1b ../lib/libsys.a(creat.o)
                0x000000000000044f                creat
 .text          0x000000000000046a       0x1d ../lib/libsys.a(exit.o)
                0x000000000000046a                exit
 .text          0x0000000000000487       0x1b ../lib/libsys.a(open.o)
                0x0000000000000487                open
 .text          0x00000000000004a2       0x18 ../lib/libsys.a(sync.o)
                0x00000000000004a2                sync
 .text          0x00000000000004ba       0x24 ../lib/libsys.a(write.o)
                0x00000000000004ba                write
 .text          0x00000000000004de       0x22 ../lib/libsys.a(fstat.o)
                0x00000000000004de                fstat
 .text          0x0000000000000500       0xc8 ../lib/libsys.a(call.o)
                0x0000000000000500                callx
                0x000000000000052f                callm1
                0x0000000000000566                len
                0x000000000000057f                callm3
 .text          0x00000000000005c8       0x27 ../lib/libsys.a(stderr.o)
                0x00000000000005c8                std_err
 .text          0x00000000000005ef       0x7c ../lib/libsys.a(perror.o)
                0x00000000000005ef                perror
 .text          0x000000000000066b       0x1c ../lib/libsys.a(sendrec.o)
                0x000000000000066b                send
                0x0000000000000670                receive
                0x0000000000000675                send_rec
                0x0000000000000675                sendrec
 .text          0x0000000000000687        0x0 ../lib/libsys.a(message.o)
                0x0000000000000690                . = ALIGN (0x10)
 *fill*         0x0000000000000687        0x9 
                0x0000000000000001                ASSERT ((. <= 0xfff8), Error: text too large for a .sep file.)
                0x00000000000006b0                _begindata = (_begintext + .)

.data           0x0000000000000000      0x337 load address 0x00000000000006b0
 *(.data)
 .data          0x0000000000000000        0x4 ../lib/crtso.o
                0x0000000000000000                brksize
                0x0000000000000002                environ
 .data          0x0000000000000004        0x0 cp.o
 .data          0x0000000000000004        0x0 ../lib/libsys.a(close.o)
 .data          0x0000000000000004        0x0 ../lib/libsys.a(read.o)
 .data          0x0000000000000004        0x0 ../lib/libsys.a(stat.o)
 .data          0x0000000000000004        0x0 ../lib/libsys.a(creat.o)
 .data          0x0000000000000004        0x0 ../lib/libsys.a(exit.o)
 .data          0x0000000000000004        0x0 ../lib/libsys.a(open.o)
 .data          0x0000000000000004        0x0 ../lib/libsys.a(sync.o)
 .data          0x0000000000000004        0x0 ../lib/libsys.a(write.o)
 .data          0x0000000000000004        0x0 ../lib/libsys.a(fstat.o)
 .data          0x0000000000000004        0x0 ../lib/libsys.a(call.o)
 .data          0x0000000000000004        0x0 ../lib/libsys.a(stderr.o)
 .data          0x0000000000000004       0x46 ../lib/libsys.a(perror.o)
                0x0000000000000004                error_message
 .data          0x000000000000004a        0x0 ../lib/libsys.a(sendrec.o)
 .data          0x000000000000004a        0x0 ../lib/libsys.a(message.o)
 *(.rodata*)
 .rodata.str1.1
                0x000000000000004a       0x90 cp.o
 .rodata.str1.1
                0x00000000000000da      0x25d ../lib/libsys.a(perror.o)
                0x0000000000000337                _begbss = .

.bss            0x0000000000000338     0x401c load address 0x00000000000009e8
 *(.bss)
 .bss           0x0000000000000338        0x0 ../lib/crtso.o
 .bss           0x0000000000000338        0x0 cp.o
 .bss           0x0000000000000338        0x0 ../lib/libsys.a(close.o)
 .bss           0x0000000000000338        0x0 ../lib/libsys.a(read.o)
 .bss           0x0000000000000338        0x0 ../lib/libsys.a(stat.o)
 .bss           0x0000000000000338        0x0 ../lib/libsys.a(creat.o)
 .bss           0x0000000000000338        0x0 ../lib/libsys.a(exit.o)
 .bss           0x0000000000000338        0x0 ../lib/libsys.a(open.o)
 .bss           0x0000000000000338        0x0 ../lib/libsys.a(sync.o)
 .bss           0x0000000000000338        0x0 ../lib/libsys.a(write.o)
 .bss           0x0000000000000338        0x0 ../lib/libsys.a(fstat.o)
 .bss           0x0000000000000338        0x0 ../lib/libsys.a(call.o)
 .bss           0x0000000000000338        0x0 ../lib/libsys.a(stderr.o)
 .bss           0x0000000000000338        0x0 ../lib/libsys.a(perror.o)
 .bss           0x0000000000000338        0x0 ../lib/libsys.a(sendrec.o)
 .bss           0x0000000000000338        0x0 ../lib/libsys.a(message.o)
 *(COMMON)
 COMMON         0x0000000000000338     0x4002 cp.o
                0x0000000000000338                cpbuf
                0x0000000000004338                isfloppy
 COMMON         0x000000000000433a        0x2 ../lib/libsys.a(call.o)
                0x000000000000433a                errno
 COMMON         0x000000000000433c       0x18 ../lib/libsys.a(message.o)
                0x000000000000433c                M
                0x0000000000004354                . = ALIGN (0x2)
                0x0000000000004354                _endbss = .

/DISCARD/
 *(.comment)
                0x0000000000000001                ASSERT ((. <= 0xdff8), Error: data too large for a .sep file.)
LOAD ../lib/crtso.o
LOAD cp.o
LOAD ../lib/libsys.a
OUTPUT(cp.sep binary)
