Archive member included to satisfy reference by file (symbol)

../lib/libsys.a(close.o)      df.o (close)
../lib/libsys.a(read.o)       df.o (read)
../lib/libsys.a(exit.o)       ../lib/crtso.o (exit)
../lib/libsys.a(open.o)       df.o (open)
../lib/libsys.a(lseek.o)      df.o (lseek)
../lib/libsys.a(sync.o)       df.o (sync)
../lib/libsys.a(fstat.o)      df.o (fstat)
../lib/libsys.a(message.o)    ../lib/libsys.a(lseek.o) (M)
../lib/libsys.a(call.o)       ../lib/libsys.a(lseek.o) (callx)
../lib/libsys.a(stderr.o)     df.o (std_err)
../lib/libsys.a(perror.o)     df.o (perror)
../lib/libsys.a(prints.o)     df.o (prints)
../lib/libsys.a(itoa.o)       df.o (itoa)
../lib/libsys.a(sendrec.o)    ../lib/libsys.a(call.o) (sendrec)
../lib/libsys.a(write.o)      ../lib/libsys.a(stderr.o) (write)

Allocating common symbols
Common symbol       size              file

errno               0x2               ../lib/libsys.a(call.o)
Bufp                0x2               ../lib/libsys.a(prints.o)
Buf                 0x80              ../lib/libsys.a(prints.o)
M                   0x18              ../lib/libsys.a(message.o)

Discarded input sections

 .comment       0x0000000000000000       0x12 df.o
 .comment       0x0000000000000000       0x12 ../lib/libsys.a(close.o)
 .comment       0x0000000000000000       0x12 ../lib/libsys.a(read.o)
 .comment       0x0000000000000000       0x12 ../lib/libsys.a(exit.o)
 .comment       0x0000000000000000       0x12 ../lib/libsys.a(open.o)
 .comment       0x0000000000000000       0x12 ../lib/libsys.a(lseek.o)
 .comment       0x0000000000000000       0x12 ../lib/libsys.a(sync.o)
 .comment       0x0000000000000000       0x12 ../lib/libsys.a(fstat.o)
 .comment       0x0000000000000000       0x12 ../lib/libsys.a(message.o)
 .comment       0x0000000000000000       0x12 ../lib/libsys.a(call.o)
 .comment       0x0000000000000000       0x12 ../lib/libsys.a(stderr.o)
 .comment       0x0000000000000000       0x12 ../lib/libsys.a(perror.o)
 .comment       0x0000000000000000       0x12 ../lib/libsys.a(prints.o)
 .comment       0x0000000000000000       0x12 ../lib/libsys.a(itoa.o)
 .comment       0x0000000000000000       0x12 ../lib/libsys.a(write.o)

Memory Configuration

Name             Origin             Length             Attributes
*default*        0x0000000000000000 0xffffffffffffffff

Linker script and memory map


.hdr            0x0000000000000000       0x20
                0x0000000000000000        0x4 LONG 0x4100301
                0x0000000000000004        0x4 LONG 0x20
                0x0000000000000008        0x4 LONG 0x7c5 (_begdata - _begtext)
                0x000000000000000c        0x4 LONG 0x37b (_begbss - _begdata)
                0x0000000000000010        0x4 LONG 0xa6 (_endbss - _begbss)
                0x0000000000000014        0x4 LONG 0x0 start
                0x0000000000000018        0x4 LONG 0x2be6 ((((_endbss - _begtext) + 0x2000) / 0x2) * 0x2)
                0x000000000000001c        0x4 LONG 0x0
                0x0000000000000020                _begintext = ALIGN (0x20)

.text           0x0000000000000000      0xb40 load address 0x0000000000000020
                0x0000000000000000                _begtext = .
 *(.text)
 .text          0x0000000000000000       0x1e ../lib/crtso.o
                0x0000000000000000                start
 .text          0x000000000000001e      0x2fe df.o
                0x000000000000001e                bit_count
                0x00000000000000b9                stderr2
                0x00000000000000cf                num3
                0x000000000000012a                df
                0x00000000000002c6                main
 .text          0x000000000000031c       0x20 ../lib/libsys.a(close.o)
                0x000000000000031c                close
 .text          0x000000000000033c       0x24 ../lib/libsys.a(read.o)
                0x000000000000033c                read
 .text          0x0000000000000360       0x1d ../lib/libsys.a(exit.o)
                0x0000000000000360                exit
 .text          0x000000000000037d       0x1b ../lib/libsys.a(open.o)
                0x000000000000037d                open
 .text          0x0000000000000398       0x3e ../lib/libsys.a(lseek.o)
                0x0000000000000398                lseek
 .text          0x00000000000003d6       0x18 ../lib/libsys.a(sync.o)
                0x00000000000003d6                sync
 .text          0x00000000000003ee       0x22 ../lib/libsys.a(fstat.o)
                0x00000000000003ee                fstat
 .text          0x0000000000000410        0x0 ../lib/libsys.a(message.o)
 .text          0x0000000000000410       0xc8 ../lib/libsys.a(call.o)
                0x0000000000000410                callx
                0x000000000000043f                callm1
                0x0000000000000476                len
                0x000000000000048f                callm3
 .text          0x00000000000004d8       0x27 ../lib/libsys.a(stderr.o)
                0x00000000000004d8                std_err
 .text          0x00000000000004ff       0x7c ../lib/libsys.a(perror.o)
                0x00000000000004ff                perror
 .text          0x000000000000057b      0x139 ../lib/libsys.a(prints.o)
                0x0000000000000594                prints
 .text          0x00000000000006b4       0xd1 ../lib/libsys.a(itoa.o)
                0x00000000000006b4                itoa
 .text          0x0000000000000785       0x1c ../lib/libsys.a(sendrec.o)
                0x0000000000000785                send
                0x000000000000078a                receive
                0x000000000000078f                send_rec
                0x000000000000078f                sendrec
 .text          0x00000000000007a1       0x24 ../lib/libsys.a(write.o)
                0x00000000000007a1                write
                0x00000000000007c5                _begdata = .
 *(.data)
 .data          0x00000000000007c5        0x4 ../lib/crtso.o
                0x00000000000007c5                brksize
                0x00000000000007c7                environ
 .data          0x00000000000007c9        0x0 df.o
 .data          0x00000000000007c9        0x0 ../lib/libsys.a(close.o)
 .data          0x00000000000007c9        0x0 ../lib/libsys.a(read.o)
 .data          0x00000000000007c9        0x0 ../lib/libsys.a(exit.o)
 .data          0x00000000000007c9        0x0 ../lib/libsys.a(open.o)
 .data          0x00000000000007c9        0x0 ../lib/libsys.a(lseek.o)
 .data          0x00000000000007c9        0x0 ../lib/libsys.a(sync.o)
 .data          0x00000000000007c9        0x0 ../lib/libsys.a(fstat.o)
 .data          0x00000000000007c9        0x0 ../lib/libsys.a(message.o)
 .data          0x00000000000007c9        0x0 ../lib/libsys.a(call.o)
 .data          0x00000000000007c9        0x0 ../lib/libsys.a(stderr.o)
 *fill*         0x00000000000007c9        0x1 
 .data          0x00000000000007ca       0x46 ../lib/libsys.a(perror.o)
                0x00000000000007ca                error_message
 .data          0x0000000000000810        0x0 ../lib/libsys.a(prints.o)
 .data          0x0000000000000810        0x0 ../lib/libsys.a(itoa.o)
 .data          0x0000000000000810        0x0 ../lib/libsys.a(sendrec.o)
 .data          0x0000000000000810        0x0 ../lib/libsys.a(write.o)
 *(.rodata*)
 .rodata.str1.1
                0x0000000000000810       0xd3 df.o
 .rodata.str1.1
                0x00000000000008e3      0x25d ../lib/libsys.a(perror.o)
                0x0000000000000b40                _begbss = .

.bss            0x0000000000000b40       0xa6 load address 0x0000000000000b60
 *(.bss)
 .bss           0x0000000000000b40        0x0 ../lib/crtso.o
 .bss           0x0000000000000b40        0x0 df.o
 .bss           0x0000000000000b40        0x0 ../lib/libsys.a(close.o)
 .bss           0x0000000000000b40        0x0 ../lib/libsys.a(read.o)
 .bss           0x0000000000000b40        0x0 ../lib/libsys.a(exit.o)
 .bss           0x0000000000000b40        0x0 ../lib/libsys.a(open.o)
 .bss           0x0000000000000b40        0x0 ../lib/libsys.a(lseek.o)
 .bss           0x0000000000000b40        0x0 ../lib/libsys.a(sync.o)
 .bss           0x0000000000000b40        0x0 ../lib/libsys.a(fstat.o)
 .bss           0x0000000000000b40        0x0 ../lib/libsys.a(message.o)
 .bss           0x0000000000000b40        0x0 ../lib/libsys.a(call.o)
 .bss           0x0000000000000b40        0x0 ../lib/libsys.a(stderr.o)
 .bss           0x0000000000000b40        0x0 ../lib/libsys.a(perror.o)
 .bss           0x0000000000000b40        0x0 ../lib/libsys.a(prints.o)
 .bss           0x0000000000000b40        0xa ../lib/libsys.a(itoa.o)
 .bss           0x0000000000000b4a        0x0 ../lib/libsys.a(sendrec.o)
 .bss           0x0000000000000b4a        0x0 ../lib/libsys.a(write.o)
 *(COMMON)
 COMMON         0x0000000000000b4a       0x18 ../lib/libsys.a(message.o)
                0x0000000000000b4a                M
 COMMON         0x0000000000000b62        0x2 ../lib/libsys.a(call.o)
                0x0000000000000b62                errno
 COMMON         0x0000000000000b64       0x82 ../lib/libsys.a(prints.o)
                0x0000000000000b64                Bufp
                0x0000000000000b66                Buf
                0x0000000000000be6                . = ALIGN (0x2)
                0x0000000000000be6                _endbss = .

/DISCARD/
 *(.comment)
                0x0000000000000001                ASSERT ((. <= 0xdff8), Error: too large for a .out file.)
LOAD ../lib/crtso.o
LOAD df.o
LOAD ../lib/libsys.a
OUTPUT(df.out binary)
