Archive member included to satisfy reference by file (symbol)

../lib/libsys.a(access.o)     ln.o (access)
../lib/libsys.a(stat.o)       ln.o (stat)
../lib/libsys.a(exit.o)       ../lib/crtso.o (exit)
../lib/libsys.a(link.o)       ln.o (link)
../lib/libsys.a(call.o)       ../lib/libsys.a(stat.o) (callm1)
../lib/libsys.a(strlen.o)     ln.o (strlen)
../lib/libsys.a(stderr.o)     ln.o (std_err)
../lib/libsys.a(strcat.o)     ln.o (strcat)
../lib/libsys.a(strcpy.o)     ln.o (strcpy)
../lib/libsys.a(sendrec.o)    ../lib/libsys.a(call.o) (sendrec)
../lib/libsys.a(write.o)      ../lib/libsys.a(stderr.o) (write)
../lib/libsys.a(message.o)    ../lib/libsys.a(call.o) (M)

Allocating common symbols
Common symbol       size              file

errno               0x2               ../lib/libsys.a(call.o)
stb                 0x1e              ln.o
M                   0x18              ../lib/libsys.a(message.o)
name                0x11              ln.o

Discarded input sections

 .comment       0x0000000000000000       0x12 ln.o
 .comment       0x0000000000000000       0x12 ../lib/libsys.a(access.o)
 .comment       0x0000000000000000       0x12 ../lib/libsys.a(stat.o)
 .comment       0x0000000000000000       0x12 ../lib/libsys.a(exit.o)
 .comment       0x0000000000000000       0x12 ../lib/libsys.a(link.o)
 .comment       0x0000000000000000       0x12 ../lib/libsys.a(call.o)
 .comment       0x0000000000000000       0x12 ../lib/libsys.a(strlen.o)
 .comment       0x0000000000000000       0x12 ../lib/libsys.a(stderr.o)
 .comment       0x0000000000000000       0x12 ../lib/libsys.a(strcat.o)
 .comment       0x0000000000000000       0x12 ../lib/libsys.a(strcpy.o)
 .comment       0x0000000000000000       0x12 ../lib/libsys.a(write.o)
 .comment       0x0000000000000000       0x12 ../lib/libsys.a(message.o)

Memory Configuration

Name             Origin             Length             Attributes
*default*        0x0000000000000000 0xffffffffffffffff

Linker script and memory map


.hdr            0x0000000000000000       0x20
                0x0000000000000000        0x4 LONG 0x4100301
                0x0000000000000004        0x4 LONG 0x20
                0x0000000000000008        0x4 LONG 0x379 (_begdata - _begtext)
                0x000000000000000c        0x4 LONG 0x46 (_begbss - _begdata)
                0x0000000000000010        0x4 LONG 0x4b (_endbss - _begbss)
                0x0000000000000014        0x4 LONG 0x0 start
                0x0000000000000018        0x4 LONG 0x240a ((((_endbss - _begtext) + 0x2000) / 0x2) * 0x2)
                0x000000000000001c        0x4 LONG 0x0
                0x0000000000000020                _begintext = ALIGN (0x20)

.text           0x0000000000000000      0x3bf load address 0x0000000000000020
                0x0000000000000000                _begtext = .
 *(.text)
 .text          0x0000000000000000       0x1e ../lib/crtso.o
                0x0000000000000000                start
 .text          0x000000000000001e      0x11f ln.o
                0x000000000000001e                last_comp
                0x000000000000004a                usage
                0x000000000000005c                main
 .text          0x000000000000013d       0x1b ../lib/libsys.a(access.o)
                0x000000000000013d                access
 .text          0x0000000000000158       0x29 ../lib/libsys.a(stat.o)
                0x0000000000000158                stat
 .text          0x0000000000000181       0x1d ../lib/libsys.a(exit.o)
                0x0000000000000181                exit
 .text          0x000000000000019e       0x34 ../lib/libsys.a(link.o)
                0x000000000000019e                link
 .text          0x00000000000001d2       0xc8 ../lib/libsys.a(call.o)
                0x00000000000001d2                callx
                0x0000000000000201                callm1
                0x0000000000000238                len
                0x0000000000000251                callm3
 .text          0x000000000000029a       0x19 ../lib/libsys.a(strlen.o)
                0x000000000000029a                strlen
 .text          0x00000000000002b3       0x27 ../lib/libsys.a(stderr.o)
                0x00000000000002b3                std_err
 .text          0x00000000000002da       0x35 ../lib/libsys.a(strcat.o)
                0x00000000000002da                strcat
 .text          0x000000000000030f       0x2a ../lib/libsys.a(strcpy.o)
                0x000000000000030f                strcpy
 .text          0x0000000000000339       0x1c ../lib/libsys.a(sendrec.o)
                0x0000000000000339                send
                0x000000000000033e                receive
                0x0000000000000343                send_rec
                0x0000000000000343                sendrec
 .text          0x0000000000000355       0x24 ../lib/libsys.a(write.o)
                0x0000000000000355                write
 .text          0x0000000000000379        0x0 ../lib/libsys.a(message.o)
                0x0000000000000379                _begdata = .
 *(.data)
 .data          0x0000000000000379        0x4 ../lib/crtso.o
                0x0000000000000379                brksize
                0x000000000000037b                environ
 .data          0x000000000000037d        0x0 ln.o
 .data          0x000000000000037d        0x0 ../lib/libsys.a(access.o)
 .data          0x000000000000037d        0x0 ../lib/libsys.a(stat.o)
 .data          0x000000000000037d        0x0 ../lib/libsys.a(exit.o)
 .data          0x000000000000037d        0x0 ../lib/libsys.a(link.o)
 .data          0x000000000000037d        0x0 ../lib/libsys.a(call.o)
 .data          0x000000000000037d        0x0 ../lib/libsys.a(strlen.o)
 .data          0x000000000000037d        0x0 ../lib/libsys.a(stderr.o)
 .data          0x000000000000037d        0x0 ../lib/libsys.a(strcat.o)
 .data          0x000000000000037d        0x0 ../lib/libsys.a(strcpy.o)
 .data          0x000000000000037d        0x0 ../lib/libsys.a(sendrec.o)
 .data          0x000000000000037d        0x0 ../lib/libsys.a(write.o)
 .data          0x000000000000037d        0x0 ../lib/libsys.a(message.o)
 *(.rodata*)
 .rodata.str1.1
                0x000000000000037d       0x42 ln.o
                0x00000000000003bf                _begbss = .

.bss            0x00000000000003c0       0x4a load address 0x00000000000003e0
 *(.bss)
 .bss           0x00000000000003c0        0x0 ../lib/crtso.o
 .bss           0x00000000000003c0        0x0 ln.o
 .bss           0x00000000000003c0        0x0 ../lib/libsys.a(access.o)
 .bss           0x00000000000003c0        0x0 ../lib/libsys.a(stat.o)
 .bss           0x00000000000003c0        0x0 ../lib/libsys.a(exit.o)
 .bss           0x00000000000003c0        0x0 ../lib/libsys.a(link.o)
 .bss           0x00000000000003c0        0x0 ../lib/libsys.a(call.o)
 .bss           0x00000000000003c0        0x0 ../lib/libsys.a(strlen.o)
 .bss           0x00000000000003c0        0x0 ../lib/libsys.a(stderr.o)
 .bss           0x00000000000003c0        0x0 ../lib/libsys.a(strcat.o)
 .bss           0x00000000000003c0        0x0 ../lib/libsys.a(strcpy.o)
 .bss           0x00000000000003c0        0x0 ../lib/libsys.a(sendrec.o)
 .bss           0x00000000000003c0        0x0 ../lib/libsys.a(write.o)
 .bss           0x00000000000003c0        0x0 ../lib/libsys.a(message.o)
 *(COMMON)
 COMMON         0x00000000000003c0       0x2f ln.o
                0x00000000000003c0                stb
                0x00000000000003de                name
 *fill*         0x00000000000003ef        0x1 
 COMMON         0x00000000000003f0        0x2 ../lib/libsys.a(call.o)
                0x00000000000003f0                errno
 COMMON         0x00000000000003f2       0x18 ../lib/libsys.a(message.o)
                0x00000000000003f2                M
                0x000000000000040a                . = ALIGN (0x2)
                0x000000000000040a                _endbss = .

/DISCARD/
 *(.comment)
                0x0000000000000001                ASSERT ((. <= 0xdff8), Error: too large for a .out file.)
LOAD ../lib/crtso.o
LOAD ln.o
LOAD ../lib/libsys.a
OUTPUT(ln.out binary)
