Archive member included to satisfy reference by file (symbol)

../lib/libsys.a(chdir.o)      login.o (chdir)
../lib/libsys.a(exec.o)       login.o (execl)
../lib/libsys.a(read.o)       login.o (read)
../lib/libsys.a(exit.o)       ../lib/crtso.o (exit)
../lib/libsys.a(setgid.o)     login.o (setgid)
../lib/libsys.a(setuid.o)     login.o (setuid)
../lib/libsys.a(write.o)      login.o (write)
../lib/libsys.a(ioctl.o)      login.o (ioctl)
../lib/libsys.a(message.o)    ../lib/libsys.a(ioctl.o) (M)
../lib/libsys.a(call.o)       ../lib/libsys.a(ioctl.o) (callx)
../lib/libsys.a(sendrec.o)    ../lib/libsys.a(call.o) (sendrec)
../lib/libsys.a(strlen.o)     login.o (strlen)
../lib/libsys.a(strcmp.o)     login.o (strcmp)
../lib/libsys.a(crypt.o)      login.o (crypt)
../lib/libsys.a(getpwent.o)   login.o (getpwnam)
../lib/libsys.a(atoi.o)       ../lib/libsys.a(getpwent.o) (atoi)
../lib/libsys.a(memcpy.o)     ../lib/libsys.a(crypt.o) (memcpy)
../lib/libsys.a(close.o)      ../lib/libsys.a(getpwent.o) (close)
../lib/libsys.a(open.o)       ../lib/libsys.a(getpwent.o) (open)
../lib/libsys.a(lseek.o)      ../lib/libsys.a(getpwent.o) (lseek)

Allocating common symbols
Common symbol       size              file

nullptr             0x2               ../lib/libsys.a(exec.o)
errno               0x2               ../lib/libsys.a(call.o)
M                   0x18              ../lib/libsys.a(message.o)

Discarded input sections

 .comment       0x0000000000000000       0x12 login.o
 .comment       0x0000000000000000       0x12 ../lib/libsys.a(chdir.o)
 .comment       0x0000000000000000       0x12 ../lib/libsys.a(exec.o)
 .comment       0x0000000000000000       0x12 ../lib/libsys.a(read.o)
 .comment       0x0000000000000000       0x12 ../lib/libsys.a(exit.o)
 .comment       0x0000000000000000       0x12 ../lib/libsys.a(setgid.o)
 .comment       0x0000000000000000       0x12 ../lib/libsys.a(setuid.o)
 .comment       0x0000000000000000       0x12 ../lib/libsys.a(write.o)
 .comment       0x0000000000000000       0x12 ../lib/libsys.a(ioctl.o)
 .comment       0x0000000000000000       0x12 ../lib/libsys.a(message.o)
 .comment       0x0000000000000000       0x12 ../lib/libsys.a(call.o)
 .comment       0x0000000000000000       0x12 ../lib/libsys.a(strlen.o)
 .comment       0x0000000000000000       0x12 ../lib/libsys.a(strcmp.o)
 .comment       0x0000000000000000       0x12 ../lib/libsys.a(crypt.o)
 .comment       0x0000000000000000       0x12 ../lib/libsys.a(getpwent.o)
 .comment       0x0000000000000000       0x12 ../lib/libsys.a(atoi.o)
 .comment       0x0000000000000000       0x12 ../lib/libsys.a(memcpy.o)
 .comment       0x0000000000000000       0x12 ../lib/libsys.a(close.o)
 .comment       0x0000000000000000       0x12 ../lib/libsys.a(open.o)
 .comment       0x0000000000000000       0x12 ../lib/libsys.a(lseek.o)

Memory Configuration

Name             Origin             Length             Attributes
*default*        0x0000000000000000 0xffffffffffffffff

Linker script and memory map


.hdr            0x0000000000000000       0x20
                0x0000000000000000        0x4 LONG 0x4100301
                0x0000000000000004        0x4 LONG 0x20
                0x0000000000000008        0x4 LONG 0xdeb (_begdata - _begtext)
                0x000000000000000c        0x4 LONG 0x433 (_begbss - _begdata)
                0x0000000000000010        0x4 LONG 0x580 (_endbss - _begbss)
                0x0000000000000014        0x4 LONG 0x0 start
                0x0000000000000018        0x4 LONG 0x2b9e ((_endbss - _begtext) + 0x1400)
                0x000000000000001c        0x4 LONG 0x0
                0x0000000000000020                _begintext = ALIGN (0x20)

.text           0x0000000000000000     0x121e load address 0x0000000000000020
                0x0000000000000000                _begtext = .
 *(.text)
 .text          0x0000000000000000       0x1e ../lib/crtso.o
                0x0000000000000000                start
 .text          0x000000000000001e      0x1bf login.o
                0x000000000000001e                main
 .text          0x00000000000001dd       0x1c ../lib/libsys.a(chdir.o)
                0x00000000000001dd                chdir
 .text          0x00000000000001f9      0x1f9 ../lib/libsys.a(exec.o)
                0x00000000000001f9                execve
                0x000000000000035f                execl
                0x0000000000000377                execle
                0x000000000000039e                execv
                0x00000000000003b5                execn
 .text          0x00000000000003f2       0x24 ../lib/libsys.a(read.o)
                0x00000000000003f2                read
 .text          0x0000000000000416       0x1d ../lib/libsys.a(exit.o)
                0x0000000000000416                exit
 .text          0x0000000000000433       0x1d ../lib/libsys.a(setgid.o)
                0x0000000000000433                setgid
 .text          0x0000000000000450       0x1d ../lib/libsys.a(setuid.o)
                0x0000000000000450                setuid
 .text          0x000000000000046d       0x24 ../lib/libsys.a(write.o)
                0x000000000000046d                write
 .text          0x0000000000000491      0x139 ../lib/libsys.a(ioctl.o)
                0x0000000000000491                ioctl
 .text          0x00000000000005ca        0x0 ../lib/libsys.a(message.o)
 .text          0x00000000000005ca       0xc8 ../lib/libsys.a(call.o)
                0x00000000000005ca                callx
                0x00000000000005f9                callm1
                0x0000000000000630                len
                0x0000000000000649                callm3
 .text          0x0000000000000692       0x1c ../lib/libsys.a(sendrec.o)
                0x0000000000000692                send
                0x0000000000000697                receive
                0x000000000000069c                send_rec
                0x000000000000069c                sendrec
 .text          0x00000000000006ae       0x19 ../lib/libsys.a(strlen.o)
                0x00000000000006ae                strlen
 .text          0x00000000000006c7       0x3b ../lib/libsys.a(strcmp.o)
                0x00000000000006c7                strcmp
 .text          0x0000000000000702      0x41c ../lib/libsys.a(crypt.o)
                0x0000000000000755                setkey
                0x000000000000077b                encrypt
                0x0000000000000971                crypt
 .text          0x0000000000000b1e      0x17b ../lib/libsys.a(getpwent.o)
                0x0000000000000b37                setpwent
                0x0000000000000b68                endpwent
                0x0000000000000b83                getpwent
                0x0000000000000c4d                getpwnam
                0x0000000000000c79                getpwuid
 .text          0x0000000000000c99       0xb5 ../lib/libsys.a(atoi.o)
                0x0000000000000c99                atoi
 .text          0x0000000000000d4e       0x24 ../lib/libsys.a(memcpy.o)
                0x0000000000000d4e                memcpy
 .text          0x0000000000000d72       0x20 ../lib/libsys.a(close.o)
                0x0000000000000d72                close
 .text          0x0000000000000d92       0x1b ../lib/libsys.a(open.o)
                0x0000000000000d92                open
 .text          0x0000000000000dad       0x3e ../lib/libsys.a(lseek.o)
                0x0000000000000dad                lseek
                0x0000000000000deb                _begdata = .
 *(.data)
 .data          0x0000000000000deb        0x4 ../lib/crtso.o
                0x0000000000000deb                brksize
                0x0000000000000ded                environ
 .data          0x0000000000000def        0x0 login.o
 .data          0x0000000000000def        0x0 ../lib/libsys.a(chdir.o)
 .data          0x0000000000000def        0x0 ../lib/libsys.a(exec.o)
 .data          0x0000000000000def        0x0 ../lib/libsys.a(read.o)
 .data          0x0000000000000def        0x0 ../lib/libsys.a(exit.o)
 .data          0x0000000000000def        0x0 ../lib/libsys.a(setgid.o)
 .data          0x0000000000000def        0x0 ../lib/libsys.a(setuid.o)
 .data          0x0000000000000def        0x0 ../lib/libsys.a(write.o)
 .data          0x0000000000000def        0x0 ../lib/libsys.a(ioctl.o)
 .data          0x0000000000000def        0x0 ../lib/libsys.a(message.o)
 .data          0x0000000000000def        0x0 ../lib/libsys.a(call.o)
 .data          0x0000000000000def        0x0 ../lib/libsys.a(sendrec.o)
 .data          0x0000000000000def        0x0 ../lib/libsys.a(strlen.o)
 .data          0x0000000000000def        0x0 ../lib/libsys.a(strcmp.o)
 *fill*         0x0000000000000def        0x1 
 .data          0x0000000000000df0      0x1c2 ../lib/libsys.a(crypt.o)
 .data          0x0000000000000fb2        0xe ../lib/libsys.a(getpwent.o)
 .data          0x0000000000000fc0        0x0 ../lib/libsys.a(atoi.o)
 .data          0x0000000000000fc0        0x0 ../lib/libsys.a(memcpy.o)
 .data          0x0000000000000fc0        0x0 ../lib/libsys.a(close.o)
 .data          0x0000000000000fc0        0x0 ../lib/libsys.a(open.o)
 .data          0x0000000000000fc0        0x0 ../lib/libsys.a(lseek.o)
 *(.rodata*)
 .rodata.str1.1
                0x0000000000000fc0       0x3e login.o
 .rodata        0x0000000000000ffe      0x220 ../lib/libsys.a(crypt.o)
                0x000000000000121e                _begbss = .

.bss            0x000000000000121e      0x580 load address 0x000000000000123e
 *(.bss)
 .bss           0x000000000000121e        0x0 ../lib/crtso.o
 .bss           0x000000000000121e        0x0 login.o
 .bss           0x000000000000121e        0x0 ../lib/libsys.a(chdir.o)
 .bss           0x000000000000121e        0x0 ../lib/libsys.a(exec.o)
 .bss           0x000000000000121e        0x0 ../lib/libsys.a(read.o)
 .bss           0x000000000000121e        0x0 ../lib/libsys.a(exit.o)
 .bss           0x000000000000121e        0x0 ../lib/libsys.a(setgid.o)
 .bss           0x000000000000121e        0x0 ../lib/libsys.a(setuid.o)
 .bss           0x000000000000121e        0x0 ../lib/libsys.a(write.o)
 .bss           0x000000000000121e        0x0 ../lib/libsys.a(ioctl.o)
 .bss           0x000000000000121e        0x0 ../lib/libsys.a(message.o)
 .bss           0x000000000000121e        0x0 ../lib/libsys.a(call.o)
 .bss           0x000000000000121e        0x0 ../lib/libsys.a(sendrec.o)
 .bss           0x000000000000121e        0x0 ../lib/libsys.a(strlen.o)
 .bss           0x000000000000121e        0x0 ../lib/libsys.a(strcmp.o)
 .bss           0x000000000000121e       0x50 ../lib/libsys.a(crypt.o)
 .bss           0x000000000000126e      0x514 ../lib/libsys.a(getpwent.o)
 .bss           0x0000000000001782        0x0 ../lib/libsys.a(atoi.o)
 .bss           0x0000000000001782        0x0 ../lib/libsys.a(memcpy.o)
 .bss           0x0000000000001782        0x0 ../lib/libsys.a(close.o)
 .bss           0x0000000000001782        0x0 ../lib/libsys.a(open.o)
 .bss           0x0000000000001782        0x0 ../lib/libsys.a(lseek.o)
 *(COMMON)
 COMMON         0x0000000000001782        0x2 ../lib/libsys.a(exec.o)
                0x0000000000001782                nullptr
 COMMON         0x0000000000001784       0x18 ../lib/libsys.a(message.o)
                0x0000000000001784                M
 COMMON         0x000000000000179c        0x2 ../lib/libsys.a(call.o)
                0x000000000000179c                errno
                0x000000000000179e                _endbss = .

/DISCARD/
 *(.comment)
                0x0000000000000001                ASSERT ((. <= 0xebf8), Error: too large for a .out file.)
LOAD ../lib/crtso.o
LOAD login.o
LOAD ../lib/libsys.a
OUTPUT(login.out binary)
