Archive member included to satisfy reference by file (symbol)

../lib/libsys.a(divmodsi3.o)  ls.o (__divsi3)
../lib/libsys.a(ldivmod.o)    ../lib/libsys.a(divmodsi3.o) (ldivmod)
../lib/libsys.a(close.o)      ls.o (close)
../lib/libsys.a(read.o)       ls.o (read)
../lib/libsys.a(stat.o)       ls.o (stat)
../lib/libsys.a(exit.o)       ../lib/crtso.o (exit)
../lib/libsys.a(open.o)       ls.o (open)
../lib/libsys.a(lseek.o)      ls.o (lseek)
../lib/libsys.a(time.o)       ls.o (time)
../lib/libsys.a(message.o)    ../lib/libsys.a(lseek.o) (M)
../lib/libsys.a(call.o)       ../lib/libsys.a(lseek.o) (callx)
../lib/libsys.a(fprintf.o)    ls.o (fprintf)
../lib/libsys.a(fflush.o)     ls.o (fflush)
../lib/libsys.a(printdat.o)   ls.o (_io_table)
../lib/libsys.a(setbuf.o)     ls.o (setbuf)
../lib/libsys.a(doprintf.o)   ../lib/libsys.a(fprintf.o) (_doprintf)
../lib/libsys.a(putc.o)       ../lib/libsys.a(doprintf.o) (putc)
../lib/libsys.a(malloc.o)     ../lib/libsys.a(setbuf.o) (free)
../lib/libsys.a(bcopy.o)      ../lib/libsys.a(malloc.o) (bcopy)
../lib/libsys.a(sendrec.o)    ../lib/libsys.a(call.o) (sendrec)
../lib/libsys.a(write.o)      ../lib/libsys.a(fflush.o) (write)
../lib/libsys.a(brk.o)        ../lib/libsys.a(malloc.o) (brk)
../lib/libsys.a(strlen.o)     ../lib/libsys.a(doprintf.o) (strlen)

Allocating common symbols
Common symbol       size              file

lastname            0xa               ls.o
linebuf             0x400             ls.o
topfiles            0x2               ls.o
errno               0x2               ../lib/libsys.a(call.o)
sort_index          0x200             ls.o
linelimit           0x2               ls.o
file                0x1414            ls.o
__stdin             0x400             ../lib/libsys.a(printdat.o)
buffer              0x400             ls.o
curtime             0x4               ls.o
dir                 0x2000            ls.o
linenext            0x2               ls.o
M                   0x18              ../lib/libsys.a(message.o)
passwd              0x2               ls.o
nrfiles             0x2               ls.o
__stdout            0x400             ../lib/libsys.a(printdat.o)
flags               0x4               ls.o

Discarded input sections

 .comment       0x0000000000000000       0x12 ls.o
 .comment       0x0000000000000000       0x12 ../lib/libsys.a(close.o)
 .comment       0x0000000000000000       0x12 ../lib/libsys.a(read.o)
 .comment       0x0000000000000000       0x12 ../lib/libsys.a(stat.o)
 .comment       0x0000000000000000       0x12 ../lib/libsys.a(exit.o)
 .comment       0x0000000000000000       0x12 ../lib/libsys.a(open.o)
 .comment       0x0000000000000000       0x12 ../lib/libsys.a(lseek.o)
 .comment       0x0000000000000000       0x12 ../lib/libsys.a(time.o)
 .comment       0x0000000000000000       0x12 ../lib/libsys.a(message.o)
 .comment       0x0000000000000000       0x12 ../lib/libsys.a(call.o)
 .comment       0x0000000000000000       0x12 ../lib/libsys.a(fprintf.o)
 .comment       0x0000000000000000       0x12 ../lib/libsys.a(fflush.o)
 .comment       0x0000000000000000       0x12 ../lib/libsys.a(printdat.o)
 .comment       0x0000000000000000       0x12 ../lib/libsys.a(setbuf.o)
 .comment       0x0000000000000000       0x12 ../lib/libsys.a(doprintf.o)
 .comment       0x0000000000000000       0x12 ../lib/libsys.a(putc.o)
 .comment       0x0000000000000000       0x12 ../lib/libsys.a(malloc.o)
 .comment       0x0000000000000000       0x12 ../lib/libsys.a(bcopy.o)
 .comment       0x0000000000000000       0x12 ../lib/libsys.a(write.o)
 .comment       0x0000000000000000       0x12 ../lib/libsys.a(brk.o)
 .comment       0x0000000000000000       0x12 ../lib/libsys.a(strlen.o)

Memory Configuration

Name             Origin             Length             Attributes
*default*        0x0000000000000000 0xffffffffffffffff

Linker script and memory map


.hdr            0x0000000000000000       0x20
                0x0000000000000000        0x4 LONG 0x4100301
                0x0000000000000004        0x4 LONG 0x20
                0x0000000000000008        0x4 LONG 0x1d3d (_begdata - _begtext)
                0x000000000000000c        0x4 LONG 0x289 (_begbss - _begdata)
                0x0000000000000010        0x4 LONG 0x464e (_endbss - _begbss)
                0x0000000000000014        0x4 LONG 0x0 start
                0x0000000000000018        0x4 LONG 0x7a14 ((_endbss - _begtext) + 0x1400)
                0x000000000000001c        0x4 LONG 0x0
                0x0000000000000020                _begintext = ALIGN (0x20)

.text           0x0000000000000000     0x1fc6 load address 0x0000000000000020
                0x0000000000000000                _begtext = .
 *(.text)
 .text          0x0000000000000000       0x1e ../lib/crtso.o
                0x0000000000000000                start
 .text          0x000000000000001e     0x1121 ls.o
                0x000000000000001e                strlower
                0x0000000000000069                stat_file
                0x0000000000000194                fill_file
                0x0000000000000223                get_flags
                0x0000000000000316                present
                0x0000000000000350                expand_args
                0x00000000000003fe                reversed
                0x000000000000058c                sort
                0x0000000000000630                exp_dir
                0x0000000000000769                date
                0x00000000000009d7                getpwdch
                0x0000000000000a14                getline
                0x0000000000000a3f                getuidgid
                0x0000000000000bd0                owngrp
                0x0000000000000c20                nblocks
                0x0000000000000c6e                print_line
                0x0000000000000e25                print_total
                0x0000000000000eaf                print
                0x000000000000104e                main
 .text          0x000000000000113f       0x74 ../lib/libsys.a(divmodsi3.o)
                0x000000000000113f                __divsi3
                0x000000000000115d                __modsi3
                0x0000000000001179                __udivsi3
                0x0000000000001197                __umodsi3
 .text          0x00000000000011b3       0xda ../lib/libsys.a(ldivmod.o)
                0x00000000000011b3                ldivmod
                0x00000000000011cf                ludivmod
 .text          0x000000000000128d       0x20 ../lib/libsys.a(close.o)
                0x000000000000128d                close
 .text          0x00000000000012ad       0x24 ../lib/libsys.a(read.o)
                0x00000000000012ad                read
 .text          0x00000000000012d1       0x29 ../lib/libsys.a(stat.o)
                0x00000000000012d1                stat
 .text          0x00000000000012fa       0x1d ../lib/libsys.a(exit.o)
                0x00000000000012fa                exit
 .text          0x0000000000001317       0x1b ../lib/libsys.a(open.o)
                0x0000000000001317                open
 .text          0x0000000000001332       0x3e ../lib/libsys.a(lseek.o)
                0x0000000000001332                lseek
 .text          0x0000000000001370       0x55 ../lib/libsys.a(time.o)
                0x0000000000001370                time
 .text          0x00000000000013c5        0x0 ../lib/libsys.a(message.o)
 .text          0x00000000000013c5       0xc8 ../lib/libsys.a(call.o)
                0x00000000000013c5                callx
                0x00000000000013f4                callm1
                0x000000000000142b                len
                0x0000000000001444                callm3
 .text          0x000000000000148d       0x54 ../lib/libsys.a(fprintf.o)
                0x000000000000148d                fprintf
                0x00000000000014b6                printf
 .text          0x00000000000014e1       0x4d ../lib/libsys.a(fflush.o)
                0x00000000000014e1                fflush
 .text          0x000000000000152e        0x0 ../lib/libsys.a(printdat.o)
 .text          0x000000000000152e       0x47 ../lib/libsys.a(setbuf.o)
                0x000000000000152e                setbuf
 .text          0x0000000000001575      0x4c7 ../lib/libsys.a(doprintf.o)
                0x0000000000001643                _doprintf
 .text          0x0000000000001a3c       0xb8 ../lib/libsys.a(putc.o)
                0x0000000000001a3c                putc
 .text          0x0000000000001af4      0x17b ../lib/libsys.a(malloc.o)
                0x0000000000001af4                malloc
                0x0000000000001bb0                realloc
                0x0000000000001c34                calloc
                0x0000000000001c60                free
 .text          0x0000000000001c6f       0x22 ../lib/libsys.a(bcopy.o)
                0x0000000000001c6f                bcopy
 .text          0x0000000000001c91       0x1c ../lib/libsys.a(sendrec.o)
                0x0000000000001c91                send
                0x0000000000001c96                receive
                0x0000000000001c9b                send_rec
                0x0000000000001c9b                sendrec
 .text          0x0000000000001cad       0x24 ../lib/libsys.a(write.o)
                0x0000000000001cad                write
 .text          0x0000000000001cd1       0x53 ../lib/libsys.a(brk.o)
                0x0000000000001cd1                brk
                0x0000000000001d02                sbrk
 .text          0x0000000000001d24       0x19 ../lib/libsys.a(strlen.o)
                0x0000000000001d24                strlen
                0x0000000000001d3d                _begdata = .
 *(.data)
 .data          0x0000000000001d3d        0x4 ../lib/crtso.o
                0x0000000000001d3d                brksize
                0x0000000000001d3f                environ
 *fill*         0x0000000000001d41        0x1 
 .data          0x0000000000001d42       0x54 ls.o
                0x0000000000001d42                moname
                0x0000000000001d5a                mo
                0x0000000000001d72                null
                0x0000000000001d74                rwx
                0x0000000000001d94                lastuid
 .data          0x0000000000001d96        0x0 ../lib/libsys.a(divmodsi3.o)
 .data          0x0000000000001d96        0x0 ../lib/libsys.a(ldivmod.o)
 .data          0x0000000000001d96        0x0 ../lib/libsys.a(close.o)
 .data          0x0000000000001d96        0x0 ../lib/libsys.a(read.o)
 .data          0x0000000000001d96        0x0 ../lib/libsys.a(stat.o)
 .data          0x0000000000001d96        0x0 ../lib/libsys.a(exit.o)
 .data          0x0000000000001d96        0x0 ../lib/libsys.a(open.o)
 .data          0x0000000000001d96        0x0 ../lib/libsys.a(lseek.o)
 .data          0x0000000000001d96        0x0 ../lib/libsys.a(time.o)
 .data          0x0000000000001d96        0x0 ../lib/libsys.a(message.o)
 .data          0x0000000000001d96        0x0 ../lib/libsys.a(call.o)
 .data          0x0000000000001d96        0x0 ../lib/libsys.a(fprintf.o)
 .data          0x0000000000001d96        0x0 ../lib/libsys.a(fflush.o)
 .data          0x0000000000001d96       0x46 ../lib/libsys.a(printdat.o)
                0x0000000000001d96                _io_table
                0x0000000000001dbe                _stderr
                0x0000000000001dc8                _stdout
                0x0000000000001dd2                _stdin
 .data          0x0000000000001ddc        0x0 ../lib/libsys.a(setbuf.o)
 .data          0x0000000000001ddc        0x0 ../lib/libsys.a(doprintf.o)
 .data          0x0000000000001ddc        0x0 ../lib/libsys.a(putc.o)
 .data          0x0000000000001ddc        0x0 ../lib/libsys.a(malloc.o)
 .data          0x0000000000001ddc        0x0 ../lib/libsys.a(bcopy.o)
 .data          0x0000000000001ddc        0x0 ../lib/libsys.a(sendrec.o)
 .data          0x0000000000001ddc        0x0 ../lib/libsys.a(write.o)
 .data          0x0000000000001ddc        0x0 ../lib/libsys.a(brk.o)
 .data          0x0000000000001ddc        0x0 ../lib/libsys.a(strlen.o)
 *(.rodata*)
 .rodata.str1.1
                0x0000000000001ddc      0x17f ls.o
 *fill*         0x0000000000001f5b        0x1 
 .rodata        0x0000000000001f5c       0x6a ../lib/libsys.a(doprintf.o)
                0x0000000000001fc6                _begbss = .

.bss            0x0000000000001fc6     0x464e load address 0x0000000000001fe6
 *(.bss)
 .bss           0x0000000000001fc6        0x0 ../lib/crtso.o
 .bss           0x0000000000001fc6        0x0 ls.o
 .bss           0x0000000000001fc6        0x0 ../lib/libsys.a(divmodsi3.o)
 .bss           0x0000000000001fc6        0x0 ../lib/libsys.a(ldivmod.o)
 .bss           0x0000000000001fc6        0x0 ../lib/libsys.a(close.o)
 .bss           0x0000000000001fc6        0x0 ../lib/libsys.a(read.o)
 .bss           0x0000000000001fc6        0x0 ../lib/libsys.a(stat.o)
 .bss           0x0000000000001fc6        0x0 ../lib/libsys.a(exit.o)
 .bss           0x0000000000001fc6        0x0 ../lib/libsys.a(open.o)
 .bss           0x0000000000001fc6        0x0 ../lib/libsys.a(lseek.o)
 .bss           0x0000000000001fc6        0x0 ../lib/libsys.a(time.o)
 .bss           0x0000000000001fc6        0x0 ../lib/libsys.a(message.o)
 .bss           0x0000000000001fc6        0x0 ../lib/libsys.a(call.o)
 .bss           0x0000000000001fc6        0x0 ../lib/libsys.a(fprintf.o)
 .bss           0x0000000000001fc6        0x0 ../lib/libsys.a(fflush.o)
 .bss           0x0000000000001fc6        0x0 ../lib/libsys.a(printdat.o)
 .bss           0x0000000000001fc6        0x0 ../lib/libsys.a(setbuf.o)
 .bss           0x0000000000001fc6        0x0 ../lib/libsys.a(doprintf.o)
 .bss           0x0000000000001fc6        0x0 ../lib/libsys.a(putc.o)
 .bss           0x0000000000001fc6        0x4 ../lib/libsys.a(malloc.o)
 .bss           0x0000000000001fca        0x0 ../lib/libsys.a(bcopy.o)
 .bss           0x0000000000001fca        0x0 ../lib/libsys.a(sendrec.o)
 .bss           0x0000000000001fca        0x0 ../lib/libsys.a(write.o)
 .bss           0x0000000000001fca        0x0 ../lib/libsys.a(brk.o)
 .bss           0x0000000000001fca        0x0 ../lib/libsys.a(strlen.o)
 *(COMMON)
 COMMON         0x0000000000001fca     0x3e30 ls.o
                0x0000000000001fca                lastname
                0x0000000000001fd4                linebuf
                0x00000000000023d4                topfiles
                0x00000000000023d6                sort_index
                0x00000000000025d6                linelimit
                0x00000000000025d8                file
                0x00000000000039ec                buffer
                0x0000000000003dec                curtime
                0x0000000000003df0                dir
                0x0000000000005df0                linenext
                0x0000000000005df2                passwd
                0x0000000000005df4                nrfiles
                0x0000000000005df6                flags
 COMMON         0x0000000000005dfa       0x18 ../lib/libsys.a(message.o)
                0x0000000000005dfa                M
 COMMON         0x0000000000005e12        0x2 ../lib/libsys.a(call.o)
                0x0000000000005e12                errno
 COMMON         0x0000000000005e14      0x800 ../lib/libsys.a(printdat.o)
                0x0000000000005e14                __stdin
                0x0000000000006214                __stdout
                0x0000000000006614                _endbss = .

/DISCARD/
 *(.comment)
                0x0000000000000001                ASSERT ((. <= 0xebf8), Error: too large for a .out file.)
LOAD ../lib/crtso.o
LOAD ls.o
LOAD ../lib/libsys.a
OUTPUT(ls.out binary)
