Archive member included to satisfy reference by file (symbol)

../lib/libsys.a(exit.o)       ../lib/crtso.o (exit)
../lib/libsys.a(mknod.o)      mknod.o (mknod)
../lib/libsys.a(call.o)       ../lib/libsys.a(exit.o) (callm1)
../lib/libsys.a(sendrec.o)    ../lib/libsys.a(call.o) (sendrec)
../lib/libsys.a(stderr.o)     mknod.o (std_err)
../lib/libsys.a(perror.o)     mknod.o (perror)
../lib/libsys.a(write.o)      ../lib/libsys.a(stderr.o) (write)
../lib/libsys.a(message.o)    ../lib/libsys.a(call.o) (M)

Allocating common symbols
Common symbol       size              file

errno               0x2               ../lib/libsys.a(call.o)
M                   0x18              ../lib/libsys.a(message.o)

Discarded input sections

 .comment       0x0000000000000000       0x12 mknod.o
 .comment       0x0000000000000000       0x12 ../lib/libsys.a(exit.o)
 .comment       0x0000000000000000       0x12 ../lib/libsys.a(mknod.o)
 .comment       0x0000000000000000       0x12 ../lib/libsys.a(call.o)
 .comment       0x0000000000000000       0x12 ../lib/libsys.a(stderr.o)
 .comment       0x0000000000000000       0x12 ../lib/libsys.a(perror.o)
 .comment       0x0000000000000000       0x12 ../lib/libsys.a(write.o)
 .comment       0x0000000000000000       0x12 ../lib/libsys.a(message.o)

Memory Configuration

Name             Origin             Length             Attributes
*default*        0x0000000000000000 0xffffffffffffffff

Linker script and memory map


.hdr            0x0000000000000000       0x20
                0x0000000000000000        0x4 LONG 0x4100301
                0x0000000000000004        0x4 LONG 0x20
                0x0000000000000008        0x4 LONG 0x309 (_begdata - _begtext)
                0x000000000000000c        0x4 LONG 0x2d1 (_begbss - _begdata)
                0x0000000000000010        0x4 LONG 0x1a (_endbss - _begbss)
                0x0000000000000014        0x4 LONG 0x0 start
                0x0000000000000018        0x4 LONG 0x19f4 ((_endbss - _begtext) + 0x1400)
                0x000000000000001c        0x4 LONG 0x0
                0x0000000000000020                _begintext = ALIGN (0x20)

.text           0x0000000000000000      0x5da load address 0x0000000000000020
                0x0000000000000000                _begtext = .
 *(.text)
 .text          0x0000000000000000       0x1e ../lib/crtso.o
                0x0000000000000000                start
 .text          0x000000000000001e       0xf8 mknod.o
                0x000000000000001e                atoi
                0x0000000000000072                badcomm
                0x0000000000000084                main
 .text          0x0000000000000116       0x1d ../lib/libsys.a(exit.o)
                0x0000000000000116                exit
 .text          0x0000000000000133       0x2b ../lib/libsys.a(mknod.o)
                0x0000000000000133                mknod
 .text          0x000000000000015e       0xc8 ../lib/libsys.a(call.o)
                0x000000000000015e                callx
                0x000000000000018d                callm1
                0x00000000000001c4                len
                0x00000000000001dd                callm3
 .text          0x0000000000000226       0x1c ../lib/libsys.a(sendrec.o)
                0x0000000000000226                send
                0x000000000000022b                receive
                0x0000000000000230                send_rec
                0x0000000000000230                sendrec
 .text          0x0000000000000242       0x27 ../lib/libsys.a(stderr.o)
                0x0000000000000242                std_err
 .text          0x0000000000000269       0x7c ../lib/libsys.a(perror.o)
                0x0000000000000269                perror
 .text          0x00000000000002e5       0x24 ../lib/libsys.a(write.o)
                0x00000000000002e5                write
 .text          0x0000000000000309        0x0 ../lib/libsys.a(message.o)
                0x0000000000000309                _begdata = .
 *(.data)
 .data          0x0000000000000309        0x4 ../lib/crtso.o
                0x0000000000000309                brksize
                0x000000000000030b                environ
 .data          0x000000000000030d        0x0 mknod.o
 .data          0x000000000000030d        0x0 ../lib/libsys.a(exit.o)
 .data          0x000000000000030d        0x0 ../lib/libsys.a(mknod.o)
 .data          0x000000000000030d        0x0 ../lib/libsys.a(call.o)
 .data          0x000000000000030d        0x0 ../lib/libsys.a(sendrec.o)
 .data          0x000000000000030d        0x0 ../lib/libsys.a(stderr.o)
 *fill*         0x000000000000030d        0x1 
 .data          0x000000000000030e       0x46 ../lib/libsys.a(perror.o)
                0x000000000000030e                error_message
 .data          0x0000000000000354        0x0 ../lib/libsys.a(write.o)
 .data          0x0000000000000354        0x0 ../lib/libsys.a(message.o)
 *(.rodata*)
 .rodata.str1.1
                0x0000000000000354       0x29 mknod.o
 .rodata.str1.1
                0x000000000000037d      0x25d ../lib/libsys.a(perror.o)
                0x00000000000005da                _begbss = .

.bss            0x00000000000005da       0x1a load address 0x00000000000005fa
 *(.bss)
 .bss           0x00000000000005da        0x0 ../lib/crtso.o
 .bss           0x00000000000005da        0x0 mknod.o
 .bss           0x00000000000005da        0x0 ../lib/libsys.a(exit.o)
 .bss           0x00000000000005da        0x0 ../lib/libsys.a(mknod.o)
 .bss           0x00000000000005da        0x0 ../lib/libsys.a(call.o)
 .bss           0x00000000000005da        0x0 ../lib/libsys.a(sendrec.o)
 .bss           0x00000000000005da        0x0 ../lib/libsys.a(stderr.o)
 .bss           0x00000000000005da        0x0 ../lib/libsys.a(perror.o)
 .bss           0x00000000000005da        0x0 ../lib/libsys.a(write.o)
 .bss           0x00000000000005da        0x0 ../lib/libsys.a(message.o)
 *(COMMON)
 COMMON         0x00000000000005da        0x2 ../lib/libsys.a(call.o)
                0x00000000000005da                errno
 COMMON         0x00000000000005dc       0x18 ../lib/libsys.a(message.o)
                0x00000000000005dc                M
                0x00000000000005f4                _endbss = .

/DISCARD/
 *(.comment)
                0x0000000000000001                ASSERT ((. <= 0xebf8), Error: too large for a .out file.)
LOAD ../lib/crtso.o
LOAD mknod.o
LOAD ../lib/libsys.a
OUTPUT(mknod.out binary)
