Archive member included to satisfy reference by file (symbol)

../lib/libsys.a(mount.o)      mount.o (mount)
../lib/libsys.a(exit.o)       ../lib/crtso.o (exit)
../lib/libsys.a(call.o)       mount.o (errno)
../lib/libsys.a(stderr.o)     mount.o (std_err)
../lib/libsys.a(perror.o)     mount.o (perror)
../lib/libsys.a(sendrec.o)    ../lib/libsys.a(call.o) (sendrec)
../lib/libsys.a(write.o)      ../lib/libsys.a(stderr.o) (write)
../lib/libsys.a(message.o)    ../lib/libsys.a(call.o) (M)

Allocating common symbols
Common symbol       size              file

errno               0x2               ../lib/libsys.a(call.o)
M                   0x18              ../lib/libsys.a(message.o)

Discarded input sections

 .comment       0x0000000000000000       0x12 mount.o
 .comment       0x0000000000000000       0x12 ../lib/libsys.a(mount.o)
 .comment       0x0000000000000000       0x12 ../lib/libsys.a(exit.o)
 .comment       0x0000000000000000       0x12 ../lib/libsys.a(call.o)
 .comment       0x0000000000000000       0x12 ../lib/libsys.a(stderr.o)
 .comment       0x0000000000000000       0x12 ../lib/libsys.a(perror.o)
 .comment       0x0000000000000000       0x12 ../lib/libsys.a(write.o)
 .comment       0x0000000000000000       0x12 ../lib/libsys.a(message.o)

Memory Configuration

Name             Origin             Length             Attributes
*default*        0x0000000000000000 0xffffffffffffffff

Linker script and memory map


.hdr            0x0000000000000000       0x20
                0x0000000000000000        0x4 LONG 0x4200301
                0x0000000000000004        0x4 LONG 0x20
                0x0000000000000008        0x4 LONG 0x2d0 SIZEOF (.text)
                0x000000000000000c        0x4 LONG 0x2fd SIZEOF (.data)
                0x0000000000000010        0x4 LONG 0x1a SIZEOF (.bss)
                0x0000000000000014        0x4 LONG 0x0 start
                0x0000000000000018        0x4 LONG 0x1717 ((SIZEOF (.data) + SIZEOF (.bss)) + 0x1400)
                0x000000000000001c        0x4 LONG 0x0
                0x0000000000000020                _begintext = ALIGN (0x20)

.text           0x0000000000000000      0x2d0 load address 0x0000000000000020
 *(.text)
 .text          0x0000000000000000       0x1e ../lib/crtso.o
                0x0000000000000000                start
 .text          0x000000000000001e       0xad mount.o
                0x000000000000001e                usage
                0x0000000000000030                main
 .text          0x00000000000000cb       0x36 ../lib/libsys.a(mount.o)
                0x00000000000000cb                mount
 .text          0x0000000000000101       0x1d ../lib/libsys.a(exit.o)
                0x0000000000000101                exit
 .text          0x000000000000011e       0xc8 ../lib/libsys.a(call.o)
                0x000000000000011e                callx
                0x000000000000014d                callm1
                0x0000000000000184                len
                0x000000000000019d                callm3
 .text          0x00000000000001e6       0x27 ../lib/libsys.a(stderr.o)
                0x00000000000001e6                std_err
 .text          0x000000000000020d       0x7c ../lib/libsys.a(perror.o)
                0x000000000000020d                perror
 .text          0x0000000000000289       0x1c ../lib/libsys.a(sendrec.o)
                0x0000000000000289                send
                0x000000000000028e                receive
                0x0000000000000293                send_rec
                0x0000000000000293                sendrec
 .text          0x00000000000002a5       0x24 ../lib/libsys.a(write.o)
                0x00000000000002a5                write
 .text          0x00000000000002c9        0x0 ../lib/libsys.a(message.o)
                0x00000000000002d0                . = ALIGN (0x10)
 *fill*         0x00000000000002c9        0x7 
                0x0000000000000001                ASSERT ((. <= 0xfff8), Error: text too large for a .sep file.)
                0x00000000000002f0                _begindata = (_begintext + .)

.data           0x0000000000000000      0x2fd load address 0x00000000000002f0
 *(.data)
 .data          0x0000000000000000        0x4 ../lib/crtso.o
                0x0000000000000000                brksize
                0x0000000000000002                environ
 .data          0x0000000000000004        0x0 mount.o
 .data          0x0000000000000004        0x0 ../lib/libsys.a(mount.o)
 .data          0x0000000000000004        0x0 ../lib/libsys.a(exit.o)
 .data          0x0000000000000004        0x0 ../lib/libsys.a(call.o)
 .data          0x0000000000000004        0x0 ../lib/libsys.a(stderr.o)
 .data          0x0000000000000004       0x46 ../lib/libsys.a(perror.o)
                0x0000000000000004                error_message
 .data          0x000000000000004a        0x0 ../lib/libsys.a(sendrec.o)
 .data          0x000000000000004a        0x0 ../lib/libsys.a(write.o)
 .data          0x000000000000004a        0x0 ../lib/libsys.a(message.o)
 *(.rodata*)
 .rodata.str1.1
                0x000000000000004a       0x56 mount.o
 .rodata.str1.1
                0x00000000000000a0      0x25d ../lib/libsys.a(perror.o)
                0x00000000000002fd                _begbss = .

.bss            0x00000000000002fe       0x1a load address 0x00000000000005ee
 *(.bss)
 .bss           0x00000000000002fe        0x0 ../lib/crtso.o
 .bss           0x00000000000002fe        0x0 mount.o
 .bss           0x00000000000002fe        0x0 ../lib/libsys.a(mount.o)
 .bss           0x00000000000002fe        0x0 ../lib/libsys.a(exit.o)
 .bss           0x00000000000002fe        0x0 ../lib/libsys.a(call.o)
 .bss           0x00000000000002fe        0x0 ../lib/libsys.a(stderr.o)
 .bss           0x00000000000002fe        0x0 ../lib/libsys.a(perror.o)
 .bss           0x00000000000002fe        0x0 ../lib/libsys.a(sendrec.o)
 .bss           0x00000000000002fe        0x0 ../lib/libsys.a(write.o)
 .bss           0x00000000000002fe        0x0 ../lib/libsys.a(message.o)
 *(COMMON)
 COMMON         0x00000000000002fe        0x2 ../lib/libsys.a(call.o)
                0x00000000000002fe                errno
 COMMON         0x0000000000000300       0x18 ../lib/libsys.a(message.o)
                0x0000000000000300                M
                0x0000000000000318                _endbss = .

/DISCARD/
 *(.comment)
                0x0000000000000001                ASSERT ((. <= 0xebf8), Error: data too large for a .sep file.)
LOAD ../lib/crtso.o
LOAD mount.o
LOAD ../lib/libsys.a
OUTPUT(mount.sep binary)
