Archive member included to satisfy reference by file (symbol)

../lib/libsys.a(exec.o)       mv.o (execl)
../lib/libsys.a(getgid.o)     mv.o (getgid)
../lib/libsys.a(stat.o)       mv.o (stat)
../lib/libsys.a(utime.o)      mv.o (utime)
../lib/libsys.a(exit.o)       ../lib/crtso.o (exit)
../lib/libsys.a(link.o)       mv.o (link)
../lib/libsys.a(setgid.o)     mv.o (setgid)
../lib/libsys.a(wait.o)       mv.o (wait)
../lib/libsys.a(fork.o)       mv.o (fork)
../lib/libsys.a(getuid.o)     mv.o (getuid)
../lib/libsys.a(setuid.o)     mv.o (setuid)
../lib/libsys.a(unlink.o)     mv.o (unlink)
../lib/libsys.a(message.o)    ../lib/libsys.a(utime.o) (M)
../lib/libsys.a(call.o)       ../lib/libsys.a(utime.o) (callx)
../lib/libsys.a(strlen.o)     mv.o (strlen)
../lib/libsys.a(strcmp.o)     mv.o (strcmp)
../lib/libsys.a(stderr.o)     mv.o (std_err)
../lib/libsys.a(strcat.o)     mv.o (strcat)
../lib/libsys.a(strcpy.o)     mv.o (strcpy)
../lib/libsys.a(rindex.o)     mv.o (rindex)
../lib/libsys.a(sendrec.o)    ../lib/libsys.a(call.o) (sendrec)
../lib/libsys.a(write.o)      ../lib/libsys.a(stderr.o) (write)

Allocating common symbols
Common symbol       size              file

nullptr             0x2               ../lib/libsys.a(exec.o)
errno               0x2               ../lib/libsys.a(call.o)
M                   0x18              ../lib/libsys.a(message.o)
st1                 0x1e              mv.o
st                  0x1e              mv.o

Discarded input sections

 .comment       0x0000000000000000       0x12 mv.o
 .comment       0x0000000000000000       0x12 ../lib/libsys.a(exec.o)
 .comment       0x0000000000000000       0x12 ../lib/libsys.a(getgid.o)
 .comment       0x0000000000000000       0x12 ../lib/libsys.a(stat.o)
 .comment       0x0000000000000000       0x12 ../lib/libsys.a(utime.o)
 .comment       0x0000000000000000       0x12 ../lib/libsys.a(exit.o)
 .comment       0x0000000000000000       0x12 ../lib/libsys.a(link.o)
 .comment       0x0000000000000000       0x12 ../lib/libsys.a(setgid.o)
 .comment       0x0000000000000000       0x12 ../lib/libsys.a(wait.o)
 .comment       0x0000000000000000       0x12 ../lib/libsys.a(fork.o)
 .comment       0x0000000000000000       0x12 ../lib/libsys.a(getuid.o)
 .comment       0x0000000000000000       0x12 ../lib/libsys.a(setuid.o)
 .comment       0x0000000000000000       0x12 ../lib/libsys.a(unlink.o)
 .comment       0x0000000000000000       0x12 ../lib/libsys.a(message.o)
 .comment       0x0000000000000000       0x12 ../lib/libsys.a(call.o)
 .comment       0x0000000000000000       0x12 ../lib/libsys.a(strlen.o)
 .comment       0x0000000000000000       0x12 ../lib/libsys.a(strcmp.o)
 .comment       0x0000000000000000       0x12 ../lib/libsys.a(stderr.o)
 .comment       0x0000000000000000       0x12 ../lib/libsys.a(strcat.o)
 .comment       0x0000000000000000       0x12 ../lib/libsys.a(strcpy.o)
 .comment       0x0000000000000000       0x12 ../lib/libsys.a(rindex.o)
 .comment       0x0000000000000000       0x12 ../lib/libsys.a(write.o)

Memory Configuration

Name             Origin             Length             Attributes
*default*        0x0000000000000000 0xffffffffffffffff

Linker script and memory map


.hdr            0x0000000000000000       0x20
                0x0000000000000000        0x4 LONG 0x4100301
                0x0000000000000004        0x4 LONG 0x20
                0x0000000000000008        0x4 LONG 0x8d0 (_begdata - _begtext)
                0x000000000000000c        0x4 LONG 0xc6 (_begbss - _begdata)
                0x0000000000000010        0x4 LONG 0x5a (_endbss - _begbss)
                0x0000000000000014        0x4 LONG 0x0 start
                0x0000000000000018        0x4 LONG 0x29f0 ((((_endbss - _begtext) + 0x2000) / 0x2) * 0x2)
                0x000000000000001c        0x4 LONG 0x0
                0x0000000000000020                _begintext = ALIGN (0x20)

.text           0x0000000000000000      0x996 load address 0x0000000000000020
                0x0000000000000000                _begtext = .
 *(.text)
 .text          0x0000000000000000       0x1e ../lib/crtso.o
                0x0000000000000000                start
 .text          0x000000000000001e      0x342 mv.o
                0x000000000000001e                cant
                0x0000000000000043                move
                0x0000000000000256                main
 .text          0x0000000000000360      0x1f9 ../lib/libsys.a(exec.o)
                0x0000000000000360                execve
                0x00000000000004c6                execl
                0x00000000000004de                execle
                0x0000000000000505                execv
                0x000000000000051c                execn
 .text          0x0000000000000559       0x15 ../lib/libsys.a(getgid.o)
                0x0000000000000559                getgid
 .text          0x000000000000056e       0x29 ../lib/libsys.a(stat.o)
                0x000000000000056e                stat
 .text          0x0000000000000597       0x43 ../lib/libsys.a(utime.o)
                0x0000000000000597                utime
 .text          0x00000000000005da       0x1d ../lib/libsys.a(exit.o)
                0x00000000000005da                exit
 .text          0x00000000000005f7       0x34 ../lib/libsys.a(link.o)
                0x00000000000005f7                link
 .text          0x000000000000062b       0x1d ../lib/libsys.a(setgid.o)
                0x000000000000062b                setgid
 .text          0x0000000000000648       0x24 ../lib/libsys.a(wait.o)
                0x0000000000000648                wait
 .text          0x000000000000066c       0x15 ../lib/libsys.a(fork.o)
                0x000000000000066c                fork
 .text          0x0000000000000681       0x15 ../lib/libsys.a(getuid.o)
                0x0000000000000681                getuid
 .text          0x0000000000000696       0x1d ../lib/libsys.a(setuid.o)
                0x0000000000000696                setuid
 .text          0x00000000000006b3       0x1c ../lib/libsys.a(unlink.o)
                0x00000000000006b3                unlink
 .text          0x00000000000006cf        0x0 ../lib/libsys.a(message.o)
 .text          0x00000000000006cf       0xc8 ../lib/libsys.a(call.o)
                0x00000000000006cf                callx
                0x00000000000006fe                callm1
                0x0000000000000735                len
                0x000000000000074e                callm3
 .text          0x0000000000000797       0x19 ../lib/libsys.a(strlen.o)
                0x0000000000000797                strlen
 .text          0x00000000000007b0       0x3b ../lib/libsys.a(strcmp.o)
                0x00000000000007b0                strcmp
 .text          0x00000000000007eb       0x27 ../lib/libsys.a(stderr.o)
                0x00000000000007eb                std_err
 .text          0x0000000000000812       0x35 ../lib/libsys.a(strcat.o)
                0x0000000000000812                strcat
 .text          0x0000000000000847       0x2a ../lib/libsys.a(strcpy.o)
                0x0000000000000847                strcpy
 .text          0x0000000000000871       0x1f ../lib/libsys.a(rindex.o)
                0x0000000000000871                rindex
 .text          0x0000000000000890       0x1c ../lib/libsys.a(sendrec.o)
                0x0000000000000890                send
                0x0000000000000895                receive
                0x000000000000089a                send_rec
                0x000000000000089a                sendrec
 .text          0x00000000000008ac       0x24 ../lib/libsys.a(write.o)
                0x00000000000008ac                write
                0x00000000000008d0                _begdata = .
 *(.data)
 .data          0x00000000000008d0        0x4 ../lib/crtso.o
                0x00000000000008d0                brksize
                0x00000000000008d2                environ
 .data          0x00000000000008d4        0x0 mv.o
 .data          0x00000000000008d4        0x0 ../lib/libsys.a(exec.o)
 .data          0x00000000000008d4        0x0 ../lib/libsys.a(getgid.o)
 .data          0x00000000000008d4        0x0 ../lib/libsys.a(stat.o)
 .data          0x00000000000008d4        0x0 ../lib/libsys.a(utime.o)
 .data          0x00000000000008d4        0x0 ../lib/libsys.a(exit.o)
 .data          0x00000000000008d4        0x0 ../lib/libsys.a(link.o)
 .data          0x00000000000008d4        0x0 ../lib/libsys.a(setgid.o)
 .data          0x00000000000008d4        0x0 ../lib/libsys.a(wait.o)
 .data          0x00000000000008d4        0x0 ../lib/libsys.a(fork.o)
 .data          0x00000000000008d4        0x0 ../lib/libsys.a(getuid.o)
 .data          0x00000000000008d4        0x0 ../lib/libsys.a(setuid.o)
 .data          0x00000000000008d4        0x0 ../lib/libsys.a(unlink.o)
 .data          0x00000000000008d4        0x0 ../lib/libsys.a(message.o)
 .data          0x00000000000008d4        0x0 ../lib/libsys.a(call.o)
 .data          0x00000000000008d4        0x0 ../lib/libsys.a(strlen.o)
 .data          0x00000000000008d4        0x0 ../lib/libsys.a(strcmp.o)
 .data          0x00000000000008d4        0x0 ../lib/libsys.a(stderr.o)
 .data          0x00000000000008d4        0x0 ../lib/libsys.a(strcat.o)
 .data          0x00000000000008d4        0x0 ../lib/libsys.a(strcpy.o)
 .data          0x00000000000008d4        0x0 ../lib/libsys.a(rindex.o)
 .data          0x00000000000008d4        0x0 ../lib/libsys.a(sendrec.o)
 .data          0x00000000000008d4        0x0 ../lib/libsys.a(write.o)
 *(.rodata*)
 .rodata.str1.1
                0x00000000000008d4       0xc2 mv.o
                0x0000000000000996                _begbss = .

.bss            0x0000000000000996       0x5a load address 0x00000000000009b6
 *(.bss)
 .bss           0x0000000000000996        0x0 ../lib/crtso.o
 .bss           0x0000000000000996        0x2 mv.o
                0x0000000000000996                error
 .bss           0x0000000000000998        0x0 ../lib/libsys.a(exec.o)
 .bss           0x0000000000000998        0x0 ../lib/libsys.a(getgid.o)
 .bss           0x0000000000000998        0x0 ../lib/libsys.a(stat.o)
 .bss           0x0000000000000998        0x0 ../lib/libsys.a(utime.o)
 .bss           0x0000000000000998        0x0 ../lib/libsys.a(exit.o)
 .bss           0x0000000000000998        0x0 ../lib/libsys.a(link.o)
 .bss           0x0000000000000998        0x0 ../lib/libsys.a(setgid.o)
 .bss           0x0000000000000998        0x0 ../lib/libsys.a(wait.o)
 .bss           0x0000000000000998        0x0 ../lib/libsys.a(fork.o)
 .bss           0x0000000000000998        0x0 ../lib/libsys.a(getuid.o)
 .bss           0x0000000000000998        0x0 ../lib/libsys.a(setuid.o)
 .bss           0x0000000000000998        0x0 ../lib/libsys.a(unlink.o)
 .bss           0x0000000000000998        0x0 ../lib/libsys.a(message.o)
 .bss           0x0000000000000998        0x0 ../lib/libsys.a(call.o)
 .bss           0x0000000000000998        0x0 ../lib/libsys.a(strlen.o)
 .bss           0x0000000000000998        0x0 ../lib/libsys.a(strcmp.o)
 .bss           0x0000000000000998        0x0 ../lib/libsys.a(stderr.o)
 .bss           0x0000000000000998        0x0 ../lib/libsys.a(strcat.o)
 .bss           0x0000000000000998        0x0 ../lib/libsys.a(strcpy.o)
 .bss           0x0000000000000998        0x0 ../lib/libsys.a(rindex.o)
 .bss           0x0000000000000998        0x0 ../lib/libsys.a(sendrec.o)
 .bss           0x0000000000000998        0x0 ../lib/libsys.a(write.o)
 *(COMMON)
 COMMON         0x0000000000000998       0x3c mv.o
                0x0000000000000998                st1
                0x00000000000009b6                st
 COMMON         0x00000000000009d4        0x2 ../lib/libsys.a(exec.o)
                0x00000000000009d4                nullptr
 COMMON         0x00000000000009d6       0x18 ../lib/libsys.a(message.o)
                0x00000000000009d6                M
 COMMON         0x00000000000009ee        0x2 ../lib/libsys.a(call.o)
                0x00000000000009ee                errno
                0x00000000000009f0                . = ALIGN (0x2)
                0x00000000000009f0                _endbss = .

/DISCARD/
 *(.comment)
                0x0000000000000001                ASSERT ((. <= 0xdff8), Error: too large for a .out file.)
LOAD ../lib/crtso.o
LOAD mv.o
LOAD ../lib/libsys.a
OUTPUT(mv.out binary)
