Archive member included to satisfy reference by file (symbol)

../lib/libsys.a(access.o)     passwd.o (access)
../lib/libsys.a(close.o)      passwd.o (close)
../lib/libsys.a(read.o)       passwd.o (read)
../lib/libsys.a(creat.o)      passwd.o (creat)
../lib/libsys.a(exit.o)       ../lib/crtso.o (exit)
../lib/libsys.a(open.o)       passwd.o (open)
../lib/libsys.a(umask.o)      passwd.o (umask)
../lib/libsys.a(getuid.o)     passwd.o (getuid)
../lib/libsys.a(write.o)      passwd.o (write)
../lib/libsys.a(signal.o)     passwd.o (signal)
../lib/libsys.a(time.o)       passwd.o (time)
../lib/libsys.a(unlink.o)     passwd.o (unlink)
../lib/libsys.a(message.o)    ../lib/libsys.a(signal.o) (M)
../lib/libsys.a(call.o)       ../lib/libsys.a(signal.o) (callx)
../lib/libsys.a(strcmp.o)     passwd.o (strcmp)
../lib/libsys.a(stderr.o)     passwd.o (std_err)
../lib/libsys.a(prints.o)     passwd.o (prints)
../lib/libsys.a(crypt.o)      passwd.o (crypt)
../lib/libsys.a(getpwent.o)   passwd.o (setpwent)
../lib/libsys.a(atoi.o)       ../lib/libsys.a(getpwent.o) (atoi)
../lib/libsys.a(strcpy.o)     passwd.o (strcpy)
../lib/libsys.a(fclose.o)     passwd.o (fclose)
../lib/libsys.a(itoa.o)       passwd.o (itoa)
../lib/libsys.a(getpass.o)    passwd.o (getpass)
../lib/libsys.a(memcpy.o)     ../lib/libsys.a(crypt.o) (memcpy)
../lib/libsys.a(catchsig.o)   ../lib/libsys.a(signal.o) (begsig)
../lib/libsys.a(sendrec.o)    ../lib/libsys.a(call.o) (sendrec)
../lib/libsys.a(lseek.o)      ../lib/libsys.a(getpwent.o) (lseek)
../lib/libsys.a(ioctl.o)      ../lib/libsys.a(getpass.o) (ioctl)
../lib/libsys.a(fflush.o)     ../lib/libsys.a(fclose.o) (fflush)
../lib/libsys.a(printdat.o)   ../lib/libsys.a(fclose.o) (_io_table)
../lib/libsys.a(malloc.o)     ../lib/libsys.a(fclose.o) (free)
../lib/libsys.a(bcopy.o)      ../lib/libsys.a(malloc.o) (bcopy)
../lib/libsys.a(brk.o)        ../lib/libsys.a(malloc.o) (brk)

Allocating common symbols
Common symbol       size              file

vectab              0x20              ../lib/libsys.a(signal.o)
errno               0x2               ../lib/libsys.a(call.o)
Bufp                0x2               ../lib/libsys.a(prints.o)
__stdin             0x400             ../lib/libsys.a(printdat.o)
Buf                 0x80              ../lib/libsys.a(prints.o)
buf                 0x200             passwd.o
M                   0x18              ../lib/libsys.a(message.o)
__stdout            0x400             ../lib/libsys.a(printdat.o)

Discarded input sections

 .comment       0x0000000000000000       0x12 passwd.o
 .comment       0x0000000000000000       0x12 ../lib/libsys.a(access.o)
 .comment       0x0000000000000000       0x12 ../lib/libsys.a(close.o)
 .comment       0x0000000000000000       0x12 ../lib/libsys.a(read.o)
 .comment       0x0000000000000000       0x12 ../lib/libsys.a(creat.o)
 .comment       0x0000000000000000       0x12 ../lib/libsys.a(exit.o)
 .comment       0x0000000000000000       0x12 ../lib/libsys.a(open.o)
 .comment       0x0000000000000000       0x12 ../lib/libsys.a(umask.o)
 .comment       0x0000000000000000       0x12 ../lib/libsys.a(getuid.o)
 .comment       0x0000000000000000       0x12 ../lib/libsys.a(write.o)
 .comment       0x0000000000000000       0x12 ../lib/libsys.a(signal.o)
 .comment       0x0000000000000000       0x12 ../lib/libsys.a(time.o)
 .comment       0x0000000000000000       0x12 ../lib/libsys.a(unlink.o)
 .comment       0x0000000000000000       0x12 ../lib/libsys.a(message.o)
 .comment       0x0000000000000000       0x12 ../lib/libsys.a(call.o)
 .comment       0x0000000000000000       0x12 ../lib/libsys.a(strcmp.o)
 .comment       0x0000000000000000       0x12 ../lib/libsys.a(stderr.o)
 .comment       0x0000000000000000       0x12 ../lib/libsys.a(prints.o)
 .comment       0x0000000000000000       0x12 ../lib/libsys.a(crypt.o)
 .comment       0x0000000000000000       0x12 ../lib/libsys.a(getpwent.o)
 .comment       0x0000000000000000       0x12 ../lib/libsys.a(atoi.o)
 .comment       0x0000000000000000       0x12 ../lib/libsys.a(strcpy.o)
 .comment       0x0000000000000000       0x12 ../lib/libsys.a(fclose.o)
 .comment       0x0000000000000000       0x12 ../lib/libsys.a(itoa.o)
 .comment       0x0000000000000000       0x12 ../lib/libsys.a(getpass.o)
 .comment       0x0000000000000000       0x12 ../lib/libsys.a(memcpy.o)
 .comment       0x0000000000000000       0x12 ../lib/libsys.a(lseek.o)
 .comment       0x0000000000000000       0x12 ../lib/libsys.a(ioctl.o)
 .comment       0x0000000000000000       0x12 ../lib/libsys.a(fflush.o)
 .comment       0x0000000000000000       0x12 ../lib/libsys.a(printdat.o)
 .comment       0x0000000000000000       0x12 ../lib/libsys.a(malloc.o)
 .comment       0x0000000000000000       0x12 ../lib/libsys.a(bcopy.o)
 .comment       0x0000000000000000       0x12 ../lib/libsys.a(brk.o)

Memory Configuration

Name             Origin             Length             Attributes
*default*        0x0000000000000000 0xffffffffffffffff

Linker script and memory map


.hdr            0x0000000000000000       0x20
                0x0000000000000000        0x4 LONG 0x4200301
                0x0000000000000004        0x4 LONG 0x20
                0x0000000000000008        0x4 LONG 0x13d0 SIZEOF (.text)
                0x000000000000000c        0x4 LONG 0x57c SIZEOF (.data)
                0x0000000000000010        0x4 LONG 0x1038 SIZEOF (.bss)
                0x0000000000000014        0x4 LONG 0x0 start
                0x0000000000000018        0x4 LONG 0x29b4 ((SIZEOF (.data) + SIZEOF (.bss)) + 0x1400)
                0x000000000000001c        0x4 LONG 0x0
                0x0000000000000020                _begintext = ALIGN (0x20)

.text           0x0000000000000000     0x13d0 load address 0x0000000000000020
 *(.text)
 .text          0x0000000000000000       0x1e ../lib/crtso.o
                0x0000000000000000                start
 .text          0x000000000000001e      0x322 passwd.o
                0x000000000000001e                main
 .text          0x0000000000000340       0x1b ../lib/libsys.a(access.o)
                0x0000000000000340                access
 .text          0x000000000000035b       0x20 ../lib/libsys.a(close.o)
                0x000000000000035b                close
 .text          0x000000000000037b       0x24 ../lib/libsys.a(read.o)
                0x000000000000037b                read
 .text          0x000000000000039f       0x1b ../lib/libsys.a(creat.o)
                0x000000000000039f                creat
 .text          0x00000000000003ba       0x1d ../lib/libsys.a(exit.o)
                0x00000000000003ba                exit
 .text          0x00000000000003d7       0x1b ../lib/libsys.a(open.o)
                0x00000000000003d7                open
 .text          0x00000000000003f2       0x20 ../lib/libsys.a(umask.o)
                0x00000000000003f2                umask
 .text          0x0000000000000412       0x15 ../lib/libsys.a(getuid.o)
                0x0000000000000412                getuid
 .text          0x0000000000000427       0x24 ../lib/libsys.a(write.o)
                0x0000000000000427                write
 .text          0x000000000000044b       0x42 ../lib/libsys.a(signal.o)
                0x000000000000044b                signal
 .text          0x000000000000048d       0x55 ../lib/libsys.a(time.o)
                0x000000000000048d                time
 .text          0x00000000000004e2       0x1c ../lib/libsys.a(unlink.o)
                0x00000000000004e2                unlink
 .text          0x00000000000004fe        0x0 ../lib/libsys.a(message.o)
 .text          0x00000000000004fe       0xc8 ../lib/libsys.a(call.o)
                0x00000000000004fe                callx
                0x000000000000052d                callm1
                0x0000000000000564                len
                0x000000000000057d                callm3
 .text          0x00000000000005c6       0x3b ../lib/libsys.a(strcmp.o)
                0x00000000000005c6                strcmp
 .text          0x0000000000000601       0x27 ../lib/libsys.a(stderr.o)
                0x0000000000000601                std_err
 .text          0x0000000000000628      0x139 ../lib/libsys.a(prints.o)
                0x0000000000000641                prints
 .text          0x0000000000000761      0x41c ../lib/libsys.a(crypt.o)
                0x00000000000007b4                setkey
                0x00000000000007da                encrypt
                0x00000000000009d0                crypt
 .text          0x0000000000000b7d      0x17b ../lib/libsys.a(getpwent.o)
                0x0000000000000b96                setpwent
                0x0000000000000bc7                endpwent
                0x0000000000000be2                getpwent
                0x0000000000000cac                getpwnam
                0x0000000000000cd8                getpwuid
 .text          0x0000000000000cf8       0xb5 ../lib/libsys.a(atoi.o)
                0x0000000000000cf8                atoi
 .text          0x0000000000000dad       0x2a ../lib/libsys.a(strcpy.o)
                0x0000000000000dad                strcpy
 .text          0x0000000000000dd7       0x6e ../lib/libsys.a(fclose.o)
                0x0000000000000dd7                fclose
 .text          0x0000000000000e45       0xd1 ../lib/libsys.a(itoa.o)
                0x0000000000000e45                itoa
 .text          0x0000000000000f16       0x8c ../lib/libsys.a(getpass.o)
                0x0000000000000f16                getpass
 .text          0x0000000000000fa2       0x24 ../lib/libsys.a(memcpy.o)
                0x0000000000000fa2                memcpy
 .text          0x0000000000000fc6       0x31 ../lib/libsys.a(catchsig.o)
                0x0000000000000fc6                begsig
 .text          0x0000000000000ff7       0x1c ../lib/libsys.a(sendrec.o)
                0x0000000000000ff7                send
                0x0000000000000ffc                receive
                0x0000000000001001                send_rec
                0x0000000000001001                sendrec
 .text          0x0000000000001013       0x3e ../lib/libsys.a(lseek.o)
                0x0000000000001013                lseek
 .text          0x0000000000001051      0x139 ../lib/libsys.a(ioctl.o)
                0x0000000000001051                ioctl
 .text          0x000000000000118a       0x4d ../lib/libsys.a(fflush.o)
                0x000000000000118a                fflush
 .text          0x00000000000011d7        0x0 ../lib/libsys.a(printdat.o)
 .text          0x00000000000011d7      0x17b ../lib/libsys.a(malloc.o)
                0x00000000000011d7                malloc
                0x0000000000001293                realloc
                0x0000000000001317                calloc
                0x0000000000001343                free
 .text          0x0000000000001352       0x22 ../lib/libsys.a(bcopy.o)
                0x0000000000001352                bcopy
 .text          0x0000000000001374       0x53 ../lib/libsys.a(brk.o)
                0x0000000000001374                brk
                0x00000000000013a5                sbrk
                0x00000000000013d0                . = ALIGN (0x10)
 *fill*         0x00000000000013c7        0x9 
                0x0000000000000001                ASSERT ((. <= 0xfff8), Error: text too large for a .sep file.)
                0x00000000000013f0                _begindata = (_begintext + .)

.data           0x0000000000000000      0x57c load address 0x00000000000013f0
 *(.data)
 .data          0x0000000000000000        0x4 ../lib/crtso.o
                0x0000000000000000                brksize
                0x0000000000000002                environ
 .data          0x0000000000000004       0x2b passwd.o
                0x0000000000000004                bad
                0x0000000000000017                pw_tmp
                0x0000000000000023                pwd_file
 .data          0x000000000000002f        0x0 ../lib/libsys.a(access.o)
 .data          0x000000000000002f        0x0 ../lib/libsys.a(close.o)
 .data          0x000000000000002f        0x0 ../lib/libsys.a(read.o)
 .data          0x000000000000002f        0x0 ../lib/libsys.a(creat.o)
 .data          0x000000000000002f        0x0 ../lib/libsys.a(exit.o)
 .data          0x000000000000002f        0x0 ../lib/libsys.a(open.o)
 .data          0x000000000000002f        0x0 ../lib/libsys.a(umask.o)
 .data          0x000000000000002f        0x0 ../lib/libsys.a(getuid.o)
 .data          0x000000000000002f        0x0 ../lib/libsys.a(write.o)
 .data          0x000000000000002f        0x0 ../lib/libsys.a(signal.o)
 .data          0x000000000000002f        0x0 ../lib/libsys.a(time.o)
 .data          0x000000000000002f        0x0 ../lib/libsys.a(unlink.o)
 .data          0x000000000000002f        0x0 ../lib/libsys.a(message.o)
 .data          0x000000000000002f        0x0 ../lib/libsys.a(call.o)
 .data          0x000000000000002f        0x0 ../lib/libsys.a(strcmp.o)
 .data          0x000000000000002f        0x0 ../lib/libsys.a(stderr.o)
 .data          0x000000000000002f        0x0 ../lib/libsys.a(prints.o)
 *fill*         0x000000000000002f        0x1 
 .data          0x0000000000000030      0x1c2 ../lib/libsys.a(crypt.o)
 .data          0x00000000000001f2        0xe ../lib/libsys.a(getpwent.o)
 .data          0x0000000000000200        0x0 ../lib/libsys.a(atoi.o)
 .data          0x0000000000000200        0x0 ../lib/libsys.a(strcpy.o)
 .data          0x0000000000000200        0x0 ../lib/libsys.a(fclose.o)
 .data          0x0000000000000200        0x0 ../lib/libsys.a(itoa.o)
 .data          0x0000000000000200        0x0 ../lib/libsys.a(getpass.o)
 .data          0x0000000000000200        0x0 ../lib/libsys.a(memcpy.o)
 .data          0x0000000000000200        0x2 ../lib/libsys.a(catchsig.o)
 .data          0x0000000000000202        0x0 ../lib/libsys.a(sendrec.o)
 .data          0x0000000000000202        0x0 ../lib/libsys.a(lseek.o)
 .data          0x0000000000000202        0x0 ../lib/libsys.a(ioctl.o)
 .data          0x0000000000000202        0x0 ../lib/libsys.a(fflush.o)
 .data          0x0000000000000202       0x46 ../lib/libsys.a(printdat.o)
                0x0000000000000202                _io_table
                0x000000000000022a                _stderr
                0x0000000000000234                _stdout
                0x000000000000023e                _stdin
 .data          0x0000000000000248        0x0 ../lib/libsys.a(malloc.o)
 .data          0x0000000000000248        0x0 ../lib/libsys.a(bcopy.o)
 .data          0x0000000000000248        0x0 ../lib/libsys.a(brk.o)
 *(.rodata*)
 .rodata.str1.1
                0x0000000000000248      0x111 passwd.o
 *fill*         0x0000000000000359        0x1 
 .rodata        0x000000000000035a      0x220 ../lib/libsys.a(crypt.o)
 .rodata.str1.1
                0x000000000000057a        0x2 ../lib/libsys.a(getpass.o)
                0x000000000000057c                _begbss = .

.bss            0x000000000000057c     0x1038 load address 0x000000000000196c
 *(.bss)
 .bss           0x000000000000057c        0x0 ../lib/crtso.o
 .bss           0x000000000000057c        0x0 passwd.o
 .bss           0x000000000000057c        0x0 ../lib/libsys.a(access.o)
 .bss           0x000000000000057c        0x0 ../lib/libsys.a(close.o)
 .bss           0x000000000000057c        0x0 ../lib/libsys.a(read.o)
 .bss           0x000000000000057c        0x0 ../lib/libsys.a(creat.o)
 .bss           0x000000000000057c        0x0 ../lib/libsys.a(exit.o)
 .bss           0x000000000000057c        0x0 ../lib/libsys.a(open.o)
 .bss           0x000000000000057c        0x0 ../lib/libsys.a(umask.o)
 .bss           0x000000000000057c        0x0 ../lib/libsys.a(getuid.o)
 .bss           0x000000000000057c        0x0 ../lib/libsys.a(write.o)
 .bss           0x000000000000057c        0x0 ../lib/libsys.a(signal.o)
 .bss           0x000000000000057c        0x0 ../lib/libsys.a(time.o)
 .bss           0x000000000000057c        0x0 ../lib/libsys.a(unlink.o)
 .bss           0x000000000000057c        0x0 ../lib/libsys.a(message.o)
 .bss           0x000000000000057c        0x0 ../lib/libsys.a(call.o)
 .bss           0x000000000000057c        0x0 ../lib/libsys.a(strcmp.o)
 .bss           0x000000000000057c        0x0 ../lib/libsys.a(stderr.o)
 .bss           0x000000000000057c        0x0 ../lib/libsys.a(prints.o)
 .bss           0x000000000000057c       0x50 ../lib/libsys.a(crypt.o)
 .bss           0x00000000000005cc      0x514 ../lib/libsys.a(getpwent.o)
 .bss           0x0000000000000ae0        0x0 ../lib/libsys.a(atoi.o)
 .bss           0x0000000000000ae0        0x0 ../lib/libsys.a(strcpy.o)
 .bss           0x0000000000000ae0        0x0 ../lib/libsys.a(fclose.o)
 .bss           0x0000000000000ae0        0xa ../lib/libsys.a(itoa.o)
 .bss           0x0000000000000aea        0x9 ../lib/libsys.a(getpass.o)
 .bss           0x0000000000000af3        0x0 ../lib/libsys.a(memcpy.o)
 .bss           0x0000000000000af3        0x0 ../lib/libsys.a(catchsig.o)
 .bss           0x0000000000000af3        0x0 ../lib/libsys.a(sendrec.o)
 .bss           0x0000000000000af3        0x0 ../lib/libsys.a(lseek.o)
 .bss           0x0000000000000af3        0x0 ../lib/libsys.a(ioctl.o)
 .bss           0x0000000000000af3        0x0 ../lib/libsys.a(fflush.o)
 .bss           0x0000000000000af3        0x0 ../lib/libsys.a(printdat.o)
 *fill*         0x0000000000000af3        0x1 
 .bss           0x0000000000000af4        0x4 ../lib/libsys.a(malloc.o)
 .bss           0x0000000000000af8        0x0 ../lib/libsys.a(bcopy.o)
 .bss           0x0000000000000af8        0x0 ../lib/libsys.a(brk.o)
 *(COMMON)
 COMMON         0x0000000000000af8      0x200 passwd.o
                0x0000000000000af8                buf
 COMMON         0x0000000000000cf8       0x20 ../lib/libsys.a(signal.o)
                0x0000000000000cf8                vectab
 COMMON         0x0000000000000d18       0x18 ../lib/libsys.a(message.o)
                0x0000000000000d18                M
 COMMON         0x0000000000000d30        0x2 ../lib/libsys.a(call.o)
                0x0000000000000d30                errno
 COMMON         0x0000000000000d32       0x82 ../lib/libsys.a(prints.o)
                0x0000000000000d32                Bufp
                0x0000000000000d34                Buf
 COMMON         0x0000000000000db4      0x800 ../lib/libsys.a(printdat.o)
                0x0000000000000db4                __stdin
                0x00000000000011b4                __stdout
                0x00000000000015b4                _endbss = .

/DISCARD/
 *(.comment)
                0x0000000000000001                ASSERT ((. <= 0xebf8), Error: data too large for a .sep file.)
LOAD ../lib/crtso.o
LOAD passwd.o
LOAD ../lib/libsys.a
OUTPUT(passwd.sep binary)
