Archive member included to satisfy reference by file (symbol)

../lib/libsys.a(access.o)     rm.o (access)
../lib/libsys.a(close.o)      rm.o (close)
../lib/libsys.a(exec.o)       rm.o (execl)
../lib/libsys.a(read.o)       rm.o (read)
../lib/libsys.a(stat.o)       rm.o (stat)
../lib/libsys.a(exit.o)       ../lib/crtso.o (exit)
../lib/libsys.a(open.o)       rm.o (open)
../lib/libsys.a(wait.o)       rm.o (wait)
../lib/libsys.a(fork.o)       rm.o (fork)
../lib/libsys.a(unlink.o)     rm.o (unlink)
../lib/libsys.a(message.o)    ../lib/libsys.a(wait.o) (M)
../lib/libsys.a(call.o)       ../lib/libsys.a(close.o) (callm1)
../lib/libsys.a(strcmp.o)     rm.o (strcmp)
../lib/libsys.a(stderr.o)     rm.o (std_err)
../lib/libsys.a(strcat.o)     rm.o (strcat)
../lib/libsys.a(strcpy.o)     rm.o (strcpy)
../lib/libsys.a(sendrec.o)    ../lib/libsys.a(call.o) (sendrec)
../lib/libsys.a(write.o)      ../lib/libsys.a(stderr.o) (write)

Allocating common symbols
Common symbol       size              file

nullptr             0x2               ../lib/libsys.a(exec.o)
errno               0x2               ../lib/libsys.a(call.o)
exstatus            0x2               rm.o
M                   0x18              ../lib/libsys.a(message.o)

Discarded input sections

 .comment       0x0000000000000000       0x12 rm.o
 .comment       0x0000000000000000       0x12 ../lib/libsys.a(access.o)
 .comment       0x0000000000000000       0x12 ../lib/libsys.a(close.o)
 .comment       0x0000000000000000       0x12 ../lib/libsys.a(exec.o)
 .comment       0x0000000000000000       0x12 ../lib/libsys.a(read.o)
 .comment       0x0000000000000000       0x12 ../lib/libsys.a(stat.o)
 .comment       0x0000000000000000       0x12 ../lib/libsys.a(exit.o)
 .comment       0x0000000000000000       0x12 ../lib/libsys.a(open.o)
 .comment       0x0000000000000000       0x12 ../lib/libsys.a(wait.o)
 .comment       0x0000000000000000       0x12 ../lib/libsys.a(fork.o)
 .comment       0x0000000000000000       0x12 ../lib/libsys.a(unlink.o)
 .comment       0x0000000000000000       0x12 ../lib/libsys.a(message.o)
 .comment       0x0000000000000000       0x12 ../lib/libsys.a(call.o)
 .comment       0x0000000000000000       0x12 ../lib/libsys.a(strcmp.o)
 .comment       0x0000000000000000       0x12 ../lib/libsys.a(stderr.o)
 .comment       0x0000000000000000       0x12 ../lib/libsys.a(strcat.o)
 .comment       0x0000000000000000       0x12 ../lib/libsys.a(strcpy.o)
 .comment       0x0000000000000000       0x12 ../lib/libsys.a(write.o)

Memory Configuration

Name             Origin             Length             Attributes
*default*        0x0000000000000000 0xffffffffffffffff

Linker script and memory map


.hdr            0x0000000000000000       0x20
                0x0000000000000000        0x4 LONG 0x4200301
                0x0000000000000004        0x4 LONG 0x20
                0x0000000000000008        0x4 LONG 0x8b0 SIZEOF (.text)
                0x000000000000000c        0x4 LONG 0xdf SIZEOF (.data)
                0x0000000000000010        0x4 LONG 0x26 SIZEOF (.bss)
                0x0000000000000014        0x4 LONG 0x0 start
                0x0000000000000018        0x4 LONG 0x1505 ((SIZEOF (.data) + SIZEOF (.bss)) + 0x1400)
                0x000000000000001c        0x4 LONG 0x0
                0x0000000000000020                _begintext = ALIGN (0x20)

.text           0x0000000000000000      0x8b0 load address 0x0000000000000020
 *(.text)
 .text          0x0000000000000000       0x1e ../lib/crtso.o
                0x0000000000000000                start
 .text          0x000000000000001e      0x3b1 rm.o
                0x000000000000001e                usage
                0x0000000000000030                rem_dir
                0x000000000000009c                confirm
                0x00000000000000fa                octal
                0x000000000000013a                stderr3
                0x0000000000000156                remove
                0x0000000000000309                main
 .text          0x00000000000003cf       0x1b ../lib/libsys.a(access.o)
                0x00000000000003cf                access
 .text          0x00000000000003ea       0x20 ../lib/libsys.a(close.o)
                0x00000000000003ea                close
 .text          0x000000000000040a      0x1f9 ../lib/libsys.a(exec.o)
                0x000000000000040a                execve
                0x0000000000000570                execl
                0x0000000000000588                execle
                0x00000000000005af                execv
                0x00000000000005c6                execn
 .text          0x0000000000000603       0x24 ../lib/libsys.a(read.o)
                0x0000000000000603                read
 .text          0x0000000000000627       0x29 ../lib/libsys.a(stat.o)
                0x0000000000000627                stat
 .text          0x0000000000000650       0x1d ../lib/libsys.a(exit.o)
                0x0000000000000650                exit
 .text          0x000000000000066d       0x1b ../lib/libsys.a(open.o)
                0x000000000000066d                open
 .text          0x0000000000000688       0x24 ../lib/libsys.a(wait.o)
                0x0000000000000688                wait
 .text          0x00000000000006ac       0x15 ../lib/libsys.a(fork.o)
                0x00000000000006ac                fork
 .text          0x00000000000006c1       0x1c ../lib/libsys.a(unlink.o)
                0x00000000000006c1                unlink
 .text          0x00000000000006dd        0x0 ../lib/libsys.a(message.o)
 .text          0x00000000000006dd       0xc8 ../lib/libsys.a(call.o)
                0x00000000000006dd                callx
                0x000000000000070c                callm1
                0x0000000000000743                len
                0x000000000000075c                callm3
 .text          0x00000000000007a5       0x3b ../lib/libsys.a(strcmp.o)
                0x00000000000007a5                strcmp
 .text          0x00000000000007e0       0x27 ../lib/libsys.a(stderr.o)
                0x00000000000007e0                std_err
 .text          0x0000000000000807       0x35 ../lib/libsys.a(strcat.o)
                0x0000000000000807                strcat
 .text          0x000000000000083c       0x2a ../lib/libsys.a(strcpy.o)
                0x000000000000083c                strcpy
 .text          0x0000000000000866       0x1c ../lib/libsys.a(sendrec.o)
                0x0000000000000866                send
                0x000000000000086b                receive
                0x0000000000000870                send_rec
                0x0000000000000870                sendrec
 .text          0x0000000000000882       0x24 ../lib/libsys.a(write.o)
                0x0000000000000882                write
                0x00000000000008b0                . = ALIGN (0x10)
 *fill*         0x00000000000008a6        0xa 
                0x0000000000000001                ASSERT ((. <= 0xfff8), Error: text too large for a .sep file.)
                0x00000000000008d0                _begindata = (_begintext + .)

.data           0x0000000000000000       0xdf load address 0x00000000000008d0
 *(.data)
 .data          0x0000000000000000        0x4 ../lib/crtso.o
                0x0000000000000000                brksize
                0x0000000000000002                environ
 .data          0x0000000000000004        0x0 rm.o
 .data          0x0000000000000004        0x0 ../lib/libsys.a(access.o)
 .data          0x0000000000000004        0x0 ../lib/libsys.a(close.o)
 .data          0x0000000000000004        0x0 ../lib/libsys.a(exec.o)
 .data          0x0000000000000004        0x0 ../lib/libsys.a(read.o)
 .data          0x0000000000000004        0x0 ../lib/libsys.a(stat.o)
 .data          0x0000000000000004        0x0 ../lib/libsys.a(exit.o)
 .data          0x0000000000000004        0x0 ../lib/libsys.a(open.o)
 .data          0x0000000000000004        0x0 ../lib/libsys.a(wait.o)
 .data          0x0000000000000004        0x0 ../lib/libsys.a(fork.o)
 .data          0x0000000000000004        0x0 ../lib/libsys.a(unlink.o)
 .data          0x0000000000000004        0x0 ../lib/libsys.a(message.o)
 .data          0x0000000000000004        0x0 ../lib/libsys.a(call.o)
 .data          0x0000000000000004        0x0 ../lib/libsys.a(strcmp.o)
 .data          0x0000000000000004        0x0 ../lib/libsys.a(stderr.o)
 .data          0x0000000000000004        0x0 ../lib/libsys.a(strcat.o)
 .data          0x0000000000000004        0x0 ../lib/libsys.a(strcpy.o)
 .data          0x0000000000000004        0x0 ../lib/libsys.a(sendrec.o)
 .data          0x0000000000000004        0x0 ../lib/libsys.a(write.o)
 *(.rodata*)
 .rodata.str1.1
                0x0000000000000004       0xdb rm.o
                0x00000000000000df                _begbss = .

.bss            0x00000000000000e0       0x26 load address 0x00000000000009b0
 *(.bss)
 .bss           0x00000000000000e0        0x0 ../lib/crtso.o
 .bss           0x00000000000000e0        0x8 rm.o
                0x00000000000000e0                rflag
                0x00000000000000e2                iflag
                0x00000000000000e4                fflag
                0x00000000000000e6                errors
 .bss           0x00000000000000e8        0x0 ../lib/libsys.a(access.o)
 .bss           0x00000000000000e8        0x0 ../lib/libsys.a(close.o)
 .bss           0x00000000000000e8        0x0 ../lib/libsys.a(exec.o)
 .bss           0x00000000000000e8        0x0 ../lib/libsys.a(read.o)
 .bss           0x00000000000000e8        0x0 ../lib/libsys.a(stat.o)
 .bss           0x00000000000000e8        0x0 ../lib/libsys.a(exit.o)
 .bss           0x00000000000000e8        0x0 ../lib/libsys.a(open.o)
 .bss           0x00000000000000e8        0x0 ../lib/libsys.a(wait.o)
 .bss           0x00000000000000e8        0x0 ../lib/libsys.a(fork.o)
 .bss           0x00000000000000e8        0x0 ../lib/libsys.a(unlink.o)
 .bss           0x00000000000000e8        0x0 ../lib/libsys.a(message.o)
 .bss           0x00000000000000e8        0x0 ../lib/libsys.a(call.o)
 .bss           0x00000000000000e8        0x0 ../lib/libsys.a(strcmp.o)
 .bss           0x00000000000000e8        0x0 ../lib/libsys.a(stderr.o)
 .bss           0x00000000000000e8        0x0 ../lib/libsys.a(strcat.o)
 .bss           0x00000000000000e8        0x0 ../lib/libsys.a(strcpy.o)
 .bss           0x00000000000000e8        0x0 ../lib/libsys.a(sendrec.o)
 .bss           0x00000000000000e8        0x0 ../lib/libsys.a(write.o)
 *(COMMON)
 COMMON         0x00000000000000e8        0x2 rm.o
                0x00000000000000e8                exstatus
 COMMON         0x00000000000000ea        0x2 ../lib/libsys.a(exec.o)
                0x00000000000000ea                nullptr
 COMMON         0x00000000000000ec       0x18 ../lib/libsys.a(message.o)
                0x00000000000000ec                M
 COMMON         0x0000000000000104        0x2 ../lib/libsys.a(call.o)
                0x0000000000000104                errno
                0x0000000000000106                _endbss = .

/DISCARD/
 *(.comment)
                0x0000000000000001                ASSERT ((. <= 0xebf8), Error: data too large for a .sep file.)
LOAD ../lib/crtso.o
LOAD rm.o
LOAD ../lib/libsys.a
OUTPUT(rm.sep binary)
