Archive member included to satisfy reference by file (symbol)

../lib/libsys.a(divmodsi3.o)  time.o (__divsi3)
../lib/libsys.a(ldivmod.o)    ../lib/libsys.a(divmodsi3.o) (ldivmod)
../lib/libsys.a(exec.o)       time.o (execv)
../lib/libsys.a(times.o)      time.o (times)
../lib/libsys.a(exit.o)       ../lib/crtso.o (exit)
../lib/libsys.a(wait.o)       time.o (wait)
../lib/libsys.a(fork.o)       time.o (fork)
../lib/libsys.a(signal.o)     time.o (signal)
../lib/libsys.a(time.o)       time.o (time)
../lib/libsys.a(message.o)    ../lib/libsys.a(times.o) (M)
../lib/libsys.a(call.o)       ../lib/libsys.a(signal.o) (callx)
../lib/libsys.a(stderr.o)     time.o (std_err)
../lib/libsys.a(catchsig.o)   ../lib/libsys.a(signal.o) (begsig)
../lib/libsys.a(sendrec.o)    ../lib/libsys.a(call.o) (sendrec)
../lib/libsys.a(write.o)      ../lib/libsys.a(stderr.o) (write)

Allocating common symbols
Common symbol       size              file

args                0x2               time.o
nullptr             0x2               ../lib/libsys.a(exec.o)
vectab              0x20              ../lib/libsys.a(signal.o)
errno               0x2               ../lib/libsys.a(call.o)
digit_seen          0x2               time.o
pathname            0xc8              time.o
M                   0x18              ../lib/libsys.a(message.o)
name                0x2               time.o

Discarded input sections

 .comment       0x0000000000000000       0x12 time.o
 .comment       0x0000000000000000       0x12 ../lib/libsys.a(exec.o)
 .comment       0x0000000000000000       0x12 ../lib/libsys.a(times.o)
 .comment       0x0000000000000000       0x12 ../lib/libsys.a(exit.o)
 .comment       0x0000000000000000       0x12 ../lib/libsys.a(wait.o)
 .comment       0x0000000000000000       0x12 ../lib/libsys.a(fork.o)
 .comment       0x0000000000000000       0x12 ../lib/libsys.a(signal.o)
 .comment       0x0000000000000000       0x12 ../lib/libsys.a(time.o)
 .comment       0x0000000000000000       0x12 ../lib/libsys.a(message.o)
 .comment       0x0000000000000000       0x12 ../lib/libsys.a(call.o)
 .comment       0x0000000000000000       0x12 ../lib/libsys.a(stderr.o)
 .comment       0x0000000000000000       0x12 ../lib/libsys.a(write.o)

Memory Configuration

Name             Origin             Length             Attributes
*default*        0x0000000000000000 0xffffffffffffffff

Linker script and memory map


.hdr            0x0000000000000000       0x20
                0x0000000000000000        0x4 LONG 0x4200301
                0x0000000000000004        0x4 LONG 0x20
                0x0000000000000008        0x4 LONG 0xa40 SIZEOF (.text)
                0x000000000000000c        0x4 LONG 0x282 SIZEOF (.data)
                0x0000000000000010        0x4 LONG 0x10a SIZEOF (.bss)
                0x0000000000000014        0x4 LONG 0x0 start
                0x0000000000000018        0x4 LONG 0x178c ((SIZEOF (.data) + SIZEOF (.bss)) + 0x1400)
                0x000000000000001c        0x4 LONG 0x0
                0x0000000000000020                _begintext = ALIGN (0x20)

.text           0x0000000000000000      0xa40 load address 0x0000000000000020
 *(.text)
 .text          0x0000000000000000       0x1e ../lib/crtso.o
                0x0000000000000000                start
 .text          0x000000000000001e      0x42d time.o
                0x000000000000001e                twin
                0x0000000000000064                print_time
                0x000000000000026b                try
                0x00000000000002c1                execute
                0x000000000000030d                main
 .text          0x000000000000044b       0x74 ../lib/libsys.a(divmodsi3.o)
                0x000000000000044b                __divsi3
                0x0000000000000469                __modsi3
                0x0000000000000485                __udivsi3
                0x00000000000004a3                __umodsi3
 .text          0x00000000000004bf       0xda ../lib/libsys.a(ldivmod.o)
                0x00000000000004bf                ldivmod
                0x00000000000004db                ludivmod
 .text          0x0000000000000599      0x1f9 ../lib/libsys.a(exec.o)
                0x0000000000000599                execve
                0x00000000000006ff                execl
                0x0000000000000717                execle
                0x000000000000073e                execv
                0x0000000000000755                execn
 .text          0x0000000000000792       0x5a ../lib/libsys.a(times.o)
                0x0000000000000792                times
 .text          0x00000000000007ec       0x1d ../lib/libsys.a(exit.o)
                0x00000000000007ec                exit
 .text          0x0000000000000809       0x24 ../lib/libsys.a(wait.o)
                0x0000000000000809                wait
 .text          0x000000000000082d       0x15 ../lib/libsys.a(fork.o)
                0x000000000000082d                fork
 .text          0x0000000000000842       0x42 ../lib/libsys.a(signal.o)
                0x0000000000000842                signal
 .text          0x0000000000000884       0x55 ../lib/libsys.a(time.o)
                0x0000000000000884                time
 .text          0x00000000000008d9        0x0 ../lib/libsys.a(message.o)
 .text          0x00000000000008d9       0xc8 ../lib/libsys.a(call.o)
                0x00000000000008d9                callx
                0x0000000000000908                callm1
                0x000000000000093f                len
                0x0000000000000958                callm3
 .text          0x00000000000009a1       0x27 ../lib/libsys.a(stderr.o)
                0x00000000000009a1                std_err
 .text          0x00000000000009c8       0x31 ../lib/libsys.a(catchsig.o)
                0x00000000000009c8                begsig
 .text          0x00000000000009f9       0x1c ../lib/libsys.a(sendrec.o)
                0x00000000000009f9                send
                0x00000000000009fe                receive
                0x0000000000000a03                send_rec
                0x0000000000000a03                sendrec
 .text          0x0000000000000a15       0x24 ../lib/libsys.a(write.o)
                0x0000000000000a15                write
                0x0000000000000a40                . = ALIGN (0x10)
 *fill*         0x0000000000000a39        0x7 
                0x0000000000000001                ASSERT ((. <= 0xfff8), Error: text too large for a .sep file.)
                0x0000000000000a60                _begindata = (_begintext + .)

.data           0x0000000000000000      0x282 load address 0x0000000000000a60
 *(.data)
 .data          0x0000000000000000        0x4 ../lib/crtso.o
                0x0000000000000000                brksize
                0x0000000000000002                environ
 .data          0x0000000000000004      0x20c time.o
                0x0000000000000004                newargs
                0x0000000000000204                a
 .data          0x0000000000000210        0x0 ../lib/libsys.a(divmodsi3.o)
 .data          0x0000000000000210        0x0 ../lib/libsys.a(ldivmod.o)
 .data          0x0000000000000210        0x0 ../lib/libsys.a(exec.o)
 .data          0x0000000000000210        0x0 ../lib/libsys.a(times.o)
 .data          0x0000000000000210        0x0 ../lib/libsys.a(exit.o)
 .data          0x0000000000000210        0x0 ../lib/libsys.a(wait.o)
 .data          0x0000000000000210        0x0 ../lib/libsys.a(fork.o)
 .data          0x0000000000000210        0x0 ../lib/libsys.a(signal.o)
 .data          0x0000000000000210        0x0 ../lib/libsys.a(time.o)
 .data          0x0000000000000210        0x0 ../lib/libsys.a(message.o)
 .data          0x0000000000000210        0x0 ../lib/libsys.a(call.o)
 .data          0x0000000000000210        0x0 ../lib/libsys.a(stderr.o)
 .data          0x0000000000000210        0x2 ../lib/libsys.a(catchsig.o)
 .data          0x0000000000000212        0x0 ../lib/libsys.a(sendrec.o)
 .data          0x0000000000000212        0x0 ../lib/libsys.a(write.o)
 *(.rodata*)
 .rodata.str1.1
                0x0000000000000212       0x70 time.o
                0x0000000000000282                _begbss = .

.bss            0x0000000000000282      0x10a load address 0x0000000000000ce2
 *(.bss)
 .bss           0x0000000000000282        0x0 ../lib/crtso.o
 .bss           0x0000000000000282        0x0 time.o
 .bss           0x0000000000000282        0x0 ../lib/libsys.a(divmodsi3.o)
 .bss           0x0000000000000282        0x0 ../lib/libsys.a(ldivmod.o)
 .bss           0x0000000000000282        0x0 ../lib/libsys.a(exec.o)
 .bss           0x0000000000000282        0x0 ../lib/libsys.a(times.o)
 .bss           0x0000000000000282        0x0 ../lib/libsys.a(exit.o)
 .bss           0x0000000000000282        0x0 ../lib/libsys.a(wait.o)
 .bss           0x0000000000000282        0x0 ../lib/libsys.a(fork.o)
 .bss           0x0000000000000282        0x0 ../lib/libsys.a(signal.o)
 .bss           0x0000000000000282        0x0 ../lib/libsys.a(time.o)
 .bss           0x0000000000000282        0x0 ../lib/libsys.a(message.o)
 .bss           0x0000000000000282        0x0 ../lib/libsys.a(call.o)
 .bss           0x0000000000000282        0x0 ../lib/libsys.a(stderr.o)
 .bss           0x0000000000000282        0x0 ../lib/libsys.a(catchsig.o)
 .bss           0x0000000000000282        0x0 ../lib/libsys.a(sendrec.o)
 .bss           0x0000000000000282        0x0 ../lib/libsys.a(write.o)
 *(COMMON)
 COMMON         0x0000000000000282       0xce time.o
                0x0000000000000282                args
                0x0000000000000284                digit_seen
                0x0000000000000286                pathname
                0x000000000000034e                name
 COMMON         0x0000000000000350        0x2 ../lib/libsys.a(exec.o)
                0x0000000000000350                nullptr
 COMMON         0x0000000000000352       0x20 ../lib/libsys.a(signal.o)
                0x0000000000000352                vectab
 COMMON         0x0000000000000372       0x18 ../lib/libsys.a(message.o)
                0x0000000000000372                M
 COMMON         0x000000000000038a        0x2 ../lib/libsys.a(call.o)
                0x000000000000038a                errno
                0x000000000000038c                _endbss = .

/DISCARD/
 *(.comment)
                0x0000000000000001                ASSERT ((. <= 0xebf8), Error: data too large for a .sep file.)
LOAD ../lib/crtso.o
LOAD time.o
LOAD ../lib/libsys.a
OUTPUT(time.sep binary)
