Archive member included to satisfy reference by file (symbol)

../lib/libsys.a(access.o)     touch.o (access)
../lib/libsys.a(close.o)      touch.o (close)
../lib/libsys.a(stat.o)       touch.o (stat)
../lib/libsys.a(utime.o)      touch.o (utime)
../lib/libsys.a(creat.o)      touch.o (creat)
../lib/libsys.a(exit.o)       ../lib/crtso.o (exit)
../lib/libsys.a(time.o)       touch.o (time)
../lib/libsys.a(message.o)    ../lib/libsys.a(utime.o) (M)
../lib/libsys.a(call.o)       ../lib/libsys.a(utime.o) (callx)
../lib/libsys.a(sendrec.o)    ../lib/libsys.a(call.o) (sendrec)
../lib/libsys.a(prints.o)     touch.o (prints)
../lib/libsys.a(write.o)      ../lib/libsys.a(prints.o) (write)

Allocating common symbols
Common symbol       size              file

errno               0x2               ../lib/libsys.a(call.o)
Bufp                0x2               ../lib/libsys.a(prints.o)
Buf                 0x80              ../lib/libsys.a(prints.o)
M                   0x18              ../lib/libsys.a(message.o)

Discarded input sections

 .comment       0x0000000000000000       0x12 touch.o
 .comment       0x0000000000000000       0x12 ../lib/libsys.a(access.o)
 .comment       0x0000000000000000       0x12 ../lib/libsys.a(close.o)
 .comment       0x0000000000000000       0x12 ../lib/libsys.a(stat.o)
 .comment       0x0000000000000000       0x12 ../lib/libsys.a(utime.o)
 .comment       0x0000000000000000       0x12 ../lib/libsys.a(creat.o)
 .comment       0x0000000000000000       0x12 ../lib/libsys.a(exit.o)
 .comment       0x0000000000000000       0x12 ../lib/libsys.a(time.o)
 .comment       0x0000000000000000       0x12 ../lib/libsys.a(message.o)
 .comment       0x0000000000000000       0x12 ../lib/libsys.a(call.o)
 .comment       0x0000000000000000       0x12 ../lib/libsys.a(prints.o)
 .comment       0x0000000000000000       0x12 ../lib/libsys.a(write.o)

Memory Configuration

Name             Origin             Length             Attributes
*default*        0x0000000000000000 0xffffffffffffffff

Linker script and memory map


.hdr            0x0000000000000000       0x20
                0x0000000000000000        0x4 LONG 0x4200301
                0x0000000000000004        0x4 LONG 0x20
                0x0000000000000008        0x4 LONG 0x4c0 SIZEOF (.text)
                0x000000000000000c        0x4 LONG 0x39 SIZEOF (.data)
                0x0000000000000010        0x4 LONG 0x9e SIZEOF (.bss)
                0x0000000000000014        0x4 LONG 0x0 start
                0x0000000000000018        0x4 LONG 0x14d7 ((SIZEOF (.data) + SIZEOF (.bss)) + 0x1400)
                0x000000000000001c        0x4 LONG 0x0
                0x0000000000000020                _begintext = ALIGN (0x20)

.text           0x0000000000000000      0x4c0 load address 0x0000000000000020
 *(.text)
 .text          0x0000000000000000       0x1e ../lib/crtso.o
                0x0000000000000000                start
 .text          0x000000000000001e      0x12a touch.o
                0x000000000000001e                doit
                0x00000000000000a5                std_err
                0x00000000000000b9                usage
                0x00000000000000cb                main
 .text          0x0000000000000148       0x1b ../lib/libsys.a(access.o)
                0x0000000000000148                access
 .text          0x0000000000000163       0x20 ../lib/libsys.a(close.o)
                0x0000000000000163                close
 .text          0x0000000000000183       0x29 ../lib/libsys.a(stat.o)
                0x0000000000000183                stat
 .text          0x00000000000001ac       0x43 ../lib/libsys.a(utime.o)
                0x00000000000001ac                utime
 .text          0x00000000000001ef       0x1b ../lib/libsys.a(creat.o)
                0x00000000000001ef                creat
 .text          0x000000000000020a       0x1d ../lib/libsys.a(exit.o)
                0x000000000000020a                exit
 .text          0x0000000000000227       0x55 ../lib/libsys.a(time.o)
                0x0000000000000227                time
 .text          0x000000000000027c        0x0 ../lib/libsys.a(message.o)
 .text          0x000000000000027c       0xc8 ../lib/libsys.a(call.o)
                0x000000000000027c                callx
                0x00000000000002ab                callm1
                0x00000000000002e2                len
                0x00000000000002fb                callm3
 .text          0x0000000000000344       0x1c ../lib/libsys.a(sendrec.o)
                0x0000000000000344                send
                0x0000000000000349                receive
                0x000000000000034e                send_rec
                0x000000000000034e                sendrec
 .text          0x0000000000000360      0x139 ../lib/libsys.a(prints.o)
                0x0000000000000379                prints
 .text          0x0000000000000499       0x24 ../lib/libsys.a(write.o)
                0x0000000000000499                write
                0x00000000000004c0                . = ALIGN (0x10)
 *fill*         0x00000000000004bd        0x3 
                0x0000000000000001                ASSERT ((. <= 0xfff8), Error: text too large for a .sep file.)
                0x00000000000004e0                _begindata = (_begintext + .)

.data           0x0000000000000000       0x39 load address 0x00000000000004e0
 *(.data)
 .data          0x0000000000000000        0x4 ../lib/crtso.o
                0x0000000000000000                brksize
                0x0000000000000002                environ
 .data          0x0000000000000004        0x0 touch.o
 .data          0x0000000000000004        0x0 ../lib/libsys.a(access.o)
 .data          0x0000000000000004        0x0 ../lib/libsys.a(close.o)
 .data          0x0000000000000004        0x0 ../lib/libsys.a(stat.o)
 .data          0x0000000000000004        0x0 ../lib/libsys.a(utime.o)
 .data          0x0000000000000004        0x0 ../lib/libsys.a(creat.o)
 .data          0x0000000000000004        0x0 ../lib/libsys.a(exit.o)
 .data          0x0000000000000004        0x0 ../lib/libsys.a(time.o)
 .data          0x0000000000000004        0x0 ../lib/libsys.a(message.o)
 .data          0x0000000000000004        0x0 ../lib/libsys.a(call.o)
 .data          0x0000000000000004        0x0 ../lib/libsys.a(sendrec.o)
 .data          0x0000000000000004        0x0 ../lib/libsys.a(prints.o)
 .data          0x0000000000000004        0x0 ../lib/libsys.a(write.o)
 *(.rodata*)
 .rodata.str1.1
                0x0000000000000004       0x35 touch.o
                0x0000000000000039                _begbss = .

.bss            0x000000000000003a       0x9e load address 0x000000000000051a
 *(.bss)
 .bss           0x000000000000003a        0x0 ../lib/crtso.o
 .bss           0x000000000000003a        0x2 touch.o
                0x000000000000003a                no_creat
 .bss           0x000000000000003c        0x0 ../lib/libsys.a(access.o)
 .bss           0x000000000000003c        0x0 ../lib/libsys.a(close.o)
 .bss           0x000000000000003c        0x0 ../lib/libsys.a(stat.o)
 .bss           0x000000000000003c        0x0 ../lib/libsys.a(utime.o)
 .bss           0x000000000000003c        0x0 ../lib/libsys.a(creat.o)
 .bss           0x000000000000003c        0x0 ../lib/libsys.a(exit.o)
 .bss           0x000000000000003c        0x0 ../lib/libsys.a(time.o)
 .bss           0x000000000000003c        0x0 ../lib/libsys.a(message.o)
 .bss           0x000000000000003c        0x0 ../lib/libsys.a(call.o)
 .bss           0x000000000000003c        0x0 ../lib/libsys.a(sendrec.o)
 .bss           0x000000000000003c        0x0 ../lib/libsys.a(prints.o)
 .bss           0x000000000000003c        0x0 ../lib/libsys.a(write.o)
 *(COMMON)
 COMMON         0x000000000000003c       0x18 ../lib/libsys.a(message.o)
                0x000000000000003c                M
 COMMON         0x0000000000000054        0x2 ../lib/libsys.a(call.o)
                0x0000000000000054                errno
 COMMON         0x0000000000000056       0x82 ../lib/libsys.a(prints.o)
                0x0000000000000056                Bufp
                0x0000000000000058                Buf
                0x00000000000000d8                _endbss = .

/DISCARD/
 *(.comment)
                0x0000000000000001                ASSERT ((. <= 0xebf8), Error: data too large for a .sep file.)
LOAD ../lib/crtso.o
LOAD touch.o
LOAD ../lib/libsys.a
OUTPUT(touch.sep binary)
