Archive member included to satisfy reference by file (symbol)

../lib/libsys.a(exit.o)       ../lib/crtso.o (exit)
../lib/libsys.a(umount.o)     umount.o (umount)
../lib/libsys.a(call.o)       umount.o (errno)
../lib/libsys.a(stderr.o)     umount.o (std_err)
../lib/libsys.a(perror.o)     umount.o (perror)
../lib/libsys.a(sendrec.o)    ../lib/libsys.a(call.o) (sendrec)
../lib/libsys.a(write.o)      ../lib/libsys.a(stderr.o) (write)
../lib/libsys.a(message.o)    ../lib/libsys.a(call.o) (M)

Allocating common symbols
Common symbol       size              file

errno               0x2               ../lib/libsys.a(call.o)
M                   0x18              ../lib/libsys.a(message.o)

Discarded input sections

 .comment       0x0000000000000000       0x12 umount.o
 .comment       0x0000000000000000       0x12 ../lib/libsys.a(exit.o)
 .comment       0x0000000000000000       0x12 ../lib/libsys.a(umount.o)
 .comment       0x0000000000000000       0x12 ../lib/libsys.a(call.o)
 .comment       0x0000000000000000       0x12 ../lib/libsys.a(stderr.o)
 .comment       0x0000000000000000       0x12 ../lib/libsys.a(perror.o)
 .comment       0x0000000000000000       0x12 ../lib/libsys.a(write.o)
 .comment       0x0000000000000000       0x12 ../lib/libsys.a(message.o)

Memory Configuration

Name             Origin             Length             Attributes
*default*        0x0000000000000000 0xffffffffffffffff

Linker script and memory map


.hdr            0x0000000000000000       0x20
                0x0000000000000000        0x4 LONG 0x4100301
                0x0000000000000004        0x4 LONG 0x20
                0x0000000000000008        0x4 LONG 0x276 (_begdata - _begtext)
                0x000000000000000c        0x4 LONG 0x2e5 (_begbss - _begdata)
                0x0000000000000010        0x4 LONG 0x1b (_endbss - _begbss)
                0x0000000000000014        0x4 LONG 0x0 start
                0x0000000000000018        0x4 LONG 0x2576 ((((_endbss - _begtext) + 0x2000) / 0x2) * 0x2)
                0x000000000000001c        0x4 LONG 0x0
                0x0000000000000020                _begintext = ALIGN (0x20)

.text           0x0000000000000000      0x55b load address 0x0000000000000020
                0x0000000000000000                _begtext = .
 *(.text)
 .text          0x0000000000000000       0x1e ../lib/crtso.o
                0x0000000000000000                start
 .text          0x000000000000001e       0x74 umount.o
                0x000000000000001e                usage
                0x0000000000000030                main
 .text          0x0000000000000092       0x1d ../lib/libsys.a(exit.o)
                0x0000000000000092                exit
 .text          0x00000000000000af       0x1c ../lib/libsys.a(umount.o)
                0x00000000000000af                umount
 .text          0x00000000000000cb       0xc8 ../lib/libsys.a(call.o)
                0x00000000000000cb                callx
                0x00000000000000fa                callm1
                0x0000000000000131                len
                0x000000000000014a                callm3
 .text          0x0000000000000193       0x27 ../lib/libsys.a(stderr.o)
                0x0000000000000193                std_err
 .text          0x00000000000001ba       0x7c ../lib/libsys.a(perror.o)
                0x00000000000001ba                perror
 .text          0x0000000000000236       0x1c ../lib/libsys.a(sendrec.o)
                0x0000000000000236                send
                0x000000000000023b                receive
                0x0000000000000240                send_rec
                0x0000000000000240                sendrec
 .text          0x0000000000000252       0x24 ../lib/libsys.a(write.o)
                0x0000000000000252                write
 .text          0x0000000000000276        0x0 ../lib/libsys.a(message.o)
                0x0000000000000276                _begdata = .
 *(.data)
 .data          0x0000000000000276        0x4 ../lib/crtso.o
                0x0000000000000276                brksize
                0x0000000000000278                environ
 .data          0x000000000000027a        0x0 umount.o
 .data          0x000000000000027a        0x0 ../lib/libsys.a(exit.o)
 .data          0x000000000000027a        0x0 ../lib/libsys.a(umount.o)
 .data          0x000000000000027a        0x0 ../lib/libsys.a(call.o)
 .data          0x000000000000027a        0x0 ../lib/libsys.a(stderr.o)
 .data          0x000000000000027a       0x46 ../lib/libsys.a(perror.o)
                0x000000000000027a                error_message
 .data          0x00000000000002c0        0x0 ../lib/libsys.a(sendrec.o)
 .data          0x00000000000002c0        0x0 ../lib/libsys.a(write.o)
 .data          0x00000000000002c0        0x0 ../lib/libsys.a(message.o)
 *(.rodata*)
 .rodata.str1.1
                0x00000000000002c0       0x3e umount.o
 .rodata.str1.1
                0x00000000000002fe      0x25d ../lib/libsys.a(perror.o)
                0x000000000000055b                _begbss = .

.bss            0x000000000000055c       0x1a load address 0x000000000000057c
 *(.bss)
 .bss           0x000000000000055c        0x0 ../lib/crtso.o
 .bss           0x000000000000055c        0x0 umount.o
 .bss           0x000000000000055c        0x0 ../lib/libsys.a(exit.o)
 .bss           0x000000000000055c        0x0 ../lib/libsys.a(umount.o)
 .bss           0x000000000000055c        0x0 ../lib/libsys.a(call.o)
 .bss           0x000000000000055c        0x0 ../lib/libsys.a(stderr.o)
 .bss           0x000000000000055c        0x0 ../lib/libsys.a(perror.o)
 .bss           0x000000000000055c        0x0 ../lib/libsys.a(sendrec.o)
 .bss           0x000000000000055c        0x0 ../lib/libsys.a(write.o)
 .bss           0x000000000000055c        0x0 ../lib/libsys.a(message.o)
 *(COMMON)
 COMMON         0x000000000000055c        0x2 ../lib/libsys.a(call.o)
                0x000000000000055c                errno
 COMMON         0x000000000000055e       0x18 ../lib/libsys.a(message.o)
                0x000000000000055e                M
                0x0000000000000576                . = ALIGN (0x2)
                0x0000000000000576                _endbss = .

/DISCARD/
 *(.comment)
                0x0000000000000001                ASSERT ((. <= 0xdff8), Error: too large for a .out file.)
LOAD ../lib/crtso.o
LOAD umount.o
LOAD ../lib/libsys.a
OUTPUT(umount.out binary)
