
Discarded input sections

 .comment       0x0000000000000000       0x12 fsck.o

Memory Configuration

Name             Origin             Length             Attributes
*default*        0x0000000000000000 0xffffffffffffffff

Linker script and memory map


.hdr            0x0000000000000000       0x20
                0x0000000000000000        0x4 LONG 0x4200301
                0x0000000000000004        0x4 LONG 0x20
                0x0000000000000008        0x4 LONG 0x3c0 SIZEOF (.text)
                0x000000000000000c        0x4 LONG 0x17a SIZEOF (.data)
                0x0000000000000010        0x4 LONG 0x800 SIZEOF (.bss)
                0x0000000000000014        0x4 LONG 0x0 start
                0x0000000000000018        0x4 LONG 0xd3a ((SIZEOF (.text) + SIZEOF (.data)) + SIZEOF (.bss))
                0x000000000000001c        0x4 LONG 0x0
                0x0000000000000020                _begintext = ALIGN (0x20)

.text           0x0000000000000000      0x3c0 load address 0x0000000000000020
 *(.text)
 .text          0x0000000000000000       0xa5 fsck1.o
                0x0000000000000000                start
                0x000000000000002a                bios_putc
                0x0000000000000042                bios_getc
                0x0000000000000047                fmemcpyb
                0x0000000000000066                fmemsetb
                0x000000000000007d                fmemcmpb
 .text          0x00000000000000a5      0x30d fsck.o
                0x00000000000000a5                kputc
                0x00000000000000c9                kputs
                0x00000000000000eb                kgetc
                0x0000000000000112                printnum
                0x00000000000001c1                do_printk
                0x0000000000000366                printk
                0x000000000000037a                main
                0x00000000000003c0                . = ALIGN (0x10)
 *fill*         0x00000000000003b2        0xe 
                0x00000000000003e0                _begindata = (_begintext + .)

.data           0x0000000000000000      0x17a load address 0x00000000000003e0
 *(.begdata)
 .begdata       0x0000000000000000       0x10 fsck1.o
                0x0000000000000000                data_org
 *(.data)
 .data          0x0000000000000010        0x2 fsck1.o
                0x0000000000000010                brksize
 .data          0x0000000000000012        0x0 fsck.o
 *(.rodata*)
 .rodata.str1.1
                0x0000000000000012       0x74 fsck.o
 *fill*         0x0000000000000086        0x2 
 .rodata        0x0000000000000088       0xf2 fsck.o
                0x000000000000017a                _begbss = .

.bss            0x000000000000017a      0x800 load address 0x000000000000055a
 *(.bss)
 .bss           0x000000000000017a      0x800 fsck1.o
                0x000000000000017a                fsck_stack
 .bss           0x000000000000097a        0x0 fsck.o
 *(COMMON)
                0x000000000000097a                _endbss = .

/DISCARD/
 *(.comment)
LOAD fsck1.o
LOAD fsck.o
LOAD ../lib/libsys.a
OUTPUT(fsck.sep binary)
