
Discarded input sections

 .comment       0x0000000000000000       0x12 fsck.o

Memory Configuration

Name             Origin             Length             Attributes
*default*        0x0000000000000000 0xffffffffffffffff

Linker script and memory map


.hdr            0x0000000000000000       0x20
                0x0000000000000000        0x4 LONG 0x4100301
                0x0000000000000004        0x4 LONG 0x20
                0x0000000000000008        0x4 LONG 0x3b2 (_begdata - _begtext)
                0x000000000000000c        0x4 LONG 0x178 (_begbss - _begdata)
                0x0000000000000010        0x4 LONG 0x800 (_endbss - _begbss)
                0x0000000000000014        0x4 LONG 0x0 start
                0x0000000000000018        0x4 LONG 0xd2a (_endbss - _begtext)
                0x000000000000001c        0x4 LONG 0x0
                0x0000000000000020                _begintext = ALIGN (0x20)

.text           0x0000000000000000      0x52a load address 0x0000000000000020
                0x0000000000000000                _begtext = .
 *(.text)
 .text          0x0000000000000000       0xa5 fsck1.o
                0x0000000000000000                start
                0x000000000000002a                bios_putc
                0x0000000000000042                bios_getc
                0x0000000000000047                fmemcpyb
                0x0000000000000066                fmemsetb
                0x000000000000007d                fmemcmpb
 .text          0x00000000000000a5      0x30d fsck.o
                0x00000000000000a5                kputc
                0x00000000000000c9                kputs
                0x00000000000000eb                kgetc
                0x0000000000000112                printnum
                0x00000000000001c1                do_printk
                0x0000000000000366                printk
                0x000000000000037a                main
                0x00000000000003b2                _begdata = .
 *(.begdata)
 .begdata       0x00000000000003b2       0x10 fsck1.o
                0x00000000000003b2                data_org
 *(.data)
 .data          0x00000000000003c2        0x2 fsck1.o
                0x00000000000003c2                brksize
 .data          0x00000000000003c4        0x0 fsck.o
 *(.rodata*)
 .rodata.str1.1
                0x00000000000003c4       0x74 fsck.o
 .rodata        0x0000000000000438       0xf2 fsck.o
                0x000000000000052a                _begbss = .

.bss            0x000000000000052a      0x800 load address 0x000000000000054a
 *(.bss)
 .bss           0x000000000000052a      0x800 fsck1.o
                0x000000000000052a                fsck_stack
 .bss           0x0000000000000d2a        0x0 fsck.o
 *(COMMON)
                0x0000000000000d2a                _endbss = .

/DISCARD/
 *(.comment)
LOAD fsck1.o
LOAD fsck.o
LOAD ../lib/libsys.a
OUTPUT(fsck.out binary)
